### clippy
    Blocking waiting for file lock on build directory
    Checking commonware-utils v2026.5.0
    Checking commonware-parallel v2026.5.0
    Checking index-guest v0.1.0 (/home/eddy/dev/ducktape/ducktape/.worktree/delete-vaults/crates/kernel/index-guest)
    Checking object v0.39.1
    Checking cranelift-codegen v0.133.1
    Checking wit-parser v0.251.0
    Checking commonware-math v2026.5.0
    Checking commonware-cryptography v2026.5.0
    Checking tagging v0.1.0 (/home/eddy/dev/ducktape/ducktape/.worktree/delete-vaults/crates/modules/system/tagging)
    Checking chat v0.1.0 (/home/eddy/dev/ducktape/ducktape/.worktree/delete-vaults/crates/modules/apps/chat)
    Checking valset v0.1.0 (/home/eddy/dev/ducktape/ducktape/.worktree/delete-vaults/crates/modules/system/valset)
    Checking wasmtime-environ v46.0.1
    Checking capability v0.1.0 (/home/eddy/dev/ducktape/ducktape/.worktree/delete-vaults/crates/modules/system/capability)
    Checking keyscheme v0.1.0 (/home/eddy/dev/ducktape/ducktape/.worktree/delete-vaults/crates/kernel/keyscheme)
    Checking saga v0.1.0 (/home/eddy/dev/ducktape/ducktape/.worktree/delete-vaults/crates/modules/system/saga)
    Checking identity v0.1.0 (/home/eddy/dev/ducktape/ducktape/.worktree/delete-vaults/crates/modules/system/identity)
    Checking wasmtime-internal-jit-debug v46.0.1
    Checking commonware-runtime v2026.5.0
    Checking dispatch v0.1.0 (/home/eddy/dev/ducktape/ducktape/.worktree/delete-vaults/crates/modules/system/dispatch)
    Checking lifecycle v0.1.0 (/home/eddy/dev/ducktape/ducktape/.worktree/delete-vaults/crates/modules/system/lifecycle)
    Checking duckfs-core v0.1.0 (/home/eddy/dev/ducktape/ducktape/.worktree/delete-vaults/crates/duckfs/core)
    Checking acl v0.1.0 (/home/eddy/dev/ducktape/ducktape/.worktree/delete-vaults/crates/modules/system/acl)
    Checking commonware-actor v2026.5.0
    Checking duckfs-disk v0.1.0 (/home/eddy/dev/ducktape/ducktape/.worktree/delete-vaults/crates/duckfs/disk)
    Checking commonware-stream v2026.5.0
    Checking tasks v0.1.0 (/home/eddy/dev/ducktape/ducktape/.worktree/delete-vaults/crates/modules/apps/tasks)
    Checking commonware-p2p v2026.5.0
    Checking host v0.1.0 (/home/eddy/dev/ducktape/ducktape/.worktree/delete-vaults/crates/kernel/host)
    Checking commonware-storage v2026.5.0
    Checking wasmtime-internal-fiber v46.0.1
    Checking wasmtime-internal-cache v46.0.1
    Checking agent v0.1.0 (/home/eddy/dev/ducktape/ducktape/.worktree/delete-vaults/crates/modules/apps/agent)
    Checking pages v0.1.0 (/home/eddy/dev/ducktape/ducktape/.worktree/delete-vaults/crates/modules/apps/pages)
    Checking inbox v0.1.0 (/home/eddy/dev/ducktape/ducktape/.worktree/delete-vaults/crates/modules/apps/inbox)
    Checking directory v0.1.0 (/home/eddy/dev/ducktape/ducktape/.worktree/delete-vaults/crates/examples/directory)
    Checking kv v0.1.0 (/home/eddy/dev/ducktape/ducktape/.worktree/delete-vaults/crates/modules/system/kv)
    Checking data-plane v0.1.0 (/home/eddy/dev/ducktape/ducktape/.worktree/delete-vaults/crates/networking/data-plane)
    Checking duckdns v0.1.0 (/home/eddy/dev/ducktape/ducktape/.worktree/delete-vaults/crates/duckdns)
    Checking blobstore v0.1.0 (/home/eddy/dev/ducktape/ducktape/.worktree/delete-vaults/crates/kernel/blobstore)
    Checking gateway v0.1.0 (/home/eddy/dev/ducktape/ducktape/.worktree/delete-vaults/crates/modules/system/gateway)
    Checking greeter v0.1.0 (/home/eddy/dev/ducktape/ducktape/.worktree/delete-vaults/crates/examples/greeter)
    Checking automations v0.1.0 (/home/eddy/dev/ducktape/ducktape/.worktree/delete-vaults/crates/modules/apps/automations)
    Checking governance v0.1.0 (/home/eddy/dev/ducktape/ducktape/.worktree/delete-vaults/crates/modules/system/governance)
    Checking wasmtime-internal-unwinder v46.0.1
    Checking cranelift-frontend v0.133.1
    Checking cranelift-native v0.133.1
    Checking wasmtime-internal-cranelift v46.0.1
    Checking wasmtime v46.0.1
    Checking statesync v0.1.0 (/home/eddy/dev/ducktape/ducktape/.worktree/delete-vaults/crates/kernel/statesync)
    Checking wasm-host v0.1.0 (/home/eddy/dev/ducktape/ducktape/.worktree/delete-vaults/crates/kernel/wasm-host)
    Checking files v0.1.0 (/home/eddy/dev/ducktape/ducktape/.worktree/delete-vaults/crates/modules/apps/files)
    Checking forge v0.1.0 (/home/eddy/dev/ducktape/ducktape/.worktree/delete-vaults/crates/modules/apps/forge)
    Checking runs v0.1.0 (/home/eddy/dev/ducktape/ducktape/.worktree/delete-vaults/crates/modules/apps/runs)
    Finished `dev` profile [unoptimized + debuginfo] target(s) in 2m 08s
CLIPPY_EXIT=0
### test
    Blocking waiting for file lock on build directory
   Compiling index-guest v0.1.0 (/home/eddy/dev/ducktape/ducktape/.worktree/delete-vaults/crates/kernel/index-guest)
   Compiling valset v0.1.0 (/home/eddy/dev/ducktape/ducktape/.worktree/delete-vaults/crates/modules/system/valset)
   Compiling keyscheme v0.1.0 (/home/eddy/dev/ducktape/ducktape/.worktree/delete-vaults/crates/kernel/keyscheme)
   Compiling tagging v0.1.0 (/home/eddy/dev/ducktape/ducktape/.worktree/delete-vaults/crates/modules/system/tagging)
   Compiling capability v0.1.0 (/home/eddy/dev/ducktape/ducktape/.worktree/delete-vaults/crates/modules/system/capability)
   Compiling identity v0.1.0 (/home/eddy/dev/ducktape/ducktape/.worktree/delete-vaults/crates/modules/system/identity)
   Compiling wasm-host v0.1.0 (/home/eddy/dev/ducktape/ducktape/.worktree/delete-vaults/crates/kernel/wasm-host)
   Compiling lifecycle v0.1.0 (/home/eddy/dev/ducktape/ducktape/.worktree/delete-vaults/crates/modules/system/lifecycle)
   Compiling saga v0.1.0 (/home/eddy/dev/ducktape/ducktape/.worktree/delete-vaults/crates/modules/system/saga)
   Compiling chat v0.1.0 (/home/eddy/dev/ducktape/ducktape/.worktree/delete-vaults/crates/modules/apps/chat)
   Compiling duckfs-core v0.1.0 (/home/eddy/dev/ducktape/ducktape/.worktree/delete-vaults/crates/duckfs/core)
   Compiling dispatch v0.1.0 (/home/eddy/dev/ducktape/ducktape/.worktree/delete-vaults/crates/modules/system/dispatch)
   Compiling acl v0.1.0 (/home/eddy/dev/ducktape/ducktape/.worktree/delete-vaults/crates/modules/system/acl)
   Compiling duckfs-disk v0.1.0 (/home/eddy/dev/ducktape/ducktape/.worktree/delete-vaults/crates/duckfs/disk)
   Compiling tasks v0.1.0 (/home/eddy/dev/ducktape/ducktape/.worktree/delete-vaults/crates/modules/apps/tasks)
   Compiling files v0.1.0 (/home/eddy/dev/ducktape/ducktape/.worktree/delete-vaults/crates/modules/apps/files)
   Compiling host v0.1.0 (/home/eddy/dev/ducktape/ducktape/.worktree/delete-vaults/crates/kernel/host)
   Compiling agent v0.1.0 (/home/eddy/dev/ducktape/ducktape/.worktree/delete-vaults/crates/modules/apps/agent)
   Compiling pages v0.1.0 (/home/eddy/dev/ducktape/ducktape/.worktree/delete-vaults/crates/modules/apps/pages)
   Compiling inbox v0.1.0 (/home/eddy/dev/ducktape/ducktape/.worktree/delete-vaults/crates/modules/apps/inbox)
   Compiling directory v0.1.0 (/home/eddy/dev/ducktape/ducktape/.worktree/delete-vaults/crates/examples/directory)
   Compiling kv v0.1.0 (/home/eddy/dev/ducktape/ducktape/.worktree/delete-vaults/crates/modules/system/kv)
   Compiling data-plane v0.1.0 (/home/eddy/dev/ducktape/ducktape/.worktree/delete-vaults/crates/networking/data-plane)
   Compiling duckdns v0.1.0 (/home/eddy/dev/ducktape/ducktape/.worktree/delete-vaults/crates/duckdns)
   Compiling blobstore v0.1.0 (/home/eddy/dev/ducktape/ducktape/.worktree/delete-vaults/crates/kernel/blobstore)
   Compiling statesync v0.1.0 (/home/eddy/dev/ducktape/ducktape/.worktree/delete-vaults/crates/kernel/statesync)
   Compiling forge v0.1.0 (/home/eddy/dev/ducktape/ducktape/.worktree/delete-vaults/crates/modules/apps/forge)
   Compiling gateway v0.1.0 (/home/eddy/dev/ducktape/ducktape/.worktree/delete-vaults/crates/modules/system/gateway)
   Compiling runs v0.1.0 (/home/eddy/dev/ducktape/ducktape/.worktree/delete-vaults/crates/modules/apps/runs)
   Compiling greeter v0.1.0 (/home/eddy/dev/ducktape/ducktape/.worktree/delete-vaults/crates/examples/greeter)
   Compiling automations v0.1.0 (/home/eddy/dev/ducktape/ducktape/.worktree/delete-vaults/crates/modules/apps/automations)
   Compiling governance v0.1.0 (/home/eddy/dev/ducktape/ducktape/.worktree/delete-vaults/crates/modules/system/governance)
    Finished `test` profile [unoptimized + debuginfo] target(s) in 4m 12s
     Running unittests src/lib.rs (/home/eddy/dev/ducktape/ducktape/target/debug/deps/host-7b4052f3917df6a6)

running 0 tests

test result: ok. 0 passed; 0 failed; 0 ignored; 0 measured; 4 filtered out; finished in 0.00s

     Running tests/atomicity.rs (/home/eddy/dev/ducktape/ducktape/target/debug/deps/atomicity-1de4e69aa0cf6da7)

running 0 tests

test result: ok. 0 passed; 0 failed; 0 ignored; 0 measured; 5 filtered out; finished in 0.00s

     Running tests/boundary_faults.rs (/home/eddy/dev/ducktape/ducktape/target/debug/deps/boundary_faults-cb68e9242dacc2c1)

running 0 tests

test result: ok. 0 passed; 0 failed; 0 ignored; 0 measured; 4 filtered out; finished in 0.00s

     Running tests/cross_module.rs (/home/eddy/dev/ducktape/ducktape/target/debug/deps/cross_module-58574cc2df7b11bf)

running 1 test
test greeter_composes_with_a_wasm_directory ... ok

test result: ok. 1 passed; 0 failed; 0 ignored; 0 measured; 3 filtered out; finished in 0.06s

     Running tests/dispatch_delivery.rs (/home/eddy/dev/ducktape/ducktape/target/debug/deps/dispatch_delivery-eb360bfa3202c66d)

running 0 tests

test result: ok. 0 passed; 0 failed; 0 ignored; 0 measured; 1 filtered out; finished in 0.00s

     Running tests/end_to_end.rs (/home/eddy/dev/ducktape/ducktape/target/debug/deps/end_to_end-056698de02b3cc26)

running 0 tests

test result: ok. 0 passed; 0 failed; 0 ignored; 0 measured; 5 filtered out; finished in 0.00s

     Running tests/finalized_snapshot.rs (/home/eddy/dev/ducktape/ducktape/target/debug/deps/finalized_snapshot-26eb21e1c6e073d0)

running 0 tests

test result: ok. 0 passed; 0 failed; 0 ignored; 0 measured; 4 filtered out; finished in 0.00s

     Running tests/global_root.rs (/home/eddy/dev/ducktape/ducktape/target/debug/deps/global_root-aa0b022ec5587d78)

running 0 tests

test result: ok. 0 passed; 0 failed; 0 ignored; 0 measured; 4 filtered out; finished in 0.00s

     Running tests/module_register.rs (/home/eddy/dev/ducktape/ducktape/target/debug/deps/module_register-aa88bc106d21b8fb)

running 0 tests

test result: ok. 0 passed; 0 failed; 0 ignored; 0 measured; 5 filtered out; finished in 0.00s

     Running tests/module_swap.rs (/home/eddy/dev/ducktape/ducktape/target/debug/deps/module_swap-0f158a9e8fd9b4dc)

running 0 tests

test result: ok. 0 passed; 0 failed; 0 ignored; 0 measured; 7 filtered out; finished in 0.00s

     Running tests/submit_block.rs (/home/eddy/dev/ducktape/ducktape/target/debug/deps/submit_block-e8c3e8f8a984aaca)

running 0 tests

test result: ok. 0 passed; 0 failed; 0 ignored; 0 measured; 4 filtered out; finished in 0.00s

     Running tests/wasm_acl_parity.rs (/home/eddy/dev/ducktape/ducktape/target/debug/deps/wasm_acl_parity-d011149d00fe7be1)

running 0 tests

test result: ok. 0 passed; 0 failed; 0 ignored; 0 measured; 3 filtered out; finished in 0.00s

     Running tests/wasm_agent_parity.rs (/home/eddy/dev/ducktape/ducktape/target/debug/deps/wasm_agent_parity-6d914fc452a9925f)

running 0 tests

test result: ok. 0 passed; 0 failed; 0 ignored; 0 measured; 4 filtered out; finished in 0.00s

     Running tests/wasm_automations_parity.rs (/home/eddy/dev/ducktape/ducktape/target/debug/deps/wasm_automations_parity-ab48991f493cde19)

running 0 tests

test result: ok. 0 passed; 0 failed; 0 ignored; 0 measured; 3 filtered out; finished in 0.00s

     Running tests/wasm_capability_parity.rs (/home/eddy/dev/ducktape/ducktape/target/debug/deps/wasm_capability_parity-98c6742cebe22210)

running 0 tests

test result: ok. 0 passed; 0 failed; 0 ignored; 0 measured; 6 filtered out; finished in 0.00s

     Running tests/wasm_chat_parity.rs (/home/eddy/dev/ducktape/ducktape/target/debug/deps/wasm_chat_parity-057eb21e1c2ecec5)

running 0 tests

test result: ok. 0 passed; 0 failed; 0 ignored; 0 measured; 4 filtered out; finished in 0.00s

     Running tests/wasm_cutover_parity.rs (/home/eddy/dev/ducktape/ducktape/target/debug/deps/wasm_cutover_parity-03ce2b1e4c78c80b)

running 0 tests

test result: ok. 0 passed; 0 failed; 0 ignored; 0 measured; 2 filtered out; finished in 0.00s

     Running tests/wasm_dispatch_parity.rs (/home/eddy/dev/ducktape/ducktape/target/debug/deps/wasm_dispatch_parity-8b61766a18e4ec3f)

running 0 tests

test result: ok. 0 passed; 0 failed; 0 ignored; 0 measured; 5 filtered out; finished in 0.00s

     Running tests/wasm_files_parity.rs (/home/eddy/dev/ducktape/ducktape/target/debug/deps/wasm_files_parity-f4e701769bc7c77b)

running 0 tests

test result: ok. 0 passed; 0 failed; 0 ignored; 0 measured; 9 filtered out; finished in 0.00s

     Running tests/wasm_forge_parity.rs (/home/eddy/dev/ducktape/ducktape/target/debug/deps/wasm_forge_parity-143abac8a8e92973)

running 1 test
test a_wasm_tenant_without_the_pack_reaches_the_same_root_then_catches_up ... ok

test result: ok. 1 passed; 0 failed; 0 ignored; 0 measured; 1 filtered out; finished in 0.36s

     Running tests/wasm_gateway_parity.rs (/home/eddy/dev/ducktape/ducktape/target/debug/deps/wasm_gateway_parity-d413eaad99793532)

running 0 tests

test result: ok. 0 passed; 0 failed; 0 ignored; 0 measured; 5 filtered out; finished in 0.00s

     Running tests/wasm_governance_parity.rs (/home/eddy/dev/ducktape/ducktape/target/debug/deps/wasm_governance_parity-51f00bf77ac7f08c)

running 0 tests

test result: ok. 0 passed; 0 failed; 0 ignored; 0 measured; 5 filtered out; finished in 0.00s

     Running tests/wasm_identity_parity.rs (/home/eddy/dev/ducktape/ducktape/target/debug/deps/wasm_identity_parity-322bc6489fbab05b)

running 0 tests

test result: ok. 0 passed; 0 failed; 0 ignored; 0 measured; 4 filtered out; finished in 0.00s

     Running tests/wasm_inbox_parity.rs (/home/eddy/dev/ducktape/ducktape/target/debug/deps/wasm_inbox_parity-74a6990ad28f6c13)

running 0 tests

test result: ok. 0 passed; 0 failed; 0 ignored; 0 measured; 3 filtered out; finished in 0.00s

     Running tests/wasm_kv_parity.rs (/home/eddy/dev/ducktape/ducktape/target/debug/deps/wasm_kv_parity-585767c528be7c38)

running 0 tests

test result: ok. 0 passed; 0 failed; 0 ignored; 0 measured; 2 filtered out; finished in 0.00s

     Running tests/wasm_pages_parity.rs (/home/eddy/dev/ducktape/ducktape/target/debug/deps/wasm_pages_parity-ccf665a4b5c2a72f)

running 0 tests

test result: ok. 0 passed; 0 failed; 0 ignored; 0 measured; 4 filtered out; finished in 0.00s

     Running tests/wasm_runs_parity.rs (/home/eddy/dev/ducktape/ducktape/target/debug/deps/wasm_runs_parity-95d80dc063be6567)

running 1 test
test multi_compose_exhaustion_degrades_before_the_real_wasm_host_budget ... ok

test result: ok. 1 passed; 0 failed; 0 ignored; 0 measured; 5 filtered out; finished in 0.84s

     Running tests/wasm_saga_parity.rs (/home/eddy/dev/ducktape/ducktape/target/debug/deps/wasm_saga_parity-d29195c420f05847)

running 0 tests

test result: ok. 0 passed; 0 failed; 0 ignored; 0 measured; 5 filtered out; finished in 0.00s

     Running tests/wasm_tagging_parity.rs (/home/eddy/dev/ducktape/ducktape/target/debug/deps/wasm_tagging_parity-28cd189b3ea3e20b)

running 0 tests

test result: ok. 0 passed; 0 failed; 0 ignored; 0 measured; 3 filtered out; finished in 0.00s

     Running tests/wasm_tasks_parity.rs (/home/eddy/dev/ducktape/ducktape/target/debug/deps/wasm_tasks_parity-6acedfd85ba15e27)

running 0 tests

test result: ok. 0 passed; 0 failed; 0 ignored; 0 measured; 4 filtered out; finished in 0.00s

     Running tests/worker_loop.rs (/home/eddy/dev/ducktape/ducktape/target/debug/deps/worker_loop-8e3e8d6a97fb5e1e)

running 0 tests

test result: ok. 0 passed; 0 failed; 0 ignored; 0 measured; 3 filtered out; finished in 0.00s

TEST_EXIT=0
### labs
cargo check --manifest-path crates/labs/Cargo.toml
    Updating crates.io index
    Blocking waiting for file lock on package cache
     Locking 8 packages to latest Rust 1.96.1 compatible versions
      Adding acl v0.1.0 (/home/eddy/dev/ducktape/ducktape/.worktree/delete-vaults/crates/modules/system/acl)
      Adding ed25519 v2.2.3
      Adding ed25519-dalek v2.2.0
      Adding identity v0.1.0 (/home/eddy/dev/ducktape/ducktape/.worktree/delete-vaults/crates/modules/system/identity)
      Adding keccak v0.1.6
      Adding keyscheme v0.1.0 (/home/eddy/dev/ducktape/ducktape/.worktree/delete-vaults/crates/kernel/keyscheme)
      Adding pem-rfc7468 v0.7.0
      Adding sha3 v0.10.9
    Blocking waiting for file lock on package cache
    Blocking waiting for file lock on package cache
 Downloading crates ...
  Downloaded alloy-serde v2.2.0
  Downloaded alloy-eips v2.2.0
  Downloaded syn v3.0.2
   Compiling proc-macro2 v1.0.106
   Compiling quote v1.0.46
   Compiling unicode-ident v1.0.24
   Compiling libc v0.2.186
   Compiling version_check v0.9.5
    Checking typenum v1.20.1
   Compiling autocfg v1.5.1
   Compiling paste v1.0.15
   Compiling zerocopy v0.8.52
    Checking foldhash v0.2.0
   Compiling unicode-segmentation v1.13.3
   Compiling thiserror v2.0.18
   Compiling unicode-xid v0.2.6
   Compiling ruint-macro v1.2.1
    Checking const-hex v1.19.1
    Checking keccak v0.2.0
   Compiling winnow v1.0.3
   Compiling equivalent v1.0.2
   Compiling shlex v2.0.1
   Compiling hashbrown v0.17.1
   Compiling find-msvc-tools v0.1.9
   Compiling serde_core v1.0.228
   Compiling radium v0.7.0
   Compiling toml_datetime v1.1.1+spec-1.1.0
    Checking tap v1.0.1
    Checking funty v2.0.0
    Checking nonmax v0.5.5
   Compiling winnow v0.7.15
    Checking wyz v0.5.1
   Compiling commonware-macros-impl v2026.5.0
   Compiling crossbeam-utils v0.8.21
   Compiling generic-array v0.14.7
   Compiling ahash v0.8.12
   Compiling convert_case v0.10.0
   Compiling toml_writer v1.1.1+spec-1.1.0
   Compiling rayon-core v1.13.0
   Compiling fs_extra v1.3.0
   Compiling semver v1.0.28
   Compiling num-traits v0.2.19
   Compiling parking_lot_core v0.9.12
   Compiling dunce v1.0.5
   Compiling pkg-config v0.3.33
    Checking bitvec v1.1.1
   Compiling zmij v1.0.21
   Compiling serde v1.0.228
   Compiling indexmap v2.14.0
   Compiling rustc_version v0.4.1
    Checking hybrid-array v0.4.13
    Checking hex v0.4.3
   Compiling cfg_aliases v0.2.1
   Compiling serde_json v1.0.150
    Checking hashbrown v0.16.1
   Compiling borsh v1.7.0
   Compiling once_cell v1.21.4
   Compiling aws-lc-rs v1.17.1
   Compiling syn v2.0.118
   Compiling curve25519-dalek v4.1.3
    Checking spin v0.10.0
    Checking crossbeam-epoch v0.9.18
   Compiling toml_parser v1.1.2+spec-1.1.0
    Checking getrandom v0.2.17
    Checking num_cpus v1.17.0
   Compiling jobserver v0.1.34
    Checking block-buffer v0.12.1
    Checking crypto-common v0.2.2
    Checking crossbeam-deque v0.8.6
    Checking rand_core v0.6.4
    Checking threadpool v1.8.1
    Checking parking_lot v0.12.5
    Checking num-integer v0.1.46
    Checking num-complex v0.4.6
   Compiling cc v1.2.65
    Checking ff v0.13.1
   Compiling toml_edit v0.25.12+spec-1.1.0
    Checking group v0.13.0
    Checking num-bigint v0.4.6
    Checking num-iter v0.1.46
    Checking rayon v1.12.0
    Checking digest v0.11.3
    Checking sha3 v0.11.0
   Compiling proc-macro-crate v3.5.0
   Compiling cmake v0.1.58
   Compiling blst v0.3.16
   Compiling blake3 v1.8.5
   Compiling serde_spanned v1.1.1
   Compiling toml_datetime v0.7.5+spec-1.1.0
    Checking num-rational v0.4.2
   Compiling aws-lc-sys v0.42.0
   Compiling toml v0.9.12+spec-1.1.0
    Checking num v0.4.3
    Checking aurora-engine-modexp v1.2.0
    Checking ppv-lite86 v0.2.21
    Checking rand_chacha v0.3.1
    Checking rand v0.8.6
    Checking ark-std v0.5.0
   Compiling zeroize_derive v1.5.0
   Compiling thiserror-impl v2.0.18
   Compiling alloy-rlp-derive v0.3.16
   Compiling derive_more-impl v2.1.1
   Compiling enum-ordinalize-derive v4.4.1
   Compiling ark-serialize-derive v0.5.0
   Compiling ark-ff-asm v0.5.0
   Compiling ark-ff-macros v0.5.0
   Compiling tokio-macros v2.7.0
   Compiling auto_impl v1.3.0
   Compiling futures-macro v0.3.32
   Compiling tracing-attributes v0.1.31
   Compiling serde_derive v1.0.228
   Compiling pin-project-internal v1.1.13
   Compiling derive-where v1.6.1
   Compiling curve25519-dalek-derive v0.1.1
   Compiling async-trait v0.1.89
   Compiling borsh-derive v1.7.0
    Checking zeroize v1.9.0
   Compiling enum-ordinalize v4.4.1
    Checking tokio v1.52.3
    Checking alloy-rlp v0.3.16
   Compiling educe v0.6.0
    Checking der v0.7.10
    Checking arrayvec v0.7.7
    Checking futures-util v0.3.32
    Checking ruint v1.19.0
    Checking pin-project v1.1.13
    Checking tracing v0.1.44
    Checking crypto-common v0.1.7
    Checking block-buffer v0.10.4
    Checking crypto-bigint v0.5.5
    Checking digest v0.10.7
    Checking commonware-macros v2026.5.0
    Checking spki v0.7.3
    Checking sec1 v0.7.3
    Checking hmac v0.12.1
    Checking sha2 v0.10.9
    Checking signature v2.2.0
    Checking ark-serialize v0.5.0
    Checking commonware-formatting v2026.5.0
    Checking commonware-codec v2026.5.0
    Checking ripemd v0.1.3
    Checking commonware-parallel v2026.5.0
    Checking crc-fast v1.10.0
    Checking rfc6979 v0.4.0
    Checking pkcs8 v0.10.2
    Checking elliptic-curve v0.13.8
    Checking x25519-dalek v2.0.1
    Checking ecdsa v0.16.9
    Checking primeorder v0.13.6
    Checking ark-ff v0.5.0
    Checking derive_more v2.1.1
    Checking k256 v0.13.4
    Checking p256 v0.13.2
    Checking sdk v0.1.0 (/home/eddy/dev/ducktape/ducktape/.worktree/delete-vaults/crates/kernel/sdk)
    Checking index-guest v0.1.0 (/home/eddy/dev/ducktape/ducktape/.worktree/delete-vaults/crates/kernel/index-guest)
    Checking futures-executor v0.3.32
    Checking futures v0.3.32
    Checking alloy-primitives v1.6.1
    Checking kv v0.1.0 (/home/eddy/dev/ducktape/ducktape/.worktree/delete-vaults/crates/modules/system/kv)
    Checking commonware-utils v2026.5.0
    Checking revm-primitives v41.0.0
    Checking alloy-eip7928 v0.4.5
    Checking alloy-eip2930 v0.2.3
    Checking alloy-eip7702 v0.6.3
    Checking revm-bytecode v41.0.0
    Checking commonware-math v2026.5.0
    Checking revm-state v41.0.0
    Checking revm-database-interface v41.0.0
    Checking revm-context-interface v41.0.0
    Checking revm-database v41.0.0
    Checking revm-interpreter v41.0.0
    Checking revm-context v41.0.0
    Checking ark-poly v0.5.0
    Checking ark-relations v0.5.1
    Checking ark-ec v0.5.0
    Checking ark-bls12-381 v0.5.0
    Checking ark-bn254 v0.5.0
    Checking ark-r1cs-std v0.5.0
    Checking revm-precompile v41.0.0
    Checking revm-handler v41.0.0
    Checking revm-inspector v41.0.0
    Checking revm v41.0.0
    Checking ark-ed-on-bls12-381-bandersnatch v0.5.0
    Checking commonware-cryptography v2026.5.0
    Checking valset v0.1.0 (/home/eddy/dev/ducktape/ducktape/.worktree/delete-vaults/crates/modules/system/valset)
    Checking labs v0.1.0 (/home/eddy/dev/ducktape/ducktape/.worktree/delete-vaults/crates/labs)
    Finished `dev` profile [unoptimized + debuginfo] target(s) in 24.40s
LABS_EXIT=0
ALL_DONE
