### full host tests
     Running tests/wasm_saga_parity.rs (/home/eddy/dev/ducktape/ducktape/target/debug/deps/wasm_saga_parity-d29195c420f05847)

running 5 tests
test multi_dispatch_block_reads_prior_writes_and_isolates_rejections ... ok
test crank_times_out_and_expires_leases_in_lockstep ... ok
test a_block_that_crosses_the_retention_cap_evicts_identically_on_both_runtimes ... ok
test rejections_match_and_leave_no_trace ... ok
test same_ops_same_events_same_replies_roots_in_lockstep ... ok

test result: ok. 5 passed; 0 failed; 0 ignored; 0 measured; 0 filtered out; finished in 2.26s

     Running tests/wasm_tagging_parity.rs (/home/eddy/dev/ducktape/ducktape/target/debug/deps/wasm_tagging_parity-28cd189b3ea3e20b)

running 3 tests
test multi_dispatch_block_reads_prior_writes_and_isolates_rejections ... ok
test rejections_match_and_leave_no_trace ... ok
test same_ops_same_routing_roots_in_lockstep_schema_break_pinned ... ok

test result: ok. 3 passed; 0 failed; 0 ignored; 0 measured; 0 filtered out; finished in 0.24s

     Running tests/wasm_tasks_parity.rs (/home/eddy/dev/ducktape/ducktape/target/debug/deps/wasm_tasks_parity-6acedfd85ba15e27)

running 4 tests
test sync_handle_matches_native ... ok
test multi_dispatch_block_reads_prior_writes_and_isolates_rejections ... ok
test rejections_match_and_leave_no_trace ... ok
test same_ops_same_replies_and_roots_stay_continuous ... ok

test result: ok. 4 passed; 0 failed; 0 ignored; 0 measured; 0 filtered out; finished in 0.45s

     Running tests/worker_loop.rs (/home/eddy/dev/ducktape/ducktape/target/debug/deps/worker_loop-8e3e8d6a97fb5e1e)

running 3 tests
test the_worker_is_load_bearing ... ok
test a_trigger_drives_a_saga_to_done_via_the_mock_oracle ... ok
test a_flaky_worker_retries_through_the_loop_and_settles_done ... ok

test result: ok. 3 passed; 0 failed; 0 ignored; 0 measured; 0 filtered out; finished in 0.00s

   Doc-tests host

running 0 tests

test result: ok. 0 passed; 0 failed; 0 ignored; 0 measured; 0 filtered out; finished in 0.00s

HOST_ALL=0
### wasm-modules-check
cmp crates/guests/hello-wasm/component.wasm \
  crates/kernel/wasm-host/tests/fixtures/hello.component.wasm
cmp crates/guests/hello-wasm/component.wasm \
  crates/kernel/host/tests/fixtures/hello.component.wasm
wasm module artifacts are mutually consistent
WMC=0
ALL_DONE2
