chain net#swap
n1 = seed 10 id 0632c75d wg 8.8.8.10:51820
n2 = seed 20 id 6f94ba26 wg 8.8.8.20:51820
n3 = seed 30 id 15f56b3f wg 8.8.8.30:51820
@1000   n1 ** start
@1000   n1 <- Retarget(ep=1 members=[n1,n2,n3] standbys=[] view=1 persisted=no)
        n1 -> MeshSend(to=n2 Record(n1#1000 ep=1))
           -- dropped: n2 is down
        n1 -> MeshSend(to=n3 Record(n1#1000 ep=1))
           -- dropped: n3 is down
@1000   n2 ** start
@1000   n2 <- Retarget(ep=1 members=[n1,n2,n3] standbys=[] view=1 persisted=no)
        n2 -> MeshSend(to=n1 Record(n2#1000 ep=1))
        n2 -> MeshSend(to=n3 Record(n2#1000 ep=1))
           -- dropped: n3 is down
@1000   n3 ** start
@1000   n3 <- Retarget(ep=1 members=[n1,n2,n3] standbys=[] view=1 persisted=no)
        n3 -> MeshSend(to=n1 Record(n3#1000 ep=1))
        n3 -> MeshSend(to=n2 Record(n3#1000 ep=1))
@1010   n1 <- Deliver(from=n2 Record(n2#1000 ep=1))
        n1 -> MeshSend(to=n2 Record(n1#1000 ep=1))
        n1 -> Observe(ControlEndpointObserved n2 8.8.8.20:443)
        n1 -> MeshSend(to=n3 Record(n2#1000 ep=1))
@1010   n1 <- Deliver(from=n3 Record(n3#1000 ep=1))
        n1 -> MeshSend(to=n3 Record(n1#1000 ep=1))
        n1 -> Observe(ControlEndpointObserved n3 8.8.8.30:443)
        n1 -> MeshSend(to=n2 Record(n3#1000 ep=1))
        n1 -> MeshSend(to=n2 Advert(n1#1000 v=26c67103))
        n1 -> MeshSend(to=n3 Advert(n1#1000 v=26c67103))
@1010   n2 <- Deliver(from=n3 Record(n3#1000 ep=1))
        n2 -> MeshSend(to=n3 Record(n2#1000 ep=1))
        n2 -> Observe(ControlEndpointObserved n3 8.8.8.30:443)
        n2 -> MeshSend(to=n1 Record(n3#1000 ep=1))
@1020   n2 <- Deliver(from=n1 Record(n1#1000 ep=1))
        n2 -> MeshSend(to=n1 Record(n2#1000 ep=1))
        n2 -> Observe(ControlEndpointObserved n1 8.8.8.10:443)
        n2 -> MeshSend(to=n3 Record(n1#1000 ep=1))
        n2 -> MeshSend(to=n1 Advert(n2#1000 v=26c67103))
        n2 -> MeshSend(to=n3 Advert(n2#1000 v=26c67103))
@1020   n3 <- Deliver(from=n1 Record(n2#1000 ep=1))
        n3 -> MeshSend(to=n2 Record(n3#1000 ep=1))
        n3 -> Observe(ControlEndpointObserved n2 8.8.8.20:443)
@1020   n3 <- Deliver(from=n1 Record(n1#1000 ep=1))
        n3 -> MeshSend(to=n1 Record(n3#1000 ep=1))
        n3 -> Observe(ControlEndpointObserved n1 8.8.8.10:443)
        n3 -> MeshSend(to=n2 Record(n1#1000 ep=1))
        n3 -> MeshSend(to=n1 Advert(n3#1000 v=26c67103))
        n3 -> MeshSend(to=n2 Advert(n3#1000 v=26c67103))
@1020   n2 <- Deliver(from=n1 Record(n3#1000 ep=1))
@1020   n2 <- Deliver(from=n1 Advert(n1#1000 v=26c67103))
        n2 -> MeshSend(to=n1 Advert(n2#1000 v=26c67103))
        n2 -> MeshSend(to=n3 Advert(n1#1000 v=26c67103))
@1020   n3 <- Deliver(from=n1 Advert(n1#1000 v=26c67103))
        n3 -> MeshSend(to=n1 Advert(n3#1000 v=26c67103))
        n3 -> MeshSend(to=n2 Advert(n1#1000 v=26c67103))
@1020   n3 <- Deliver(from=n2 Record(n2#1000 ep=1))
@1020   n1 <- Deliver(from=n2 Record(n3#1000 ep=1))
@1025   n1 ** swap snapshot=94b5c000 (2175 bytes)
@1030   n1 <- Deliver(from=n2 Record(n2#1000 ep=1))
@1030   n3 <- Deliver(from=n2 Record(n1#1000 ep=1))
@1030   n1 <- Deliver(from=n2 Advert(n2#1000 v=26c67103))
        n1 -> MeshSend(to=n2 Advert(n1#1000 v=26c67103))
        n1 -> MeshSend(to=n3 Advert(n2#1000 v=26c67103))
@1030   n3 <- Deliver(from=n2 Advert(n2#1000 v=26c67103))
        n3 -> MeshSend(to=n2 Advert(n3#1000 v=26c67103))
        n3 -> MeshSend(to=n1 Advert(n2#1000 v=26c67103))
        n3 -> Observe(MeshReady ep=1 v=26c67103)
        n3 -> ResolveStart(req=1 peer=n2 advertised=8.8.8.20:51820)
        n3 -> MeshSend(to=n1 Request(n3->n2 #1001))
        n3 -> MeshSend(to=n2 Request(n3->n2 #1001))
@1030   n2 <- Deliver(from=n3 Record(n3#1000 ep=1))
@1030   n1 <- Deliver(from=n3 Record(n3#1000 ep=1))
@1030   n2 <- Deliver(from=n3 Record(n1#1000 ep=1))
@1030   n1 <- Deliver(from=n3 Advert(n3#1000 v=26c67103))
        n1 -> MeshSend(to=n3 Advert(n1#1000 v=26c67103))
        n1 -> MeshSend(to=n2 Advert(n3#1000 v=26c67103))
        n1 -> Observe(MeshReady ep=1 v=26c67103)
        n1 -> ResolveStart(req=1 peer=n2 advertised=8.8.8.20:51820)
        n1 -> MeshSend(to=n2 Request(n1->n2 #1001))
        n1 -> MeshSend(to=n3 Request(n1->n2 #1001))
        n1 -> ResolveStart(req=2 peer=n3 advertised=8.8.8.30:51820)
        n1 -> MeshSend(to=n2 Request(n1->n3 #1002))
        n1 -> MeshSend(to=n3 Request(n1->n3 #1002))
@1030   n2 <- Deliver(from=n3 Advert(n3#1000 v=26c67103))
        n2 -> MeshSend(to=n3 Advert(n2#1000 v=26c67103))
        n2 -> MeshSend(to=n1 Advert(n3#1000 v=26c67103))
        n2 -> Observe(MeshReady ep=1 v=26c67103)
@1030   n1 <- Deliver(from=n2 Advert(n2#1000 v=26c67103))
@1030   n3 <- Deliver(from=n2 Advert(n1#1000 v=26c67103))
@1030   n1 <- Deliver(from=n3 Advert(n3#1000 v=26c67103))
@1030   n2 <- Deliver(from=n3 Advert(n1#1000 v=26c67103))
@1035   n2 ** swap snapshot=9789bf74 (3556 bytes)
@1040   n2 <- Deliver(from=n1 Advert(n1#1000 v=26c67103))
@1040   n3 <- Deliver(from=n1 Advert(n2#1000 v=26c67103))
@1040   n2 <- Deliver(from=n3 Advert(n3#1000 v=26c67103))
@1040   n1 <- Deliver(from=n3 Advert(n2#1000 v=26c67103))
@1040   n1 <- Deliver(from=n3 Request(n3->n2 #1001))
        n1 -> MeshSend(to=n2 Request(n3->n2 #1001))
@1040   n2 <- Deliver(from=n3 Request(n3->n2 #1001))
        n2 -> ResolveStart(req=1 peer=n3 advertised=8.8.8.30:51820)
        n2 -> MeshSend(to=n1 Response(n2->n3 req=25881a51))
        n2 -> MeshSend(to=n3 Response(n2->n3 req=25881a51))
@1040   n3 <- Deliver(from=n1 Advert(n1#1000 v=26c67103))
@1040   n2 <- Deliver(from=n1 Advert(n3#1000 v=26c67103))
@1040   n2 <- Deliver(from=n1 Request(n1->n2 #1001))
        n2 -> ResolveStart(req=2 peer=n1 advertised=8.8.8.10:51820)
        n2 -> MeshSend(to=n1 Response(n2->n1 req=489e49f2))
        n2 -> MeshSend(to=n3 Response(n2->n1 req=489e49f2))
@1040   n3 <- Deliver(from=n1 Request(n1->n2 #1001))
        n3 -> MeshSend(to=n2 Request(n1->n2 #1001))
@1040   n2 <- Deliver(from=n1 Request(n1->n3 #1002))
        n2 -> MeshSend(to=n3 Request(n1->n3 #1002))
@1040   n3 <- Deliver(from=n1 Request(n1->n3 #1002))
        n3 -> ResolveStart(req=2 peer=n1 advertised=8.8.8.10:51820)
        n3 -> MeshSend(to=n1 Response(n3->n1 req=7771ed64))
        n3 -> MeshSend(to=n2 Response(n3->n1 req=7771ed64))
@1040   n3 <- Deliver(from=n2 Advert(n2#1000 v=26c67103))
@1040   n1 <- Deliver(from=n2 Advert(n3#1000 v=26c67103))
@1050   n2 <- Deliver(from=n1 Request(n3->n2 #1001))
        n2 -> MeshSend(to=n1 Response(n2->n3 req=25881a51))
        n2 -> MeshSend(to=n3 Response(n2->n3 req=25881a51))
@1050   n1 <- Deliver(from=n2 Response(n2->n3 req=25881a51))
        n1 -> MeshSend(to=n3 Response(n2->n3 req=25881a51))
@1050   n3 <- Deliver(from=n2 Response(n2->n3 req=25881a51))
        n3 -> MeshSend(to=n1 Ack(req=25881a51 resp=4f8ab847))
        n3 -> MeshSend(to=n2 Ack(req=25881a51 resp=4f8ab847))
@1050   n1 <- Deliver(from=n2 Response(n2->n1 req=489e49f2))
        n1 -> MeshSend(to=n2 Ack(req=489e49f2 resp=549cea9c))
        n1 -> MeshSend(to=n3 Ack(req=489e49f2 resp=549cea9c))
@1050   n3 <- Deliver(from=n2 Response(n2->n1 req=489e49f2))
        n3 -> MeshSend(to=n1 Response(n2->n1 req=489e49f2))
@1050   n2 <- Deliver(from=n3 Request(n1->n2 #1001))
        n2 -> MeshSend(to=n1 Response(n2->n1 req=489e49f2))
        n2 -> MeshSend(to=n3 Response(n2->n1 req=489e49f2))
@1050   n3 <- Deliver(from=n2 Request(n1->n3 #1002))
        n3 -> MeshSend(to=n1 Response(n3->n1 req=7771ed64))
        n3 -> MeshSend(to=n2 Response(n3->n1 req=7771ed64))
@1050   n1 <- Deliver(from=n3 Response(n3->n1 req=7771ed64))
        n1 -> MeshSend(to=n2 Ack(req=7771ed64 resp=798334ad))
        n1 -> MeshSend(to=n3 Ack(req=7771ed64 resp=798334ad))
        n1 -> WgApply(req=3 up peers=[n3@8.8.8.30:51820 ka=25, n2@8.8.8.20:51820 ka=25])
@1050   n1 <- WgApplied(req=3 ok)
        n1 -> Observe(TunnelsApplied ep=1 peers=2)
@1050   n2 <- Deliver(from=n3 Response(n3->n1 req=7771ed64))
        n2 -> MeshSend(to=n1 Response(n3->n1 req=7771ed64))
@1060   n1 <- Deliver(from=n2 Response(n2->n3 req=25881a51))
@1060   n3 <- Deliver(from=n2 Response(n2->n3 req=25881a51))
        n3 -> MeshSend(to=n1 Ack(req=25881a51 resp=4f8ab847))
        n3 -> MeshSend(to=n2 Ack(req=25881a51 resp=4f8ab847))
@1060   n3 <- Deliver(from=n1 Response(n2->n3 req=25881a51))
        n3 -> MeshSend(to=n1 Ack(req=25881a51 resp=4f8ab847))
        n3 -> MeshSend(to=n2 Ack(req=25881a51 resp=4f8ab847))
@1060   n1 <- Deliver(from=n3 Ack(req=25881a51 resp=4f8ab847))
        n1 -> MeshSend(to=n2 Ack(req=25881a51 resp=4f8ab847))
@1060   n2 <- Deliver(from=n3 Ack(req=25881a51 resp=4f8ab847))
@1060   n2 <- Deliver(from=n1 Ack(req=489e49f2 resp=549cea9c))
        n2 -> WgApply(req=3 up peers=[n1@8.8.8.10:51820 ka=25, n3@8.8.8.30:51820 ka=25])
@1060   n2 <- WgApplied(req=3 ok)
        n2 -> Observe(TunnelsApplied ep=1 peers=2)
@1060   n3 <- Deliver(from=n1 Ack(req=489e49f2 resp=549cea9c))
        n3 -> MeshSend(to=n2 Ack(req=489e49f2 resp=549cea9c))
@1060   n1 <- Deliver(from=n3 Response(n2->n1 req=489e49f2))
        n1 -> MeshSend(to=n2 Ack(req=489e49f2 resp=549cea9c))
        n1 -> MeshSend(to=n3 Ack(req=489e49f2 resp=549cea9c))
@1060   n1 <- Deliver(from=n2 Response(n2->n1 req=489e49f2))
        n1 -> MeshSend(to=n2 Ack(req=489e49f2 resp=549cea9c))
        n1 -> MeshSend(to=n3 Ack(req=489e49f2 resp=549cea9c))
@1060   n3 <- Deliver(from=n2 Response(n2->n1 req=489e49f2))
@1060   n1 <- Deliver(from=n3 Response(n3->n1 req=7771ed64))
        n1 -> MeshSend(to=n2 Ack(req=7771ed64 resp=798334ad))
        n1 -> MeshSend(to=n3 Ack(req=7771ed64 resp=798334ad))
@1060   n2 <- Deliver(from=n3 Response(n3->n1 req=7771ed64))
@1060   n2 <- Deliver(from=n1 Ack(req=7771ed64 resp=798334ad))
        n2 -> MeshSend(to=n3 Ack(req=7771ed64 resp=798334ad))
@1060   n3 <- Deliver(from=n1 Ack(req=7771ed64 resp=798334ad))
        n3 -> WgApply(req=3 up peers=[n1@8.8.8.10:51820 ka=25, n2@8.8.8.20:51820 ka=25])
@1060   n3 <- WgApplied(req=3 ok)
        n3 -> Observe(TunnelsApplied ep=1 peers=2)
@1060   n1 <- Deliver(from=n2 Response(n3->n1 req=7771ed64))
        n1 -> MeshSend(to=n2 Ack(req=7771ed64 resp=798334ad))
        n1 -> MeshSend(to=n3 Ack(req=7771ed64 resp=798334ad))
@1070   n1 <- Deliver(from=n3 Ack(req=25881a51 resp=4f8ab847))
@1070   n2 <- Deliver(from=n3 Ack(req=25881a51 resp=4f8ab847))
@1070   n1 <- Deliver(from=n3 Ack(req=25881a51 resp=4f8ab847))
@1070   n2 <- Deliver(from=n3 Ack(req=25881a51 resp=4f8ab847))
@1070   n2 <- Deliver(from=n1 Ack(req=25881a51 resp=4f8ab847))
@1070   n2 <- Deliver(from=n3 Ack(req=489e49f2 resp=549cea9c))
@1070   n2 <- Deliver(from=n1 Ack(req=489e49f2 resp=549cea9c))
@1070   n3 <- Deliver(from=n1 Ack(req=489e49f2 resp=549cea9c))
@1070   n2 <- Deliver(from=n1 Ack(req=489e49f2 resp=549cea9c))
@1070   n3 <- Deliver(from=n1 Ack(req=489e49f2 resp=549cea9c))
@1070   n2 <- Deliver(from=n1 Ack(req=7771ed64 resp=798334ad))
@1070   n3 <- Deliver(from=n1 Ack(req=7771ed64 resp=798334ad))
@1070   n3 <- Deliver(from=n2 Ack(req=7771ed64 resp=798334ad))
@1070   n2 <- Deliver(from=n1 Ack(req=7771ed64 resp=798334ad))
@1070   n3 <- Deliver(from=n1 Ack(req=7771ed64 resp=798334ad))
@1080   n3 <- Resolved(req=1 advertised)
@1080   n1 <- Resolved(req=1 advertised)
@1080   n1 <- Resolved(req=2 advertised)
@1090   n2 <- Resolved(req=1 advertised)
@1090   n2 <- Resolved(req=2 advertised)
@1090   n3 <- Resolved(req=2 advertised)
@1090   n3 ** swap snapshot=a76f4a2b (5680 bytes)
@3090   n1 <- Nudge
        n1 -> MeshSend(to=n2 Ack(req=25881a51 resp=4f8ab847))
        n1 -> MeshSend(to=n3 Record(n1#1000 ep=1))
        n1 -> MeshSend(to=n3 Advert(n1#1000 v=26c67103))
        n1 -> MeshSend(to=n2 Record(n1#1000 ep=1))
        n1 -> MeshSend(to=n2 Advert(n1#1000 v=26c67103))
@3090   n2 <- Nudge
        n2 -> MeshSend(to=n3 Ack(req=7771ed64 resp=798334ad))
        n2 -> MeshSend(to=n1 Record(n2#1000 ep=1))
        n2 -> MeshSend(to=n1 Advert(n2#1000 v=26c67103))
        n2 -> MeshSend(to=n3 Record(n2#1000 ep=1))
        n2 -> MeshSend(to=n3 Advert(n2#1000 v=26c67103))
@3090   n3 <- Nudge
        n3 -> MeshSend(to=n2 Ack(req=489e49f2 resp=549cea9c))
        n3 -> MeshSend(to=n1 Record(n3#1000 ep=1))
        n3 -> MeshSend(to=n1 Advert(n3#1000 v=26c67103))
        n3 -> MeshSend(to=n2 Record(n3#1000 ep=1))
        n3 -> MeshSend(to=n2 Advert(n3#1000 v=26c67103))
@3100   n2 <- Deliver(from=n1 Ack(req=25881a51 resp=4f8ab847))
@3100   n3 <- Deliver(from=n1 Record(n1#1000 ep=1))
@3100   n3 <- Deliver(from=n1 Advert(n1#1000 v=26c67103))
@3100   n2 <- Deliver(from=n1 Record(n1#1000 ep=1))
@3100   n2 <- Deliver(from=n1 Advert(n1#1000 v=26c67103))
@3100   n3 <- Deliver(from=n2 Ack(req=7771ed64 resp=798334ad))
@3100   n1 <- Deliver(from=n2 Record(n2#1000 ep=1))
@3100   n1 <- Deliver(from=n2 Advert(n2#1000 v=26c67103))
@3100   n3 <- Deliver(from=n2 Record(n2#1000 ep=1))
@3100   n3 <- Deliver(from=n2 Advert(n2#1000 v=26c67103))
@3100   n2 <- Deliver(from=n3 Ack(req=489e49f2 resp=549cea9c))
@3100   n1 <- Deliver(from=n3 Record(n3#1000 ep=1))
@3100   n1 <- Deliver(from=n3 Advert(n3#1000 v=26c67103))
@3100   n2 <- Deliver(from=n3 Record(n3#1000 ep=1))
@3100   n2 <- Deliver(from=n3 Advert(n3#1000 v=26c67103))
@5090   n1 <- Nudge
        n1 -> MeshSend(to=n2 Ack(req=25881a51 resp=4f8ab847))
@5090   n2 <- Nudge
        n2 -> MeshSend(to=n3 Ack(req=7771ed64 resp=798334ad))
@5090   n3 <- Nudge
        n3 -> MeshSend(to=n2 Ack(req=489e49f2 resp=549cea9c))
@5100   n2 <- Deliver(from=n1 Ack(req=25881a51 resp=4f8ab847))
@5100   n3 <- Deliver(from=n2 Ack(req=7771ed64 resp=798334ad))
@5100   n2 <- Deliver(from=n3 Ack(req=489e49f2 resp=549cea9c))
@7090   n1 <- Nudge
        n1 -> MeshSend(to=n2 Ack(req=25881a51 resp=4f8ab847))
@7090   n2 <- Nudge
        n2 -> MeshSend(to=n3 Ack(req=7771ed64 resp=798334ad))
@7090   n3 <- Nudge
        n3 -> MeshSend(to=n2 Ack(req=489e49f2 resp=549cea9c))
@7100   n2 <- Deliver(from=n1 Ack(req=25881a51 resp=4f8ab847))
@7100   n3 <- Deliver(from=n2 Ack(req=7771ed64 resp=798334ad))
@7100   n2 <- Deliver(from=n3 Ack(req=489e49f2 resp=549cea9c))
@7100   n3 <- Shutdown
        n3 -> WgRemove
@7100   n1 <- Retarget(ep=2 members=[n1,n2] standbys=[] view=100 persisted=no)
        n1 -> MeshSend(to=n2 Record(n1#7100 ep=2))
@7100   n2 <- Retarget(ep=2 members=[n1,n2] standbys=[] view=100 persisted=no)
        n2 -> MeshSend(to=n1 Record(n2#7100 ep=2))
@7110   n2 <- Deliver(from=n1 Record(n1#7100 ep=2))
        n2 -> MeshSend(to=n1 Record(n2#7100 ep=2))
        n2 -> MeshSend(to=n1 Advert(n2#7100 v=069f1d8f))
@7110   n1 <- Deliver(from=n2 Record(n2#7100 ep=2))
        n1 -> MeshSend(to=n2 Record(n1#7100 ep=2))
        n1 -> MeshSend(to=n2 Advert(n1#7100 v=069f1d8f))
@7120   n1 <- Deliver(from=n2 Record(n2#7100 ep=2))
@7120   n1 <- Deliver(from=n2 Advert(n2#7100 v=069f1d8f))
        n1 -> MeshSend(to=n2 Advert(n1#7100 v=069f1d8f))
        n1 -> Observe(MeshReady ep=2 v=069f1d8f)
        n1 -> ResolveStart(req=4 peer=n2 advertised=8.8.8.20:51820)
        n1 -> MeshSend(to=n2 Request(n1->n2 #7101))
@7120   n2 <- Deliver(from=n1 Record(n1#7100 ep=2))
@7120   n2 <- Deliver(from=n1 Advert(n1#7100 v=069f1d8f))
        n2 -> MeshSend(to=n1 Advert(n2#7100 v=069f1d8f))
        n2 -> Observe(MeshReady ep=2 v=069f1d8f)
@7130   n2 <- Deliver(from=n1 Advert(n1#7100 v=069f1d8f))
@7130   n2 <- Deliver(from=n1 Request(n1->n2 #7101))
        n2 -> ResolveStart(req=4 peer=n1 advertised=8.8.8.10:51820)
        n2 -> MeshSend(to=n1 Response(n2->n1 req=461b49a8))
@7130   n1 <- Deliver(from=n2 Advert(n2#7100 v=069f1d8f))
@7140   n1 <- Deliver(from=n2 Response(n2->n1 req=461b49a8))
        n1 -> MeshSend(to=n2 Ack(req=461b49a8 resp=4857d988))
        n1 -> WgApply(req=5 update peers=[n2@8.8.8.20:51820 ka=25])
@7140   n1 <- WgApplied(req=5 ok)
        n1 -> Observe(TunnelsApplied ep=2 peers=1)
@7150   n2 <- Deliver(from=n1 Ack(req=461b49a8 resp=4857d988))
        n2 -> WgApply(req=5 update peers=[n1@8.8.8.10:51820 ka=25])
@7150   n2 <- WgApplied(req=5 ok)
        n2 -> Observe(TunnelsApplied ep=2 peers=1)
@7170   n1 <- Resolved(req=4 advertised)
@7180   n2 <- Resolved(req=4 advertised)
