chain net#boot
n1 = seed 10 id 0632c75d wg 8.8.8.10:51820
n2 = seed 20 id 6f94ba26 wg 8.8.8.20:51820
@1000   n1 ** start
@1000   n1 <- Retarget(ep=1 members=[n1,n2] standbys=[] view=1 persisted=no)
        n1 -> MeshSend(to=n2 Record(n1#1000 ep=1))
           -- dropped: n2 is down
@1000   n2 ** start
@1000   n2 <- Retarget(ep=1 members=[n1,n2] standbys=[] view=1 persisted=no)
        n2 -> MeshSend(to=n1 Record(n2#1000 ep=1))
@1010   n1 <- Deliver(from=n2 Record(n2#1000 ep=1))
        n1 -> MeshSend(to=n2 Record(n1#1000 ep=1))
        n1 -> Observe(ControlEndpointObserved n2 8.8.8.20:443)
        n1 -> MeshSend(to=n2 Advert(n1#1000 v=757b0d2e))
@1020   n2 <- Deliver(from=n1 Record(n1#1000 ep=1))
        n2 -> MeshSend(to=n1 Record(n2#1000 ep=1))
        n2 -> Observe(ControlEndpointObserved n1 8.8.8.10:443)
        n2 -> MeshSend(to=n1 Advert(n2#1000 v=757b0d2e))
@1020   n2 <- Deliver(from=n1 Advert(n1#1000 v=757b0d2e))
        n2 -> MeshSend(to=n1 Advert(n2#1000 v=757b0d2e))
        n2 -> Observe(MeshReady ep=1 v=757b0d2e)
@1030   n1 <- Deliver(from=n2 Record(n2#1000 ep=1))
@1030   n1 <- Deliver(from=n2 Advert(n2#1000 v=757b0d2e))
        n1 -> MeshSend(to=n2 Advert(n1#1000 v=757b0d2e))
        n1 -> Observe(MeshReady ep=1 v=757b0d2e)
        n1 -> ResolveStart(req=1 peer=n2 advertised=8.8.8.20:51820)
        n1 -> MeshSend(to=n2 Request(n1->n2 #1001))
@1030   n1 <- Deliver(from=n2 Advert(n2#1000 v=757b0d2e))
@1040   n2 <- Deliver(from=n1 Advert(n1#1000 v=757b0d2e))
@1040   n2 <- Deliver(from=n1 Request(n1->n2 #1001))
        n2 -> ResolveStart(req=1 peer=n1 advertised=8.8.8.10:51820)
        n2 -> MeshSend(to=n1 Response(n2->n1 req=3162d8ea))
@1050   n1 <- Deliver(from=n2 Response(n2->n1 req=3162d8ea))
        n1 -> MeshSend(to=n2 Ack(req=3162d8ea resp=d207c3aa))
        n1 -> WgApply(req=2 up peers=[n2@8.8.8.20:51820 ka=25])
@1050   n1 <- WgApplied(req=2 ok)
        n1 -> Observe(TunnelsApplied ep=1 peers=1)
@1060   n2 <- Deliver(from=n1 Ack(req=3162d8ea resp=d207c3aa))
        n2 -> WgApply(req=2 up peers=[n1@8.8.8.10:51820 ka=25])
@1060   n2 <- WgApplied(req=2 ok)
        n2 -> Observe(TunnelsApplied ep=1 peers=1)
@1080   n1 <- Resolved(req=1 advertised)
@1090   n2 <- Resolved(req=1 advertised)
