chain net#dark
n1 = seed 10 id 0632c75d wg 8.8.8.10:51820
n2 = seed 20 id 6f94ba26 wg endpoint-less
n3 = seed 30 id 15f56b3f wg 8.8.8.30:51820
@1000   n1 ** start
@1000   n1 <- Retarget(ep=1 members=[n1,n2,n3] standbys=[] view=1 persisted=no)
        n1 -> MeshSend(to=n2 Record(n1#1000 ep=1))
           -- dropped: n2 is down
        n1 -> MeshSend(to=n3 Record(n1#1000 ep=1))
           -- dropped: n3 is down
@1000   n2 ** start
@1000   n2 <- Retarget(ep=1 members=[n1,n2,n3] standbys=[] view=1 persisted=no)
        n2 -> MeshSend(to=n1 Record(n2#1000 ep=1))
        n2 -> MeshSend(to=n3 Record(n2#1000 ep=1))
           -- dropped: n3 is down
@1000   n3 ** start
@1000   n3 <- Retarget(ep=1 members=[n1,n2,n3] standbys=[] view=1 persisted=no)
        n3 -> MeshSend(to=n1 Record(n3#1000 ep=1))
        n3 -> MeshSend(to=n2 Record(n3#1000 ep=1))
@1010   n1 <- Deliver(from=n2 Record(n2#1000 ep=1))
        n1 -> MeshSend(to=n2 Record(n1#1000 ep=1))
        n1 -> Observe(ControlEndpointObserved n2 8.8.8.20:443)
        n1 -> MeshSend(to=n3 Record(n2#1000 ep=1))
@1010   n1 <- Deliver(from=n3 Record(n3#1000 ep=1))
        n1 -> MeshSend(to=n3 Record(n1#1000 ep=1))
        n1 -> Observe(ControlEndpointObserved n3 8.8.8.30:443)
        n1 -> MeshSend(to=n2 Record(n3#1000 ep=1))
        n1 -> MeshSend(to=n2 Advert(n1#1000 v=6bd1c3be))
        n1 -> MeshSend(to=n3 Advert(n1#1000 v=6bd1c3be))
@1010   n2 <- Deliver(from=n3 Record(n3#1000 ep=1))
        n2 -> MeshSend(to=n3 Record(n2#1000 ep=1))
        n2 -> Observe(ControlEndpointObserved n3 8.8.8.30:443)
        n2 -> MeshSend(to=n1 Record(n3#1000 ep=1))
@1020   n2 <- Deliver(from=n1 Record(n1#1000 ep=1))
        n2 -> MeshSend(to=n1 Record(n2#1000 ep=1))
        n2 -> Observe(ControlEndpointObserved n1 8.8.8.10:443)
        n2 -> MeshSend(to=n3 Record(n1#1000 ep=1))
        n2 -> MeshSend(to=n1 Advert(n2#1000 v=6bd1c3be))
        n2 -> MeshSend(to=n3 Advert(n2#1000 v=6bd1c3be))
@1020   n3 <- Deliver(from=n1 Record(n2#1000 ep=1))
        n3 -> MeshSend(to=n2 Record(n3#1000 ep=1))
        n3 -> Observe(ControlEndpointObserved n2 8.8.8.20:443)
@1020   n3 <- Deliver(from=n1 Record(n1#1000 ep=1))
        n3 -> MeshSend(to=n1 Record(n3#1000 ep=1))
        n3 -> Observe(ControlEndpointObserved n1 8.8.8.10:443)
        n3 -> MeshSend(to=n2 Record(n1#1000 ep=1))
        n3 -> MeshSend(to=n1 Advert(n3#1000 v=6bd1c3be))
        n3 -> MeshSend(to=n2 Advert(n3#1000 v=6bd1c3be))
@1020   n2 <- Deliver(from=n1 Record(n3#1000 ep=1))
@1020   n2 <- Deliver(from=n1 Advert(n1#1000 v=6bd1c3be))
        n2 -> MeshSend(to=n1 Advert(n2#1000 v=6bd1c3be))
        n2 -> MeshSend(to=n3 Advert(n1#1000 v=6bd1c3be))
@1020   n3 <- Deliver(from=n1 Advert(n1#1000 v=6bd1c3be))
        n3 -> MeshSend(to=n1 Advert(n3#1000 v=6bd1c3be))
        n3 -> MeshSend(to=n2 Advert(n1#1000 v=6bd1c3be))
@1020   n3 <- Deliver(from=n2 Record(n2#1000 ep=1))
@1020   n1 <- Deliver(from=n2 Record(n3#1000 ep=1))
@1030   n1 <- Deliver(from=n2 Record(n2#1000 ep=1))
@1030   n3 <- Deliver(from=n2 Record(n1#1000 ep=1))
@1030   n1 <- Deliver(from=n2 Advert(n2#1000 v=6bd1c3be))
        n1 -> MeshSend(to=n2 Advert(n1#1000 v=6bd1c3be))
        n1 -> MeshSend(to=n3 Advert(n2#1000 v=6bd1c3be))
@1030   n3 <- Deliver(from=n2 Advert(n2#1000 v=6bd1c3be))
        n3 -> MeshSend(to=n2 Advert(n3#1000 v=6bd1c3be))
        n3 -> MeshSend(to=n1 Advert(n2#1000 v=6bd1c3be))
        n3 -> Observe(MeshReady ep=1 v=6bd1c3be)
        n3 -> RendezvousStart(req=1 peer=n2)
        n3 -> MeshSend(to=n1 Request(n3->n2 #1001))
        n3 -> MeshSend(to=n2 Request(n3->n2 #1001))
@1030   n2 <- Deliver(from=n3 Record(n3#1000 ep=1))
@1030   n1 <- Deliver(from=n3 Record(n3#1000 ep=1))
@1030   n2 <- Deliver(from=n3 Record(n1#1000 ep=1))
@1030   n1 <- Deliver(from=n3 Advert(n3#1000 v=6bd1c3be))
        n1 -> MeshSend(to=n3 Advert(n1#1000 v=6bd1c3be))
        n1 -> MeshSend(to=n2 Advert(n3#1000 v=6bd1c3be))
        n1 -> Observe(MeshReady ep=1 v=6bd1c3be)
        n1 -> RendezvousStart(req=1 peer=n2)
        n1 -> MeshSend(to=n2 Request(n1->n2 #1001))
        n1 -> MeshSend(to=n3 Request(n1->n2 #1001))
        n1 -> ResolveStart(req=2 peer=n3 advertised=8.8.8.30:51820)
        n1 -> MeshSend(to=n2 Request(n1->n3 #1002))
        n1 -> MeshSend(to=n3 Request(n1->n3 #1002))
@1030   n2 <- Deliver(from=n3 Advert(n3#1000 v=6bd1c3be))
        n2 -> MeshSend(to=n3 Advert(n2#1000 v=6bd1c3be))
        n2 -> MeshSend(to=n1 Advert(n3#1000 v=6bd1c3be))
        n2 -> Observe(MeshReady ep=1 v=6bd1c3be)
@1030   n1 <- Deliver(from=n2 Advert(n2#1000 v=6bd1c3be))
@1030   n3 <- Deliver(from=n2 Advert(n1#1000 v=6bd1c3be))
@1030   n1 <- Deliver(from=n3 Advert(n3#1000 v=6bd1c3be))
@1030   n2 <- Deliver(from=n3 Advert(n1#1000 v=6bd1c3be))
@1040   n2 <- Deliver(from=n1 Advert(n1#1000 v=6bd1c3be))
@1040   n3 <- Deliver(from=n1 Advert(n2#1000 v=6bd1c3be))
@1040   n2 <- Deliver(from=n3 Advert(n3#1000 v=6bd1c3be))
@1040   n1 <- Deliver(from=n3 Advert(n2#1000 v=6bd1c3be))
@1040   n1 <- Deliver(from=n3 Request(n3->n2 #1001))
        n1 -> MeshSend(to=n2 Request(n3->n2 #1001))
@1040   n2 <- Deliver(from=n3 Request(n3->n2 #1001))
        n2 -> ResolveStart(req=1 peer=n3 advertised=8.8.8.30:51820)
        n2 -> MeshSend(to=n1 Response(n2->n3 req=bef5d76a))
        n2 -> MeshSend(to=n3 Response(n2->n3 req=bef5d76a))
@1040   n3 <- Deliver(from=n1 Advert(n1#1000 v=6bd1c3be))
@1040   n2 <- Deliver(from=n1 Advert(n3#1000 v=6bd1c3be))
@1040   n2 <- Deliver(from=n1 Request(n1->n2 #1001))
        n2 -> ResolveStart(req=2 peer=n1 advertised=8.8.8.10:51820)
        n2 -> MeshSend(to=n1 Response(n2->n1 req=94d70a7e))
        n2 -> MeshSend(to=n3 Response(n2->n1 req=94d70a7e))
@1040   n3 <- Deliver(from=n1 Request(n1->n2 #1001))
        n3 -> MeshSend(to=n2 Request(n1->n2 #1001))
@1040   n2 <- Deliver(from=n1 Request(n1->n3 #1002))
        n2 -> MeshSend(to=n3 Request(n1->n3 #1002))
@1040   n3 <- Deliver(from=n1 Request(n1->n3 #1002))
        n3 -> ResolveStart(req=2 peer=n1 advertised=8.8.8.10:51820)
        n3 -> MeshSend(to=n1 Response(n3->n1 req=0d524b2e))
        n3 -> MeshSend(to=n2 Response(n3->n1 req=0d524b2e))
@1040   n3 <- Deliver(from=n2 Advert(n2#1000 v=6bd1c3be))
@1040   n1 <- Deliver(from=n2 Advert(n3#1000 v=6bd1c3be))
@1050   n2 <- Deliver(from=n1 Request(n3->n2 #1001))
        n2 -> MeshSend(to=n1 Response(n2->n3 req=bef5d76a))
        n2 -> MeshSend(to=n3 Response(n2->n3 req=bef5d76a))
@1050   n1 <- Deliver(from=n2 Response(n2->n3 req=bef5d76a))
        n1 -> MeshSend(to=n3 Response(n2->n3 req=bef5d76a))
@1050   n3 <- Deliver(from=n2 Response(n2->n3 req=bef5d76a))
        n3 -> MeshSend(to=n1 Ack(req=bef5d76a resp=77e8b283))
        n3 -> MeshSend(to=n2 Ack(req=bef5d76a resp=77e8b283))
@1050   n1 <- Deliver(from=n2 Response(n2->n1 req=94d70a7e))
        n1 -> MeshSend(to=n2 Ack(req=94d70a7e resp=29998287))
        n1 -> MeshSend(to=n3 Ack(req=94d70a7e resp=29998287))
@1050   n3 <- Deliver(from=n2 Response(n2->n1 req=94d70a7e))
        n3 -> MeshSend(to=n1 Response(n2->n1 req=94d70a7e))
@1050   n2 <- Deliver(from=n3 Request(n1->n2 #1001))
        n2 -> MeshSend(to=n1 Response(n2->n1 req=94d70a7e))
        n2 -> MeshSend(to=n3 Response(n2->n1 req=94d70a7e))
@1050   n3 <- Deliver(from=n2 Request(n1->n3 #1002))
        n3 -> MeshSend(to=n1 Response(n3->n1 req=0d524b2e))
        n3 -> MeshSend(to=n2 Response(n3->n1 req=0d524b2e))
@1050   n1 <- Deliver(from=n3 Response(n3->n1 req=0d524b2e))
        n1 -> MeshSend(to=n2 Ack(req=0d524b2e resp=503d2390))
        n1 -> MeshSend(to=n3 Ack(req=0d524b2e resp=503d2390))
        n1 -> WgApply(req=3 up peers=[n3@8.8.8.30:51820 ka=25, n2@- ka=25])
@1050   n1 <- WgApplied(req=3 ok)
        n1 -> Observe(TunnelsApplied ep=1 peers=2)
@1050   n2 <- Deliver(from=n3 Response(n3->n1 req=0d524b2e))
        n2 -> MeshSend(to=n1 Response(n3->n1 req=0d524b2e))
@1060   n1 <- Deliver(from=n2 Response(n2->n3 req=bef5d76a))
@1060   n3 <- Deliver(from=n2 Response(n2->n3 req=bef5d76a))
        n3 -> MeshSend(to=n1 Ack(req=bef5d76a resp=77e8b283))
        n3 -> MeshSend(to=n2 Ack(req=bef5d76a resp=77e8b283))
@1060   n3 <- Deliver(from=n1 Response(n2->n3 req=bef5d76a))
        n3 -> MeshSend(to=n1 Ack(req=bef5d76a resp=77e8b283))
        n3 -> MeshSend(to=n2 Ack(req=bef5d76a resp=77e8b283))
@1060   n1 <- Deliver(from=n3 Ack(req=bef5d76a resp=77e8b283))
        n1 -> MeshSend(to=n2 Ack(req=bef5d76a resp=77e8b283))
@1060   n2 <- Deliver(from=n3 Ack(req=bef5d76a resp=77e8b283))
@1060   n2 <- Deliver(from=n1 Ack(req=94d70a7e resp=29998287))
        n2 -> WgApply(req=3 up peers=[n1@8.8.8.10:51820 ka=25, n3@8.8.8.30:51820 ka=25])
@1060   n2 <- WgApplied(req=3 ok)
        n2 -> Observe(TunnelsApplied ep=1 peers=2)
@1060   n3 <- Deliver(from=n1 Ack(req=94d70a7e resp=29998287))
        n3 -> MeshSend(to=n2 Ack(req=94d70a7e resp=29998287))
@1060   n1 <- Deliver(from=n3 Response(n2->n1 req=94d70a7e))
        n1 -> MeshSend(to=n2 Ack(req=94d70a7e resp=29998287))
        n1 -> MeshSend(to=n3 Ack(req=94d70a7e resp=29998287))
@1060   n1 <- Deliver(from=n2 Response(n2->n1 req=94d70a7e))
        n1 -> MeshSend(to=n2 Ack(req=94d70a7e resp=29998287))
        n1 -> MeshSend(to=n3 Ack(req=94d70a7e resp=29998287))
@1060   n3 <- Deliver(from=n2 Response(n2->n1 req=94d70a7e))
@1060   n1 <- Deliver(from=n3 Response(n3->n1 req=0d524b2e))
        n1 -> MeshSend(to=n2 Ack(req=0d524b2e resp=503d2390))
        n1 -> MeshSend(to=n3 Ack(req=0d524b2e resp=503d2390))
@1060   n2 <- Deliver(from=n3 Response(n3->n1 req=0d524b2e))
@1060   n2 <- Deliver(from=n1 Ack(req=0d524b2e resp=503d2390))
        n2 -> MeshSend(to=n3 Ack(req=0d524b2e resp=503d2390))
@1060   n3 <- Deliver(from=n1 Ack(req=0d524b2e resp=503d2390))
        n3 -> WgApply(req=3 up peers=[n1@8.8.8.10:51820 ka=25, n2@- ka=25])
@1060   n3 <- WgApplied(req=3 ok)
        n3 -> Observe(TunnelsApplied ep=1 peers=2)
@1060   n1 <- Deliver(from=n2 Response(n3->n1 req=0d524b2e))
        n1 -> MeshSend(to=n2 Ack(req=0d524b2e resp=503d2390))
        n1 -> MeshSend(to=n3 Ack(req=0d524b2e resp=503d2390))
@1070   n1 <- Deliver(from=n3 Ack(req=bef5d76a resp=77e8b283))
@1070   n2 <- Deliver(from=n3 Ack(req=bef5d76a resp=77e8b283))
@1070   n1 <- Deliver(from=n3 Ack(req=bef5d76a resp=77e8b283))
@1070   n2 <- Deliver(from=n3 Ack(req=bef5d76a resp=77e8b283))
@1070   n2 <- Deliver(from=n1 Ack(req=bef5d76a resp=77e8b283))
@1070   n2 <- Deliver(from=n3 Ack(req=94d70a7e resp=29998287))
@1070   n2 <- Deliver(from=n1 Ack(req=94d70a7e resp=29998287))
@1070   n3 <- Deliver(from=n1 Ack(req=94d70a7e resp=29998287))
@1070   n2 <- Deliver(from=n1 Ack(req=94d70a7e resp=29998287))
@1070   n3 <- Deliver(from=n1 Ack(req=94d70a7e resp=29998287))
@1070   n2 <- Deliver(from=n1 Ack(req=0d524b2e resp=503d2390))
@1070   n3 <- Deliver(from=n1 Ack(req=0d524b2e resp=503d2390))
@1070   n3 <- Deliver(from=n2 Ack(req=0d524b2e resp=503d2390))
@1070   n2 <- Deliver(from=n1 Ack(req=0d524b2e resp=503d2390))
@1070   n3 <- Deliver(from=n1 Ack(req=0d524b2e resp=503d2390))
@1080   n3 <- RendezvousResolved(req=1 err "coordinator unreachable")
        n3 -> Observe(PeerFailed n2 "rendezvous fallback: coordinator unreachable")
@1080   n1 <- RendezvousResolved(req=1 err "coordinator unreachable")
        n1 -> Observe(PeerFailed n2 "rendezvous fallback: coordinator unreachable")
@1080   n1 <- Resolved(req=2 err "coordinator unreachable")
        n1 -> Observe(PeerFailed n3 "endpoint resolution: coordinator unreachable")
@1090   n2 <- Resolved(req=1 err "coordinator unreachable")
        n2 -> Observe(PeerFailed n3 "endpoint resolution: coordinator unreachable")
@1090   n2 <- Resolved(req=2 err "coordinator unreachable")
        n2 -> Observe(PeerFailed n1 "endpoint resolution: coordinator unreachable")
@1090   n3 <- Resolved(req=2 err "coordinator unreachable")
        n3 -> Observe(PeerFailed n1 "endpoint resolution: coordinator unreachable")
@3090   n1 <- Nudge
        n1 -> MeshSend(to=n2 Ack(req=bef5d76a resp=77e8b283))
        n1 -> MeshSend(to=n3 Record(n1#1000 ep=1))
        n1 -> MeshSend(to=n3 Advert(n1#1000 v=6bd1c3be))
        n1 -> MeshSend(to=n2 Record(n1#1000 ep=1))
        n1 -> MeshSend(to=n2 Advert(n1#1000 v=6bd1c3be))
@3090   n2 <- Nudge
        n2 -> MeshSend(to=n3 Ack(req=0d524b2e resp=503d2390))
        n2 -> MeshSend(to=n1 Record(n2#1000 ep=1))
        n2 -> MeshSend(to=n1 Advert(n2#1000 v=6bd1c3be))
        n2 -> MeshSend(to=n3 Record(n2#1000 ep=1))
        n2 -> MeshSend(to=n3 Advert(n2#1000 v=6bd1c3be))
@3090   n3 <- Nudge
        n3 -> MeshSend(to=n2 Ack(req=94d70a7e resp=29998287))
        n3 -> MeshSend(to=n1 Record(n3#1000 ep=1))
        n3 -> MeshSend(to=n1 Advert(n3#1000 v=6bd1c3be))
        n3 -> MeshSend(to=n2 Record(n3#1000 ep=1))
        n3 -> MeshSend(to=n2 Advert(n3#1000 v=6bd1c3be))
@3100   n2 <- Deliver(from=n1 Ack(req=bef5d76a resp=77e8b283))
@3100   n3 <- Deliver(from=n1 Record(n1#1000 ep=1))
@3100   n3 <- Deliver(from=n1 Advert(n1#1000 v=6bd1c3be))
@3100   n2 <- Deliver(from=n1 Record(n1#1000 ep=1))
@3100   n2 <- Deliver(from=n1 Advert(n1#1000 v=6bd1c3be))
@3100   n3 <- Deliver(from=n2 Ack(req=0d524b2e resp=503d2390))
@3100   n1 <- Deliver(from=n2 Record(n2#1000 ep=1))
@3100   n1 <- Deliver(from=n2 Advert(n2#1000 v=6bd1c3be))
@3100   n3 <- Deliver(from=n2 Record(n2#1000 ep=1))
@3100   n3 <- Deliver(from=n2 Advert(n2#1000 v=6bd1c3be))
@3100   n2 <- Deliver(from=n3 Ack(req=94d70a7e resp=29998287))
@3100   n1 <- Deliver(from=n3 Record(n3#1000 ep=1))
@3100   n1 <- Deliver(from=n3 Advert(n3#1000 v=6bd1c3be))
@3100   n2 <- Deliver(from=n3 Record(n3#1000 ep=1))
@3100   n2 <- Deliver(from=n3 Advert(n3#1000 v=6bd1c3be))
@5090   n1 <- Nudge
        n1 -> MeshSend(to=n2 Ack(req=bef5d76a resp=77e8b283))
@5090   n2 <- Nudge
        n2 -> MeshSend(to=n3 Ack(req=0d524b2e resp=503d2390))
@5090   n3 <- Nudge
        n3 -> MeshSend(to=n2 Ack(req=94d70a7e resp=29998287))
@5100   n2 <- Deliver(from=n1 Ack(req=bef5d76a resp=77e8b283))
@5100   n3 <- Deliver(from=n2 Ack(req=0d524b2e resp=503d2390))
@5100   n2 <- Deliver(from=n3 Ack(req=94d70a7e resp=29998287))
@7090   n1 <- Nudge
        n1 -> MeshSend(to=n2 Ack(req=bef5d76a resp=77e8b283))
        n1 -> RendezvousStart(req=4 peer=n2)
@7090   n2 <- Nudge
        n2 -> MeshSend(to=n3 Ack(req=0d524b2e resp=503d2390))
@7090   n3 <- Nudge
        n3 -> MeshSend(to=n2 Ack(req=94d70a7e resp=29998287))
        n3 -> RendezvousStart(req=4 peer=n2)
@7100   n2 <- Deliver(from=n1 Ack(req=bef5d76a resp=77e8b283))
@7100   n3 <- Deliver(from=n2 Ack(req=0d524b2e resp=503d2390))
@7100   n2 <- Deliver(from=n3 Ack(req=94d70a7e resp=29998287))
@7140   n1 <- RendezvousResolved(req=4 err "coordinator unreachable")
        n1 -> Observe(PeerFailed n2 "rendezvous fallback: coordinator unreachable")
@7140   n3 <- RendezvousResolved(req=4 err "coordinator unreachable")
        n3 -> Observe(PeerFailed n2 "rendezvous fallback: coordinator unreachable")
@9090   n1 <- Nudge
        n1 -> MeshSend(to=n2 Ack(req=bef5d76a resp=77e8b283))
@9090   n2 <- Nudge
        n2 -> MeshSend(to=n3 Ack(req=0d524b2e resp=503d2390))
@9090   n3 <- Nudge
        n3 -> MeshSend(to=n2 Ack(req=94d70a7e resp=29998287))
@9100   n2 <- Deliver(from=n1 Ack(req=bef5d76a resp=77e8b283))
@9100   n3 <- Deliver(from=n2 Ack(req=0d524b2e resp=503d2390))
@9100   n2 <- Deliver(from=n3 Ack(req=94d70a7e resp=29998287))
@11090  n1 <- Nudge
        n1 -> MeshSend(to=n2 Ack(req=bef5d76a resp=77e8b283))
@11090  n2 <- Nudge
        n2 -> MeshSend(to=n3 Ack(req=0d524b2e resp=503d2390))
@11090  n3 <- Nudge
        n3 -> MeshSend(to=n2 Ack(req=94d70a7e resp=29998287))
@11100  n2 <- Deliver(from=n1 Ack(req=bef5d76a resp=77e8b283))
@11100  n3 <- Deliver(from=n2 Ack(req=0d524b2e resp=503d2390))
@11100  n2 <- Deliver(from=n3 Ack(req=94d70a7e resp=29998287))
@13090  n1 <- Nudge
        n1 -> MeshSend(to=n2 Ack(req=bef5d76a resp=77e8b283))
        n1 -> RendezvousStart(req=5 peer=n2)
@13090  n2 <- Nudge
        n2 -> MeshSend(to=n3 Ack(req=0d524b2e resp=503d2390))
@13090  n3 <- Nudge
        n3 -> MeshSend(to=n2 Ack(req=94d70a7e resp=29998287))
        n3 -> RendezvousStart(req=5 peer=n2)
@13100  n2 <- Deliver(from=n1 Ack(req=bef5d76a resp=77e8b283))
@13100  n3 <- Deliver(from=n2 Ack(req=0d524b2e resp=503d2390))
@13100  n2 <- Deliver(from=n3 Ack(req=94d70a7e resp=29998287))
@13140  n1 <- RendezvousResolved(req=5 err "coordinator unreachable")
        n1 -> Observe(PeerFailed n2 "rendezvous fallback: coordinator unreachable")
@13140  n3 <- RendezvousResolved(req=5 err "coordinator unreachable")
        n3 -> Observe(PeerFailed n2 "rendezvous fallback: coordinator unreachable")
@15090  n1 <- Nudge
        n1 -> MeshSend(to=n2 Ack(req=bef5d76a resp=77e8b283))
@15090  n2 <- Nudge
        n2 -> MeshSend(to=n3 Ack(req=0d524b2e resp=503d2390))
@15090  n3 <- Nudge
        n3 -> MeshSend(to=n2 Ack(req=94d70a7e resp=29998287))
@15100  n2 <- Deliver(from=n1 Ack(req=bef5d76a resp=77e8b283))
@15100  n3 <- Deliver(from=n2 Ack(req=0d524b2e resp=503d2390))
@15100  n2 <- Deliver(from=n3 Ack(req=94d70a7e resp=29998287))
@17090  n1 <- Nudge
        n1 -> MeshSend(to=n2 Ack(req=bef5d76a resp=77e8b283))
@17090  n2 <- Nudge
        n2 -> MeshSend(to=n3 Ack(req=0d524b2e resp=503d2390))
@17090  n3 <- Nudge
        n3 -> MeshSend(to=n2 Ack(req=94d70a7e resp=29998287))
@17100  n2 <- Deliver(from=n1 Ack(req=bef5d76a resp=77e8b283))
@17100  n3 <- Deliver(from=n2 Ack(req=0d524b2e resp=503d2390))
@17100  n2 <- Deliver(from=n3 Ack(req=94d70a7e resp=29998287))
@19090  n1 <- Nudge
        n1 -> MeshSend(to=n2 Ack(req=bef5d76a resp=77e8b283))
@19090  n2 <- Nudge
        n2 -> MeshSend(to=n3 Ack(req=0d524b2e resp=503d2390))
@19090  n3 <- Nudge
        n3 -> MeshSend(to=n2 Ack(req=94d70a7e resp=29998287))
@19100  n2 <- Deliver(from=n1 Ack(req=bef5d76a resp=77e8b283))
@19100  n3 <- Deliver(from=n2 Ack(req=0d524b2e resp=503d2390))
@19100  n2 <- Deliver(from=n3 Ack(req=94d70a7e resp=29998287))
@21090  n1 <- Nudge
        n1 -> MeshSend(to=n2 Ack(req=bef5d76a resp=77e8b283))
@21090  n2 <- Nudge
        n2 -> MeshSend(to=n3 Ack(req=0d524b2e resp=503d2390))
@21090  n3 <- Nudge
        n3 -> MeshSend(to=n2 Ack(req=94d70a7e resp=29998287))
@21100  n2 <- Deliver(from=n1 Ack(req=bef5d76a resp=77e8b283))
@21100  n3 <- Deliver(from=n2 Ack(req=0d524b2e resp=503d2390))
@21100  n2 <- Deliver(from=n3 Ack(req=94d70a7e resp=29998287))
@23090  n1 <- Nudge
        n1 -> MeshSend(to=n2 Ack(req=bef5d76a resp=77e8b283))
@23090  n2 <- Nudge
        n2 -> MeshSend(to=n3 Ack(req=0d524b2e resp=503d2390))
@23090  n3 <- Nudge
        n3 -> MeshSend(to=n2 Ack(req=94d70a7e resp=29998287))
@23100  n2 <- Deliver(from=n1 Ack(req=bef5d76a resp=77e8b283))
@23100  n3 <- Deliver(from=n2 Ack(req=0d524b2e resp=503d2390))
@23100  n2 <- Deliver(from=n3 Ack(req=94d70a7e resp=29998287))
@25090  n1 <- Nudge
        n1 -> MeshSend(to=n2 Ack(req=bef5d76a resp=77e8b283))
@25090  n2 <- Nudge
        n2 -> MeshSend(to=n3 Ack(req=0d524b2e resp=503d2390))
@25090  n3 <- Nudge
        n3 -> MeshSend(to=n2 Ack(req=94d70a7e resp=29998287))
@25100  n2 <- Deliver(from=n1 Ack(req=bef5d76a resp=77e8b283))
@25100  n3 <- Deliver(from=n2 Ack(req=0d524b2e resp=503d2390))
@25100  n2 <- Deliver(from=n3 Ack(req=94d70a7e resp=29998287))
