chain net#cutover
n1 = seed 10 id 0632c75d wg 8.8.8.10:51820
n2 = seed 20 id 6f94ba26 wg 8.8.8.20:51820
n3 = seed 30 id 15f56b3f wg 8.8.8.30:51820
@1000   n1 ** start
@1000   n1 <- Retarget(ep=1 members=[n1,n2,n3] standbys=[] view=1 persisted=no)
        n1 -> MeshSend(to=n2 Record(n1#1000 ep=1))
           -- dropped: n2 is down
        n1 -> MeshSend(to=n3 Record(n1#1000 ep=1))
           -- dropped: n3 is down
@1000   n2 ** start
@1000   n2 <- Retarget(ep=1 members=[n1,n2,n3] standbys=[] view=1 persisted=no)
        n2 -> MeshSend(to=n1 Record(n2#1000 ep=1))
        n2 -> MeshSend(to=n3 Record(n2#1000 ep=1))
           -- dropped: n3 is down
@1000   n3 ** start
@1000   n3 <- Retarget(ep=1 members=[n1,n2,n3] standbys=[] view=1 persisted=no)
        n3 -> MeshSend(to=n1 Record(n3#1000 ep=1))
        n3 -> MeshSend(to=n2 Record(n3#1000 ep=1))
@1010   n1 <- Deliver(from=n2 Record(n2#1000 ep=1))
        n1 -> MeshSend(to=n2 Record(n1#1000 ep=1))
        n1 -> Observe(ControlEndpointObserved n2 8.8.8.20:443)
        n1 -> MeshSend(to=n3 Record(n2#1000 ep=1))
@1010   n1 <- Deliver(from=n3 Record(n3#1000 ep=1))
        n1 -> MeshSend(to=n3 Record(n1#1000 ep=1))
        n1 -> Observe(ControlEndpointObserved n3 8.8.8.30:443)
        n1 -> MeshSend(to=n2 Record(n3#1000 ep=1))
        n1 -> MeshSend(to=n2 Advert(n1#1000 v=1d60e65b))
        n1 -> MeshSend(to=n3 Advert(n1#1000 v=1d60e65b))
@1010   n2 <- Deliver(from=n3 Record(n3#1000 ep=1))
        n2 -> MeshSend(to=n3 Record(n2#1000 ep=1))
        n2 -> Observe(ControlEndpointObserved n3 8.8.8.30:443)
        n2 -> MeshSend(to=n1 Record(n3#1000 ep=1))
@1020   n2 <- Deliver(from=n1 Record(n1#1000 ep=1))
        n2 -> MeshSend(to=n1 Record(n2#1000 ep=1))
        n2 -> Observe(ControlEndpointObserved n1 8.8.8.10:443)
        n2 -> MeshSend(to=n3 Record(n1#1000 ep=1))
        n2 -> MeshSend(to=n1 Advert(n2#1000 v=1d60e65b))
        n2 -> MeshSend(to=n3 Advert(n2#1000 v=1d60e65b))
@1020   n3 <- Deliver(from=n1 Record(n2#1000 ep=1))
        n3 -> MeshSend(to=n2 Record(n3#1000 ep=1))
        n3 -> Observe(ControlEndpointObserved n2 8.8.8.20:443)
@1020   n3 <- Deliver(from=n1 Record(n1#1000 ep=1))
        n3 -> MeshSend(to=n1 Record(n3#1000 ep=1))
        n3 -> Observe(ControlEndpointObserved n1 8.8.8.10:443)
        n3 -> MeshSend(to=n2 Record(n1#1000 ep=1))
        n3 -> MeshSend(to=n1 Advert(n3#1000 v=1d60e65b))
        n3 -> MeshSend(to=n2 Advert(n3#1000 v=1d60e65b))
@1020   n2 <- Deliver(from=n1 Record(n3#1000 ep=1))
@1020   n2 <- Deliver(from=n1 Advert(n1#1000 v=1d60e65b))
        n2 -> MeshSend(to=n1 Advert(n2#1000 v=1d60e65b))
        n2 -> MeshSend(to=n3 Advert(n1#1000 v=1d60e65b))
@1020   n3 <- Deliver(from=n1 Advert(n1#1000 v=1d60e65b))
        n3 -> MeshSend(to=n1 Advert(n3#1000 v=1d60e65b))
        n3 -> MeshSend(to=n2 Advert(n1#1000 v=1d60e65b))
@1020   n3 <- Deliver(from=n2 Record(n2#1000 ep=1))
@1020   n1 <- Deliver(from=n2 Record(n3#1000 ep=1))
@1030   n1 <- Deliver(from=n2 Record(n2#1000 ep=1))
@1030   n3 <- Deliver(from=n2 Record(n1#1000 ep=1))
@1030   n1 <- Deliver(from=n2 Advert(n2#1000 v=1d60e65b))
        n1 -> MeshSend(to=n2 Advert(n1#1000 v=1d60e65b))
        n1 -> MeshSend(to=n3 Advert(n2#1000 v=1d60e65b))
@1030   n3 <- Deliver(from=n2 Advert(n2#1000 v=1d60e65b))
        n3 -> MeshSend(to=n2 Advert(n3#1000 v=1d60e65b))
        n3 -> MeshSend(to=n1 Advert(n2#1000 v=1d60e65b))
        n3 -> Observe(MeshReady ep=1 v=1d60e65b)
        n3 -> ResolveStart(req=1 peer=n2 advertised=8.8.8.20:51820)
        n3 -> MeshSend(to=n1 Request(n3->n2 #1001))
        n3 -> MeshSend(to=n2 Request(n3->n2 #1001))
@1030   n2 <- Deliver(from=n3 Record(n3#1000 ep=1))
@1030   n1 <- Deliver(from=n3 Record(n3#1000 ep=1))
@1030   n2 <- Deliver(from=n3 Record(n1#1000 ep=1))
@1030   n1 <- Deliver(from=n3 Advert(n3#1000 v=1d60e65b))
        n1 -> MeshSend(to=n3 Advert(n1#1000 v=1d60e65b))
        n1 -> MeshSend(to=n2 Advert(n3#1000 v=1d60e65b))
        n1 -> Observe(MeshReady ep=1 v=1d60e65b)
        n1 -> ResolveStart(req=1 peer=n2 advertised=8.8.8.20:51820)
        n1 -> MeshSend(to=n2 Request(n1->n2 #1001))
        n1 -> MeshSend(to=n3 Request(n1->n2 #1001))
        n1 -> ResolveStart(req=2 peer=n3 advertised=8.8.8.30:51820)
        n1 -> MeshSend(to=n2 Request(n1->n3 #1002))
        n1 -> MeshSend(to=n3 Request(n1->n3 #1002))
@1030   n2 <- Deliver(from=n3 Advert(n3#1000 v=1d60e65b))
        n2 -> MeshSend(to=n3 Advert(n2#1000 v=1d60e65b))
        n2 -> MeshSend(to=n1 Advert(n3#1000 v=1d60e65b))
        n2 -> Observe(MeshReady ep=1 v=1d60e65b)
@1030   n1 <- Deliver(from=n2 Advert(n2#1000 v=1d60e65b))
@1030   n3 <- Deliver(from=n2 Advert(n1#1000 v=1d60e65b))
@1030   n1 <- Deliver(from=n3 Advert(n3#1000 v=1d60e65b))
@1030   n2 <- Deliver(from=n3 Advert(n1#1000 v=1d60e65b))
@1040   n2 <- Deliver(from=n1 Advert(n1#1000 v=1d60e65b))
@1040   n3 <- Deliver(from=n1 Advert(n2#1000 v=1d60e65b))
@1040   n2 <- Deliver(from=n3 Advert(n3#1000 v=1d60e65b))
@1040   n1 <- Deliver(from=n3 Advert(n2#1000 v=1d60e65b))
@1040   n1 <- Deliver(from=n3 Request(n3->n2 #1001))
        n1 -> MeshSend(to=n2 Request(n3->n2 #1001))
@1040   n2 <- Deliver(from=n3 Request(n3->n2 #1001))
        n2 -> ResolveStart(req=1 peer=n3 advertised=8.8.8.30:51820)
        n2 -> MeshSend(to=n1 Response(n2->n3 req=b5c7830a))
        n2 -> MeshSend(to=n3 Response(n2->n3 req=b5c7830a))
@1040   n3 <- Deliver(from=n1 Advert(n1#1000 v=1d60e65b))
@1040   n2 <- Deliver(from=n1 Advert(n3#1000 v=1d60e65b))
@1040   n2 <- Deliver(from=n1 Request(n1->n2 #1001))
        n2 -> ResolveStart(req=2 peer=n1 advertised=8.8.8.10:51820)
        n2 -> MeshSend(to=n1 Response(n2->n1 req=9a8e13a3))
        n2 -> MeshSend(to=n3 Response(n2->n1 req=9a8e13a3))
@1040   n3 <- Deliver(from=n1 Request(n1->n2 #1001))
        n3 -> MeshSend(to=n2 Request(n1->n2 #1001))
@1040   n2 <- Deliver(from=n1 Request(n1->n3 #1002))
        n2 -> MeshSend(to=n3 Request(n1->n3 #1002))
@1040   n3 <- Deliver(from=n1 Request(n1->n3 #1002))
        n3 -> ResolveStart(req=2 peer=n1 advertised=8.8.8.10:51820)
        n3 -> MeshSend(to=n1 Response(n3->n1 req=acf64f71))
        n3 -> MeshSend(to=n2 Response(n3->n1 req=acf64f71))
@1040   n3 <- Deliver(from=n2 Advert(n2#1000 v=1d60e65b))
@1040   n1 <- Deliver(from=n2 Advert(n3#1000 v=1d60e65b))
@1050   n2 <- Deliver(from=n1 Request(n3->n2 #1001))
        n2 -> MeshSend(to=n1 Response(n2->n3 req=b5c7830a))
        n2 -> MeshSend(to=n3 Response(n2->n3 req=b5c7830a))
@1050   n1 <- Deliver(from=n2 Response(n2->n3 req=b5c7830a))
        n1 -> MeshSend(to=n3 Response(n2->n3 req=b5c7830a))
@1050   n3 <- Deliver(from=n2 Response(n2->n3 req=b5c7830a))
        n3 -> MeshSend(to=n1 Ack(req=b5c7830a resp=ce3d37a1))
        n3 -> MeshSend(to=n2 Ack(req=b5c7830a resp=ce3d37a1))
@1050   n1 <- Deliver(from=n2 Response(n2->n1 req=9a8e13a3))
        n1 -> MeshSend(to=n2 Ack(req=9a8e13a3 resp=bdbd22b5))
        n1 -> MeshSend(to=n3 Ack(req=9a8e13a3 resp=bdbd22b5))
@1050   n3 <- Deliver(from=n2 Response(n2->n1 req=9a8e13a3))
        n3 -> MeshSend(to=n1 Response(n2->n1 req=9a8e13a3))
@1050   n2 <- Deliver(from=n3 Request(n1->n2 #1001))
        n2 -> MeshSend(to=n1 Response(n2->n1 req=9a8e13a3))
        n2 -> MeshSend(to=n3 Response(n2->n1 req=9a8e13a3))
@1050   n3 <- Deliver(from=n2 Request(n1->n3 #1002))
        n3 -> MeshSend(to=n1 Response(n3->n1 req=acf64f71))
        n3 -> MeshSend(to=n2 Response(n3->n1 req=acf64f71))
@1050   n1 <- Deliver(from=n3 Response(n3->n1 req=acf64f71))
        n1 -> MeshSend(to=n2 Ack(req=acf64f71 resp=b66077b3))
        n1 -> MeshSend(to=n3 Ack(req=acf64f71 resp=b66077b3))
        n1 -> WgApply(req=3 up peers=[n3@8.8.8.30:51820 ka=25, n2@8.8.8.20:51820 ka=25])
@1050   n1 <- WgApplied(req=3 ok)
        n1 -> Observe(TunnelsApplied ep=1 peers=2)
@1050   n2 <- Deliver(from=n3 Response(n3->n1 req=acf64f71))
        n2 -> MeshSend(to=n1 Response(n3->n1 req=acf64f71))
@1060   n1 <- Deliver(from=n2 Response(n2->n3 req=b5c7830a))
@1060   n3 <- Deliver(from=n2 Response(n2->n3 req=b5c7830a))
        n3 -> MeshSend(to=n1 Ack(req=b5c7830a resp=ce3d37a1))
        n3 -> MeshSend(to=n2 Ack(req=b5c7830a resp=ce3d37a1))
@1060   n3 <- Deliver(from=n1 Response(n2->n3 req=b5c7830a))
        n3 -> MeshSend(to=n1 Ack(req=b5c7830a resp=ce3d37a1))
        n3 -> MeshSend(to=n2 Ack(req=b5c7830a resp=ce3d37a1))
@1060   n1 <- Deliver(from=n3 Ack(req=b5c7830a resp=ce3d37a1))
        n1 -> MeshSend(to=n2 Ack(req=b5c7830a resp=ce3d37a1))
@1060   n2 <- Deliver(from=n3 Ack(req=b5c7830a resp=ce3d37a1))
@1060   n2 <- Deliver(from=n1 Ack(req=9a8e13a3 resp=bdbd22b5))
        n2 -> WgApply(req=3 up peers=[n1@8.8.8.10:51820 ka=25, n3@8.8.8.30:51820 ka=25])
@1060   n2 <- WgApplied(req=3 ok)
        n2 -> Observe(TunnelsApplied ep=1 peers=2)
@1060   n3 <- Deliver(from=n1 Ack(req=9a8e13a3 resp=bdbd22b5))
        n3 -> MeshSend(to=n2 Ack(req=9a8e13a3 resp=bdbd22b5))
@1060   n1 <- Deliver(from=n3 Response(n2->n1 req=9a8e13a3))
        n1 -> MeshSend(to=n2 Ack(req=9a8e13a3 resp=bdbd22b5))
        n1 -> MeshSend(to=n3 Ack(req=9a8e13a3 resp=bdbd22b5))
@1060   n1 <- Deliver(from=n2 Response(n2->n1 req=9a8e13a3))
        n1 -> MeshSend(to=n2 Ack(req=9a8e13a3 resp=bdbd22b5))
        n1 -> MeshSend(to=n3 Ack(req=9a8e13a3 resp=bdbd22b5))
@1060   n3 <- Deliver(from=n2 Response(n2->n1 req=9a8e13a3))
@1060   n1 <- Deliver(from=n3 Response(n3->n1 req=acf64f71))
        n1 -> MeshSend(to=n2 Ack(req=acf64f71 resp=b66077b3))
        n1 -> MeshSend(to=n3 Ack(req=acf64f71 resp=b66077b3))
@1060   n2 <- Deliver(from=n3 Response(n3->n1 req=acf64f71))
@1060   n2 <- Deliver(from=n1 Ack(req=acf64f71 resp=b66077b3))
        n2 -> MeshSend(to=n3 Ack(req=acf64f71 resp=b66077b3))
@1060   n3 <- Deliver(from=n1 Ack(req=acf64f71 resp=b66077b3))
        n3 -> WgApply(req=3 up peers=[n1@8.8.8.10:51820 ka=25, n2@8.8.8.20:51820 ka=25])
@1060   n3 <- WgApplied(req=3 ok)
        n3 -> Observe(TunnelsApplied ep=1 peers=2)
@1060   n1 <- Deliver(from=n2 Response(n3->n1 req=acf64f71))
        n1 -> MeshSend(to=n2 Ack(req=acf64f71 resp=b66077b3))
        n1 -> MeshSend(to=n3 Ack(req=acf64f71 resp=b66077b3))
@1070   n1 <- Deliver(from=n3 Ack(req=b5c7830a resp=ce3d37a1))
@1070   n2 <- Deliver(from=n3 Ack(req=b5c7830a resp=ce3d37a1))
@1070   n1 <- Deliver(from=n3 Ack(req=b5c7830a resp=ce3d37a1))
@1070   n2 <- Deliver(from=n3 Ack(req=b5c7830a resp=ce3d37a1))
@1070   n2 <- Deliver(from=n1 Ack(req=b5c7830a resp=ce3d37a1))
@1070   n2 <- Deliver(from=n3 Ack(req=9a8e13a3 resp=bdbd22b5))
@1070   n2 <- Deliver(from=n1 Ack(req=9a8e13a3 resp=bdbd22b5))
@1070   n3 <- Deliver(from=n1 Ack(req=9a8e13a3 resp=bdbd22b5))
@1070   n2 <- Deliver(from=n1 Ack(req=9a8e13a3 resp=bdbd22b5))
@1070   n3 <- Deliver(from=n1 Ack(req=9a8e13a3 resp=bdbd22b5))
@1070   n2 <- Deliver(from=n1 Ack(req=acf64f71 resp=b66077b3))
@1070   n3 <- Deliver(from=n1 Ack(req=acf64f71 resp=b66077b3))
@1070   n3 <- Deliver(from=n2 Ack(req=acf64f71 resp=b66077b3))
@1070   n2 <- Deliver(from=n1 Ack(req=acf64f71 resp=b66077b3))
@1070   n3 <- Deliver(from=n1 Ack(req=acf64f71 resp=b66077b3))
@1080   n3 <- Resolved(req=1 advertised)
@1080   n1 <- Resolved(req=1 advertised)
@1080   n1 <- Resolved(req=2 advertised)
@1090   n2 <- Resolved(req=1 advertised)
@1090   n2 <- Resolved(req=2 advertised)
@1090   n3 <- Resolved(req=2 advertised)
@1090   n3 <- Shutdown
        n3 -> WgRemove
@1090   n1 <- Retarget(ep=2 members=[n1,n2] standbys=[] view=100 persisted=no)
        n1 -> MeshSend(to=n2 Record(n1#1090 ep=2))
@1090   n2 <- Retarget(ep=2 members=[n1,n2] standbys=[] view=100 persisted=no)
        n2 -> MeshSend(to=n1 Record(n2#1090 ep=2))
@1100   n2 <- Deliver(from=n1 Record(n1#1090 ep=2))
        n2 -> MeshSend(to=n1 Record(n2#1090 ep=2))
        n2 -> MeshSend(to=n1 Advert(n2#1090 v=c5a9b74c))
@1100   n1 <- Deliver(from=n2 Record(n2#1090 ep=2))
        n1 -> MeshSend(to=n2 Record(n1#1090 ep=2))
        n1 -> MeshSend(to=n2 Advert(n1#1090 v=c5a9b74c))
@1110   n1 <- Deliver(from=n2 Record(n2#1090 ep=2))
@1110   n1 <- Deliver(from=n2 Advert(n2#1090 v=c5a9b74c))
        n1 -> MeshSend(to=n2 Advert(n1#1090 v=c5a9b74c))
        n1 -> Observe(MeshReady ep=2 v=c5a9b74c)
        n1 -> ResolveStart(req=4 peer=n2 advertised=8.8.8.20:51820)
        n1 -> MeshSend(to=n2 Request(n1->n2 #1091))
@1110   n2 <- Deliver(from=n1 Record(n1#1090 ep=2))
@1110   n2 <- Deliver(from=n1 Advert(n1#1090 v=c5a9b74c))
        n2 -> MeshSend(to=n1 Advert(n2#1090 v=c5a9b74c))
        n2 -> Observe(MeshReady ep=2 v=c5a9b74c)
@1120   n2 <- Deliver(from=n1 Advert(n1#1090 v=c5a9b74c))
@1120   n2 <- Deliver(from=n1 Request(n1->n2 #1091))
        n2 -> ResolveStart(req=4 peer=n1 advertised=8.8.8.10:51820)
        n2 -> MeshSend(to=n1 Response(n2->n1 req=47a360d0))
@1120   n1 <- Deliver(from=n2 Advert(n2#1090 v=c5a9b74c))
@1130   n1 <- Deliver(from=n2 Response(n2->n1 req=47a360d0))
        n1 -> MeshSend(to=n2 Ack(req=47a360d0 resp=ee50620f))
        n1 -> WgApply(req=5 update peers=[n2@8.8.8.20:51820 ka=25])
@1130   n1 <- WgApplied(req=5 ok)
        n1 -> Observe(TunnelsApplied ep=2 peers=1)
@1140   n2 <- Deliver(from=n1 Ack(req=47a360d0 resp=ee50620f))
        n2 -> WgApply(req=5 update peers=[n1@8.8.8.10:51820 ka=25])
@1140   n2 <- WgApplied(req=5 ok)
        n2 -> Observe(TunnelsApplied ep=2 peers=1)
@1160   n1 <- Resolved(req=4 advertised)
@1170   n2 <- Resolved(req=4 advertised)
