chain net#restart
n1 = seed 10 id 0632c75d wg 8.8.8.10:51820
n2 = seed 20 id 6f94ba26 wg endpoint-less
n3 = seed 30 id 15f56b3f wg 8.8.8.30:51820
@1000   n1 ** start
@1000   n1 <- Retarget(ep=1 members=[n1,n2,n3] standbys=[] view=1 persisted=no)
        n1 -> MeshSend(to=n2 Record(n1#1000 ep=1))
           -- dropped: n2 is down
        n1 -> MeshSend(to=n3 Record(n1#1000 ep=1))
           -- dropped: n3 is down
@1000   n2 ** start
@1000   n2 <- Retarget(ep=1 members=[n1,n2,n3] standbys=[] view=1 persisted=no)
        n2 -> MeshSend(to=n1 Record(n2#1000 ep=1))
        n2 -> MeshSend(to=n3 Record(n2#1000 ep=1))
           -- dropped: n3 is down
@1000   n3 ** start
@1000   n3 <- Retarget(ep=1 members=[n1,n2,n3] standbys=[] view=1 persisted=no)
        n3 -> MeshSend(to=n1 Record(n3#1000 ep=1))
        n3 -> MeshSend(to=n2 Record(n3#1000 ep=1))
@1010   n1 <- Deliver(from=n2 Record(n2#1000 ep=1))
        n1 -> MeshSend(to=n2 Record(n1#1000 ep=1))
        n1 -> Observe(ControlEndpointObserved n2 8.8.8.20:443)
        n1 -> MeshSend(to=n3 Record(n2#1000 ep=1))
@1010   n1 <- Deliver(from=n3 Record(n3#1000 ep=1))
        n1 -> MeshSend(to=n3 Record(n1#1000 ep=1))
        n1 -> Observe(ControlEndpointObserved n3 8.8.8.30:443)
        n1 -> MeshSend(to=n2 Record(n3#1000 ep=1))
        n1 -> MeshSend(to=n2 Advert(n1#1000 v=6ddbf6af))
        n1 -> MeshSend(to=n3 Advert(n1#1000 v=6ddbf6af))
@1010   n2 <- Deliver(from=n3 Record(n3#1000 ep=1))
        n2 -> MeshSend(to=n3 Record(n2#1000 ep=1))
        n2 -> Observe(ControlEndpointObserved n3 8.8.8.30:443)
        n2 -> MeshSend(to=n1 Record(n3#1000 ep=1))
@1020   n2 <- Deliver(from=n1 Record(n1#1000 ep=1))
        n2 -> MeshSend(to=n1 Record(n2#1000 ep=1))
        n2 -> Observe(ControlEndpointObserved n1 8.8.8.10:443)
        n2 -> MeshSend(to=n3 Record(n1#1000 ep=1))
        n2 -> MeshSend(to=n1 Advert(n2#1000 v=6ddbf6af))
        n2 -> MeshSend(to=n3 Advert(n2#1000 v=6ddbf6af))
@1020   n3 <- Deliver(from=n1 Record(n2#1000 ep=1))
        n3 -> MeshSend(to=n2 Record(n3#1000 ep=1))
        n3 -> Observe(ControlEndpointObserved n2 8.8.8.20:443)
@1020   n3 <- Deliver(from=n1 Record(n1#1000 ep=1))
        n3 -> MeshSend(to=n1 Record(n3#1000 ep=1))
        n3 -> Observe(ControlEndpointObserved n1 8.8.8.10:443)
        n3 -> MeshSend(to=n2 Record(n1#1000 ep=1))
        n3 -> MeshSend(to=n1 Advert(n3#1000 v=6ddbf6af))
        n3 -> MeshSend(to=n2 Advert(n3#1000 v=6ddbf6af))
@1020   n2 <- Deliver(from=n1 Record(n3#1000 ep=1))
@1020   n2 <- Deliver(from=n1 Advert(n1#1000 v=6ddbf6af))
        n2 -> MeshSend(to=n1 Advert(n2#1000 v=6ddbf6af))
        n2 -> MeshSend(to=n3 Advert(n1#1000 v=6ddbf6af))
@1020   n3 <- Deliver(from=n1 Advert(n1#1000 v=6ddbf6af))
        n3 -> MeshSend(to=n1 Advert(n3#1000 v=6ddbf6af))
        n3 -> MeshSend(to=n2 Advert(n1#1000 v=6ddbf6af))
@1020   n3 <- Deliver(from=n2 Record(n2#1000 ep=1))
@1020   n1 <- Deliver(from=n2 Record(n3#1000 ep=1))
@1030   n1 <- Deliver(from=n2 Record(n2#1000 ep=1))
@1030   n3 <- Deliver(from=n2 Record(n1#1000 ep=1))
@1030   n1 <- Deliver(from=n2 Advert(n2#1000 v=6ddbf6af))
        n1 -> MeshSend(to=n2 Advert(n1#1000 v=6ddbf6af))
        n1 -> MeshSend(to=n3 Advert(n2#1000 v=6ddbf6af))
@1030   n3 <- Deliver(from=n2 Advert(n2#1000 v=6ddbf6af))
        n3 -> MeshSend(to=n2 Advert(n3#1000 v=6ddbf6af))
        n3 -> MeshSend(to=n1 Advert(n2#1000 v=6ddbf6af))
        n3 -> Observe(MeshReady ep=1 v=6ddbf6af)
        n3 -> RendezvousStart(req=1 peer=n2)
        n3 -> MeshSend(to=n1 Request(n3->n2 #1001))
        n3 -> MeshSend(to=n2 Request(n3->n2 #1001))
@1030   n2 <- Deliver(from=n3 Record(n3#1000 ep=1))
@1030   n1 <- Deliver(from=n3 Record(n3#1000 ep=1))
@1030   n2 <- Deliver(from=n3 Record(n1#1000 ep=1))
@1030   n1 <- Deliver(from=n3 Advert(n3#1000 v=6ddbf6af))
        n1 -> MeshSend(to=n3 Advert(n1#1000 v=6ddbf6af))
        n1 -> MeshSend(to=n2 Advert(n3#1000 v=6ddbf6af))
        n1 -> Observe(MeshReady ep=1 v=6ddbf6af)
        n1 -> RendezvousStart(req=1 peer=n2)
        n1 -> MeshSend(to=n2 Request(n1->n2 #1001))
        n1 -> MeshSend(to=n3 Request(n1->n2 #1001))
        n1 -> ResolveStart(req=2 peer=n3 advertised=8.8.8.30:51820)
        n1 -> MeshSend(to=n2 Request(n1->n3 #1002))
        n1 -> MeshSend(to=n3 Request(n1->n3 #1002))
@1030   n2 <- Deliver(from=n3 Advert(n3#1000 v=6ddbf6af))
        n2 -> MeshSend(to=n3 Advert(n2#1000 v=6ddbf6af))
        n2 -> MeshSend(to=n1 Advert(n3#1000 v=6ddbf6af))
        n2 -> Observe(MeshReady ep=1 v=6ddbf6af)
@1030   n1 <- Deliver(from=n2 Advert(n2#1000 v=6ddbf6af))
@1030   n3 <- Deliver(from=n2 Advert(n1#1000 v=6ddbf6af))
@1030   n1 <- Deliver(from=n3 Advert(n3#1000 v=6ddbf6af))
@1030   n2 <- Deliver(from=n3 Advert(n1#1000 v=6ddbf6af))
@1040   n2 <- Deliver(from=n1 Advert(n1#1000 v=6ddbf6af))
@1040   n3 <- Deliver(from=n1 Advert(n2#1000 v=6ddbf6af))
@1040   n2 <- Deliver(from=n3 Advert(n3#1000 v=6ddbf6af))
@1040   n1 <- Deliver(from=n3 Advert(n2#1000 v=6ddbf6af))
@1040   n1 <- Deliver(from=n3 Request(n3->n2 #1001))
        n1 -> MeshSend(to=n2 Request(n3->n2 #1001))
@1040   n2 <- Deliver(from=n3 Request(n3->n2 #1001))
        n2 -> ResolveStart(req=1 peer=n3 advertised=8.8.8.30:51820)
        n2 -> MeshSend(to=n1 Response(n2->n3 req=a83b7590))
        n2 -> MeshSend(to=n3 Response(n2->n3 req=a83b7590))
@1040   n3 <- Deliver(from=n1 Advert(n1#1000 v=6ddbf6af))
@1040   n2 <- Deliver(from=n1 Advert(n3#1000 v=6ddbf6af))
@1040   n2 <- Deliver(from=n1 Request(n1->n2 #1001))
        n2 -> ResolveStart(req=2 peer=n1 advertised=8.8.8.10:51820)
        n2 -> MeshSend(to=n1 Response(n2->n1 req=1fcfeecf))
        n2 -> MeshSend(to=n3 Response(n2->n1 req=1fcfeecf))
@1040   n3 <- Deliver(from=n1 Request(n1->n2 #1001))
        n3 -> MeshSend(to=n2 Request(n1->n2 #1001))
@1040   n2 <- Deliver(from=n1 Request(n1->n3 #1002))
        n2 -> MeshSend(to=n3 Request(n1->n3 #1002))
@1040   n3 <- Deliver(from=n1 Request(n1->n3 #1002))
        n3 -> ResolveStart(req=2 peer=n1 advertised=8.8.8.10:51820)
        n3 -> MeshSend(to=n1 Response(n3->n1 req=879ce39a))
        n3 -> MeshSend(to=n2 Response(n3->n1 req=879ce39a))
@1040   n3 <- Deliver(from=n2 Advert(n2#1000 v=6ddbf6af))
@1040   n1 <- Deliver(from=n2 Advert(n3#1000 v=6ddbf6af))
@1050   n2 <- Deliver(from=n1 Request(n3->n2 #1001))
        n2 -> MeshSend(to=n1 Response(n2->n3 req=a83b7590))
        n2 -> MeshSend(to=n3 Response(n2->n3 req=a83b7590))
@1050   n1 <- Deliver(from=n2 Response(n2->n3 req=a83b7590))
        n1 -> MeshSend(to=n3 Response(n2->n3 req=a83b7590))
@1050   n3 <- Deliver(from=n2 Response(n2->n3 req=a83b7590))
        n3 -> MeshSend(to=n1 Ack(req=a83b7590 resp=5fae54b6))
        n3 -> MeshSend(to=n2 Ack(req=a83b7590 resp=5fae54b6))
@1050   n1 <- Deliver(from=n2 Response(n2->n1 req=1fcfeecf))
        n1 -> MeshSend(to=n2 Ack(req=1fcfeecf resp=a85a620e))
        n1 -> MeshSend(to=n3 Ack(req=1fcfeecf resp=a85a620e))
@1050   n3 <- Deliver(from=n2 Response(n2->n1 req=1fcfeecf))
        n3 -> MeshSend(to=n1 Response(n2->n1 req=1fcfeecf))
@1050   n2 <- Deliver(from=n3 Request(n1->n2 #1001))
        n2 -> MeshSend(to=n1 Response(n2->n1 req=1fcfeecf))
        n2 -> MeshSend(to=n3 Response(n2->n1 req=1fcfeecf))
@1050   n3 <- Deliver(from=n2 Request(n1->n3 #1002))
        n3 -> MeshSend(to=n1 Response(n3->n1 req=879ce39a))
        n3 -> MeshSend(to=n2 Response(n3->n1 req=879ce39a))
@1050   n1 <- Deliver(from=n3 Response(n3->n1 req=879ce39a))
        n1 -> MeshSend(to=n2 Ack(req=879ce39a resp=b3e345a8))
        n1 -> MeshSend(to=n3 Ack(req=879ce39a resp=b3e345a8))
        n1 -> WgApply(req=3 up peers=[n3@8.8.8.30:51820 ka=25, n2@- ka=25])
@1050   n1 <- WgApplied(req=3 ok)
        n1 -> Persist
        n1 -> Observe(TunnelsApplied ep=1 peers=2)
@1050   n2 <- Deliver(from=n3 Response(n3->n1 req=879ce39a))
        n2 -> MeshSend(to=n1 Response(n3->n1 req=879ce39a))
@1060   n1 <- Deliver(from=n2 Response(n2->n3 req=a83b7590))
@1060   n3 <- Deliver(from=n2 Response(n2->n3 req=a83b7590))
        n3 -> MeshSend(to=n1 Ack(req=a83b7590 resp=5fae54b6))
        n3 -> MeshSend(to=n2 Ack(req=a83b7590 resp=5fae54b6))
@1060   n3 <- Deliver(from=n1 Response(n2->n3 req=a83b7590))
        n3 -> MeshSend(to=n1 Ack(req=a83b7590 resp=5fae54b6))
        n3 -> MeshSend(to=n2 Ack(req=a83b7590 resp=5fae54b6))
@1060   n1 <- Deliver(from=n3 Ack(req=a83b7590 resp=5fae54b6))
        n1 -> MeshSend(to=n2 Ack(req=a83b7590 resp=5fae54b6))
@1060   n2 <- Deliver(from=n3 Ack(req=a83b7590 resp=5fae54b6))
@1060   n2 <- Deliver(from=n1 Ack(req=1fcfeecf resp=a85a620e))
        n2 -> WgApply(req=3 up peers=[n1@8.8.8.10:51820 ka=25, n3@8.8.8.30:51820 ka=25])
@1060   n2 <- WgApplied(req=3 ok)
        n2 -> Persist
        n2 -> Observe(TunnelsApplied ep=1 peers=2)
@1060   n3 <- Deliver(from=n1 Ack(req=1fcfeecf resp=a85a620e))
        n3 -> MeshSend(to=n2 Ack(req=1fcfeecf resp=a85a620e))
@1060   n1 <- Deliver(from=n3 Response(n2->n1 req=1fcfeecf))
        n1 -> MeshSend(to=n2 Ack(req=1fcfeecf resp=a85a620e))
        n1 -> MeshSend(to=n3 Ack(req=1fcfeecf resp=a85a620e))
@1060   n1 <- Deliver(from=n2 Response(n2->n1 req=1fcfeecf))
        n1 -> MeshSend(to=n2 Ack(req=1fcfeecf resp=a85a620e))
        n1 -> MeshSend(to=n3 Ack(req=1fcfeecf resp=a85a620e))
@1060   n3 <- Deliver(from=n2 Response(n2->n1 req=1fcfeecf))
@1060   n1 <- Deliver(from=n3 Response(n3->n1 req=879ce39a))
        n1 -> MeshSend(to=n2 Ack(req=879ce39a resp=b3e345a8))
        n1 -> MeshSend(to=n3 Ack(req=879ce39a resp=b3e345a8))
@1060   n2 <- Deliver(from=n3 Response(n3->n1 req=879ce39a))
@1060   n2 <- Deliver(from=n1 Ack(req=879ce39a resp=b3e345a8))
        n2 -> MeshSend(to=n3 Ack(req=879ce39a resp=b3e345a8))
@1060   n3 <- Deliver(from=n1 Ack(req=879ce39a resp=b3e345a8))
        n3 -> WgApply(req=3 up peers=[n1@8.8.8.10:51820 ka=25, n2@- ka=25])
@1060   n3 <- WgApplied(req=3 ok)
        n3 -> Persist
        n3 -> Observe(TunnelsApplied ep=1 peers=2)
@1060   n1 <- Deliver(from=n2 Response(n3->n1 req=879ce39a))
        n1 -> MeshSend(to=n2 Ack(req=879ce39a resp=b3e345a8))
        n1 -> MeshSend(to=n3 Ack(req=879ce39a resp=b3e345a8))
@1070   n1 <- Deliver(from=n3 Ack(req=a83b7590 resp=5fae54b6))
@1070   n2 <- Deliver(from=n3 Ack(req=a83b7590 resp=5fae54b6))
@1070   n1 <- Deliver(from=n3 Ack(req=a83b7590 resp=5fae54b6))
@1070   n2 <- Deliver(from=n3 Ack(req=a83b7590 resp=5fae54b6))
@1070   n2 <- Deliver(from=n1 Ack(req=a83b7590 resp=5fae54b6))
@1070   n2 <- Deliver(from=n3 Ack(req=1fcfeecf resp=a85a620e))
@1070   n2 <- Deliver(from=n1 Ack(req=1fcfeecf resp=a85a620e))
@1070   n3 <- Deliver(from=n1 Ack(req=1fcfeecf resp=a85a620e))
@1070   n2 <- Deliver(from=n1 Ack(req=1fcfeecf resp=a85a620e))
@1070   n3 <- Deliver(from=n1 Ack(req=1fcfeecf resp=a85a620e))
@1070   n2 <- Deliver(from=n1 Ack(req=879ce39a resp=b3e345a8))
@1070   n3 <- Deliver(from=n1 Ack(req=879ce39a resp=b3e345a8))
@1070   n3 <- Deliver(from=n2 Ack(req=879ce39a resp=b3e345a8))
@1070   n2 <- Deliver(from=n1 Ack(req=879ce39a resp=b3e345a8))
@1070   n3 <- Deliver(from=n1 Ack(req=879ce39a resp=b3e345a8))
@1080   n3 <- RendezvousResolved(req=1 ok 8.8.9.20:40020)
        n3 -> WgApply(req=4 update peers=[n1@8.8.8.10:51820 ka=25, n2@8.8.9.20:40020 ka=25])
@1080   n3 <- WgApplied(req=4 ok)
        n3 -> Observe(PeerEndpointResolved n2 8.8.9.20:40020)
@1080   n1 <- RendezvousResolved(req=1 ok 8.8.9.20:40020)
        n1 -> WgApply(req=4 update peers=[n3@8.8.8.30:51820 ka=25, n2@8.8.9.20:40020 ka=25])
@1080   n1 <- WgApplied(req=4 ok)
        n1 -> Observe(PeerEndpointResolved n2 8.8.9.20:40020)
@1080   n1 <- Resolved(req=2 advertised)
@1090   n2 <- Resolved(req=1 advertised)
@1090   n2 <- Resolved(req=2 advertised)
@1090   n3 <- Resolved(req=2 advertised)
@3090   n1 <- Nudge
        n1 -> MeshSend(to=n2 Ack(req=a83b7590 resp=5fae54b6))
        n1 -> MeshSend(to=n3 Record(n1#1000 ep=1))
        n1 -> MeshSend(to=n3 Advert(n1#1000 v=6ddbf6af))
        n1 -> MeshSend(to=n2 Record(n1#1000 ep=1))
        n1 -> MeshSend(to=n2 Advert(n1#1000 v=6ddbf6af))
@3090   n2 <- Nudge
        n2 -> MeshSend(to=n3 Ack(req=879ce39a resp=b3e345a8))
        n2 -> MeshSend(to=n1 Record(n2#1000 ep=1))
        n2 -> MeshSend(to=n1 Advert(n2#1000 v=6ddbf6af))
        n2 -> MeshSend(to=n3 Record(n2#1000 ep=1))
        n2 -> MeshSend(to=n3 Advert(n2#1000 v=6ddbf6af))
@3090   n3 <- Nudge
        n3 -> MeshSend(to=n2 Ack(req=1fcfeecf resp=a85a620e))
        n3 -> MeshSend(to=n1 Record(n3#1000 ep=1))
        n3 -> MeshSend(to=n1 Advert(n3#1000 v=6ddbf6af))
        n3 -> MeshSend(to=n2 Record(n3#1000 ep=1))
        n3 -> MeshSend(to=n2 Advert(n3#1000 v=6ddbf6af))
@3100   n2 <- Deliver(from=n1 Ack(req=a83b7590 resp=5fae54b6))
@3100   n3 <- Deliver(from=n1 Record(n1#1000 ep=1))
@3100   n3 <- Deliver(from=n1 Advert(n1#1000 v=6ddbf6af))
@3100   n2 <- Deliver(from=n1 Record(n1#1000 ep=1))
@3100   n2 <- Deliver(from=n1 Advert(n1#1000 v=6ddbf6af))
@3100   n3 <- Deliver(from=n2 Ack(req=879ce39a resp=b3e345a8))
@3100   n1 <- Deliver(from=n2 Record(n2#1000 ep=1))
@3100   n1 <- Deliver(from=n2 Advert(n2#1000 v=6ddbf6af))
@3100   n3 <- Deliver(from=n2 Record(n2#1000 ep=1))
@3100   n3 <- Deliver(from=n2 Advert(n2#1000 v=6ddbf6af))
@3100   n2 <- Deliver(from=n3 Ack(req=1fcfeecf resp=a85a620e))
@3100   n1 <- Deliver(from=n3 Record(n3#1000 ep=1))
@3100   n1 <- Deliver(from=n3 Advert(n3#1000 v=6ddbf6af))
@3100   n2 <- Deliver(from=n3 Record(n3#1000 ep=1))
@3100   n2 <- Deliver(from=n3 Advert(n3#1000 v=6ddbf6af))
@5090   n1 <- Nudge
        n1 -> MeshSend(to=n2 Ack(req=a83b7590 resp=5fae54b6))
@5090   n2 <- Nudge
        n2 -> MeshSend(to=n3 Ack(req=879ce39a resp=b3e345a8))
@5090   n3 <- Nudge
        n3 -> MeshSend(to=n2 Ack(req=1fcfeecf resp=a85a620e))
@5100   n2 <- Deliver(from=n1 Ack(req=a83b7590 resp=5fae54b6))
@5100   n3 <- Deliver(from=n2 Ack(req=879ce39a resp=b3e345a8))
@5100   n2 <- Deliver(from=n3 Ack(req=1fcfeecf resp=a85a620e))
@5100   n2 ** stop
@5100   n2 ** start
@5100   n2 <- Retarget(ep=1 members=[n1,n2,n3] standbys=[] view=40 persisted=yes)
        n2 -> Observe(ControlEndpointObserved n1 8.8.8.10:443)
        n2 -> Observe(ControlEndpointObserved n3 8.8.8.30:443)
        n2 -> ResolveStart(req=1 peer=n1 advertised=8.8.8.10:51820)
        n2 -> ResolveStart(req=2 peer=n3 advertised=8.8.8.30:51820)
@5150   n2 <- Resolved(req=1 advertised)
@5150   n2 <- Resolved(req=2 advertised)
        n2 -> WgApply(req=3 up peers=[n1@8.8.8.10:51820 ka=25, n3@8.8.8.30:51820 ka=25])
@5150   n2 <- WgApplied(req=3 ok)
        n2 -> Observe(MeshRestored ep=1 peers=2)
        n2 -> MeshSend(to=n1 Record(n2#5150 ep=1))
        n2 -> MeshSend(to=n3 Record(n2#5150 ep=1))
@5160   n1 <- Deliver(from=n2 Record(n2#5150 ep=1))
        n1 -> RendezvousStart(req=5 peer=n2)
@5160   n3 <- Deliver(from=n2 Record(n2#5150 ep=1))
        n3 -> RendezvousStart(req=5 peer=n2)
@5210   n1 <- RendezvousResolved(req=5 ok 8.8.9.20:40021)
        n1 -> Persist
        n1 -> WgApply(req=6 update peers=[n3@8.8.8.30:51820 ka=25, n2@8.8.9.20:40021 ka=25])
@5210   n1 <- WgApplied(req=6 ok)
        n1 -> Observe(PeerReadvertised n2)
        n1 -> MeshSend(to=n3 Record(n2#5150 ep=1))
@5210   n3 <- RendezvousResolved(req=5 ok 8.8.9.20:40021)
        n3 -> Persist
        n3 -> WgApply(req=6 update peers=[n1@8.8.8.10:51820 ka=25, n2@8.8.9.20:40021 ka=25])
@5210   n3 <- WgApplied(req=6 ok)
        n3 -> Observe(PeerReadvertised n2)
        n3 -> MeshSend(to=n1 Record(n2#5150 ep=1))
@5220   n3 <- Deliver(from=n1 Record(n2#5150 ep=1))
@5220   n1 <- Deliver(from=n3 Record(n2#5150 ep=1))
@7220   n1 <- Nudge
        n1 -> MeshSend(to=n2 Ack(req=a83b7590 resp=5fae54b6))
@7220   n2 <- Nudge
        n2 -> MeshSend(to=n1 Record(n2#5150 ep=1))
        n2 -> MeshSend(to=n3 Record(n2#5150 ep=1))
@7220   n3 <- Nudge
        n3 -> MeshSend(to=n2 Ack(req=1fcfeecf resp=a85a620e))
@7230   n2 <- Deliver(from=n1 Ack(req=a83b7590 resp=5fae54b6))
@7230   n1 <- Deliver(from=n2 Record(n2#5150 ep=1))
@7230   n3 <- Deliver(from=n2 Record(n2#5150 ep=1))
@7230   n2 <- Deliver(from=n3 Ack(req=1fcfeecf resp=a85a620e))
@9220   n1 <- Nudge
        n1 -> MeshSend(to=n2 Ack(req=a83b7590 resp=5fae54b6))
@9220   n2 <- Nudge
        n2 -> MeshSend(to=n1 Record(n2#5150 ep=1))
        n2 -> MeshSend(to=n3 Record(n2#5150 ep=1))
@9220   n3 <- Nudge
        n3 -> MeshSend(to=n2 Ack(req=1fcfeecf resp=a85a620e))
@9230   n2 <- Deliver(from=n1 Ack(req=a83b7590 resp=5fae54b6))
@9230   n1 <- Deliver(from=n2 Record(n2#5150 ep=1))
@9230   n3 <- Deliver(from=n2 Record(n2#5150 ep=1))
@9230   n2 <- Deliver(from=n3 Ack(req=1fcfeecf resp=a85a620e))
@11220  n1 <- Nudge
        n1 -> MeshSend(to=n2 Ack(req=a83b7590 resp=5fae54b6))
@11220  n2 <- Nudge
        n2 -> MeshSend(to=n1 Record(n2#5150 ep=1))
        n2 -> MeshSend(to=n3 Record(n2#5150 ep=1))
@11220  n3 <- Nudge
        n3 -> MeshSend(to=n2 Ack(req=1fcfeecf resp=a85a620e))
@11230  n2 <- Deliver(from=n1 Ack(req=a83b7590 resp=5fae54b6))
@11230  n1 <- Deliver(from=n2 Record(n2#5150 ep=1))
@11230  n3 <- Deliver(from=n2 Record(n2#5150 ep=1))
@11230  n2 <- Deliver(from=n3 Ack(req=1fcfeecf resp=a85a620e))
@13220  n1 <- Nudge
        n1 -> MeshSend(to=n2 Ack(req=a83b7590 resp=5fae54b6))
        n1 -> MeshSend(to=n2 Record(n1#1000 ep=1))
        n1 -> MeshSend(to=n2 Advert(n1#1000 v=6ddbf6af))
@13220  n2 <- Nudge
        n2 -> MeshSend(to=n1 Record(n2#5150 ep=1))
        n2 -> MeshSend(to=n3 Record(n2#5150 ep=1))
@13220  n3 <- Nudge
        n3 -> MeshSend(to=n2 Ack(req=1fcfeecf resp=a85a620e))
        n3 -> MeshSend(to=n2 Record(n3#1000 ep=1))
        n3 -> MeshSend(to=n2 Advert(n3#1000 v=6ddbf6af))
@13230  n2 <- Deliver(from=n1 Ack(req=a83b7590 resp=5fae54b6))
@13230  n2 <- Deliver(from=n1 Record(n1#1000 ep=1))
        n2 -> MeshSend(to=n1 Record(n2#5150 ep=1))
        n2 -> MeshSend(to=n3 Record(n1#1000 ep=1))
@13230  n2 <- Deliver(from=n1 Advert(n1#1000 v=6ddbf6af))
        n2 -> MeshSend(to=n3 Advert(n1#1000 v=6ddbf6af))
@13230  n1 <- Deliver(from=n2 Record(n2#5150 ep=1))
@13230  n3 <- Deliver(from=n2 Record(n2#5150 ep=1))
@13230  n2 <- Deliver(from=n3 Ack(req=1fcfeecf resp=a85a620e))
@13230  n2 <- Deliver(from=n3 Record(n3#1000 ep=1))
        n2 -> MeshSend(to=n3 Record(n2#5150 ep=1))
        n2 -> MeshSend(to=n1 Record(n3#1000 ep=1))
        n2 -> MeshSend(to=n1 Advert(n2#5150 v=f08146fc))
        n2 -> MeshSend(to=n3 Advert(n2#5150 v=f08146fc))
@13230  n2 <- Deliver(from=n3 Advert(n3#1000 v=6ddbf6af))
        n2 -> MeshSend(to=n3 Advert(n2#5150 v=f08146fc))
        n2 -> MeshSend(to=n1 Advert(n3#1000 v=6ddbf6af))
        n2 -> ResolveStart(req=4 peer=n1 advertised=8.8.8.10:51820)
        n2 -> ResolveStart(req=5 peer=n3 advertised=8.8.8.30:51820)
@13240  n1 <- Deliver(from=n2 Record(n2#5150 ep=1))
@13240  n3 <- Deliver(from=n2 Record(n1#1000 ep=1))
@13240  n3 <- Deliver(from=n2 Advert(n1#1000 v=6ddbf6af))
@13240  n3 <- Deliver(from=n2 Record(n2#5150 ep=1))
@13240  n1 <- Deliver(from=n2 Record(n3#1000 ep=1))
@13240  n1 <- Deliver(from=n2 Advert(n2#5150 v=f08146fc))
@13240  n3 <- Deliver(from=n2 Advert(n2#5150 v=f08146fc))
@13240  n3 <- Deliver(from=n2 Advert(n2#5150 v=f08146fc))
@13240  n1 <- Deliver(from=n2 Advert(n3#1000 v=6ddbf6af))
@13280  n2 <- Resolved(req=4 advertised)
@13280  n2 <- Resolved(req=5 advertised)
        n2 -> WgApply(req=6 update peers=[n1@8.8.8.10:51820 ka=25, n3@8.8.8.30:51820 ka=25])
@13280  n2 <- WgApplied(req=6 ok)
        n2 -> Persist
        n2 -> Observe(MeshAdopted ep=1 v=6ddbf6af peers=2)
        n2 -> Observe(TunnelsApplied ep=1 peers=2)
@15220  n1 <- Nudge
        n1 -> MeshSend(to=n2 Ack(req=a83b7590 resp=5fae54b6))
        n1 -> MeshSend(to=n3 Record(n1#1000 ep=1))
        n1 -> MeshSend(to=n3 Advert(n1#1000 v=6ddbf6af))
@15220  n2 <- Nudge
        n2 -> MeshSend(to=n1 Record(n2#5150 ep=1))
        n2 -> MeshSend(to=n3 Record(n2#5150 ep=1))
@15220  n3 <- Nudge
        n3 -> MeshSend(to=n2 Ack(req=1fcfeecf resp=a85a620e))
        n3 -> MeshSend(to=n1 Record(n3#1000 ep=1))
        n3 -> MeshSend(to=n1 Advert(n3#1000 v=6ddbf6af))
@15230  n2 <- Deliver(from=n1 Ack(req=a83b7590 resp=5fae54b6))
@15230  n3 <- Deliver(from=n1 Record(n1#1000 ep=1))
@15230  n3 <- Deliver(from=n1 Advert(n1#1000 v=6ddbf6af))
@15230  n1 <- Deliver(from=n2 Record(n2#5150 ep=1))
@15230  n3 <- Deliver(from=n2 Record(n2#5150 ep=1))
@15230  n2 <- Deliver(from=n3 Ack(req=1fcfeecf resp=a85a620e))
@15230  n1 <- Deliver(from=n3 Record(n3#1000 ep=1))
@15230  n1 <- Deliver(from=n3 Advert(n3#1000 v=6ddbf6af))
@17220  n1 <- Nudge
        n1 -> MeshSend(to=n2 Ack(req=a83b7590 resp=5fae54b6))
@17220  n2 <- Nudge
        n2 -> MeshSend(to=n1 Record(n2#5150 ep=1))
        n2 -> MeshSend(to=n3 Record(n2#5150 ep=1))
@17220  n3 <- Nudge
        n3 -> MeshSend(to=n2 Ack(req=1fcfeecf resp=a85a620e))
@17230  n2 <- Deliver(from=n1 Ack(req=a83b7590 resp=5fae54b6))
@17230  n1 <- Deliver(from=n2 Record(n2#5150 ep=1))
@17230  n3 <- Deliver(from=n2 Record(n2#5150 ep=1))
@17230  n2 <- Deliver(from=n3 Ack(req=1fcfeecf resp=a85a620e))
