chain net#rebind
n1 = seed 10 id 0632c75d wg 8.8.8.10:51820
n2 = seed 20 id 6f94ba26 wg 8.8.8.20:51820
n3 = seed 30 id 15f56b3f wg 8.8.8.30:51820
@1000   n1 ** start
@1000   n1 <- Retarget(ep=1 members=[n1,n2,n3] standbys=[] view=1 persisted=no)
        n1 -> MeshSend(to=n2 Record(n1#1000 ep=1))
           -- dropped: n2 is down
        n1 -> MeshSend(to=n3 Record(n1#1000 ep=1))
           -- dropped: n3 is down
@1000   n2 ** start
@1000   n2 <- Retarget(ep=1 members=[n1,n2,n3] standbys=[] view=1 persisted=no)
        n2 -> MeshSend(to=n1 Record(n2#1000 ep=1))
        n2 -> MeshSend(to=n3 Record(n2#1000 ep=1))
           -- dropped: n3 is down
@1000   n3 ** start
@1000   n3 <- Retarget(ep=1 members=[n1,n2,n3] standbys=[] view=1 persisted=no)
        n3 -> MeshSend(to=n1 Record(n3#1000 ep=1))
        n3 -> MeshSend(to=n2 Record(n3#1000 ep=1))
@1010   n1 <- Deliver(from=n2 Record(n2#1000 ep=1))
        n1 -> MeshSend(to=n2 Record(n1#1000 ep=1))
        n1 -> Observe(ControlEndpointObserved n2 8.8.8.20:443)
        n1 -> MeshSend(to=n3 Record(n2#1000 ep=1))
@1010   n1 <- Deliver(from=n3 Record(n3#1000 ep=1))
        n1 -> MeshSend(to=n3 Record(n1#1000 ep=1))
        n1 -> Observe(ControlEndpointObserved n3 8.8.8.30:443)
        n1 -> MeshSend(to=n2 Record(n3#1000 ep=1))
        n1 -> MeshSend(to=n2 Advert(n1#1000 v=f3e2bf71))
        n1 -> MeshSend(to=n3 Advert(n1#1000 v=f3e2bf71))
@1010   n2 <- Deliver(from=n3 Record(n3#1000 ep=1))
        n2 -> MeshSend(to=n3 Record(n2#1000 ep=1))
        n2 -> Observe(ControlEndpointObserved n3 8.8.8.30:443)
        n2 -> MeshSend(to=n1 Record(n3#1000 ep=1))
@1020   n2 <- Deliver(from=n1 Record(n1#1000 ep=1))
        n2 -> MeshSend(to=n1 Record(n2#1000 ep=1))
        n2 -> Observe(ControlEndpointObserved n1 8.8.8.10:443)
        n2 -> MeshSend(to=n3 Record(n1#1000 ep=1))
        n2 -> MeshSend(to=n1 Advert(n2#1000 v=f3e2bf71))
        n2 -> MeshSend(to=n3 Advert(n2#1000 v=f3e2bf71))
@1020   n3 <- Deliver(from=n1 Record(n2#1000 ep=1))
        n3 -> MeshSend(to=n2 Record(n3#1000 ep=1))
        n3 -> Observe(ControlEndpointObserved n2 8.8.8.20:443)
@1020   n3 <- Deliver(from=n1 Record(n1#1000 ep=1))
        n3 -> MeshSend(to=n1 Record(n3#1000 ep=1))
        n3 -> Observe(ControlEndpointObserved n1 8.8.8.10:443)
        n3 -> MeshSend(to=n2 Record(n1#1000 ep=1))
        n3 -> MeshSend(to=n1 Advert(n3#1000 v=f3e2bf71))
        n3 -> MeshSend(to=n2 Advert(n3#1000 v=f3e2bf71))
@1020   n2 <- Deliver(from=n1 Record(n3#1000 ep=1))
@1020   n2 <- Deliver(from=n1 Advert(n1#1000 v=f3e2bf71))
        n2 -> MeshSend(to=n1 Advert(n2#1000 v=f3e2bf71))
        n2 -> MeshSend(to=n3 Advert(n1#1000 v=f3e2bf71))
@1020   n3 <- Deliver(from=n1 Advert(n1#1000 v=f3e2bf71))
        n3 -> MeshSend(to=n1 Advert(n3#1000 v=f3e2bf71))
        n3 -> MeshSend(to=n2 Advert(n1#1000 v=f3e2bf71))
@1020   n3 <- Deliver(from=n2 Record(n2#1000 ep=1))
@1020   n1 <- Deliver(from=n2 Record(n3#1000 ep=1))
@1030   n1 <- Deliver(from=n2 Record(n2#1000 ep=1))
@1030   n3 <- Deliver(from=n2 Record(n1#1000 ep=1))
@1030   n1 <- Deliver(from=n2 Advert(n2#1000 v=f3e2bf71))
        n1 -> MeshSend(to=n2 Advert(n1#1000 v=f3e2bf71))
        n1 -> MeshSend(to=n3 Advert(n2#1000 v=f3e2bf71))
@1030   n3 <- Deliver(from=n2 Advert(n2#1000 v=f3e2bf71))
        n3 -> MeshSend(to=n2 Advert(n3#1000 v=f3e2bf71))
        n3 -> MeshSend(to=n1 Advert(n2#1000 v=f3e2bf71))
        n3 -> Observe(MeshReady ep=1 v=f3e2bf71)
        n3 -> ResolveStart(req=1 peer=n2 advertised=8.8.8.20:51820)
        n3 -> MeshSend(to=n1 Request(n3->n2 #1001))
        n3 -> MeshSend(to=n2 Request(n3->n2 #1001))
@1030   n2 <- Deliver(from=n3 Record(n3#1000 ep=1))
@1030   n1 <- Deliver(from=n3 Record(n3#1000 ep=1))
@1030   n2 <- Deliver(from=n3 Record(n1#1000 ep=1))
@1030   n1 <- Deliver(from=n3 Advert(n3#1000 v=f3e2bf71))
        n1 -> MeshSend(to=n3 Advert(n1#1000 v=f3e2bf71))
        n1 -> MeshSend(to=n2 Advert(n3#1000 v=f3e2bf71))
        n1 -> Observe(MeshReady ep=1 v=f3e2bf71)
        n1 -> ResolveStart(req=1 peer=n2 advertised=8.8.8.20:51820)
        n1 -> MeshSend(to=n2 Request(n1->n2 #1001))
        n1 -> MeshSend(to=n3 Request(n1->n2 #1001))
        n1 -> ResolveStart(req=2 peer=n3 advertised=8.8.8.30:51820)
        n1 -> MeshSend(to=n2 Request(n1->n3 #1002))
        n1 -> MeshSend(to=n3 Request(n1->n3 #1002))
@1030   n2 <- Deliver(from=n3 Advert(n3#1000 v=f3e2bf71))
        n2 -> MeshSend(to=n3 Advert(n2#1000 v=f3e2bf71))
        n2 -> MeshSend(to=n1 Advert(n3#1000 v=f3e2bf71))
        n2 -> Observe(MeshReady ep=1 v=f3e2bf71)
@1030   n1 <- Deliver(from=n2 Advert(n2#1000 v=f3e2bf71))
@1030   n3 <- Deliver(from=n2 Advert(n1#1000 v=f3e2bf71))
@1030   n1 <- Deliver(from=n3 Advert(n3#1000 v=f3e2bf71))
@1030   n2 <- Deliver(from=n3 Advert(n1#1000 v=f3e2bf71))
@1040   n2 <- Deliver(from=n1 Advert(n1#1000 v=f3e2bf71))
@1040   n3 <- Deliver(from=n1 Advert(n2#1000 v=f3e2bf71))
@1040   n2 <- Deliver(from=n3 Advert(n3#1000 v=f3e2bf71))
@1040   n1 <- Deliver(from=n3 Advert(n2#1000 v=f3e2bf71))
@1040   n1 <- Deliver(from=n3 Request(n3->n2 #1001))
        n1 -> MeshSend(to=n2 Request(n3->n2 #1001))
@1040   n2 <- Deliver(from=n3 Request(n3->n2 #1001))
        n2 -> ResolveStart(req=1 peer=n3 advertised=8.8.8.30:51820)
        n2 -> MeshSend(to=n1 Response(n2->n3 req=4748d80e))
        n2 -> MeshSend(to=n3 Response(n2->n3 req=4748d80e))
@1040   n3 <- Deliver(from=n1 Advert(n1#1000 v=f3e2bf71))
@1040   n2 <- Deliver(from=n1 Advert(n3#1000 v=f3e2bf71))
@1040   n2 <- Deliver(from=n1 Request(n1->n2 #1001))
        n2 -> ResolveStart(req=2 peer=n1 advertised=8.8.8.10:51820)
        n2 -> MeshSend(to=n1 Response(n2->n1 req=1b076d26))
        n2 -> MeshSend(to=n3 Response(n2->n1 req=1b076d26))
@1040   n3 <- Deliver(from=n1 Request(n1->n2 #1001))
        n3 -> MeshSend(to=n2 Request(n1->n2 #1001))
@1040   n2 <- Deliver(from=n1 Request(n1->n3 #1002))
        n2 -> MeshSend(to=n3 Request(n1->n3 #1002))
@1040   n3 <- Deliver(from=n1 Request(n1->n3 #1002))
        n3 -> ResolveStart(req=2 peer=n1 advertised=8.8.8.10:51820)
        n3 -> MeshSend(to=n1 Response(n3->n1 req=6e981566))
        n3 -> MeshSend(to=n2 Response(n3->n1 req=6e981566))
@1040   n3 <- Deliver(from=n2 Advert(n2#1000 v=f3e2bf71))
@1040   n1 <- Deliver(from=n2 Advert(n3#1000 v=f3e2bf71))
@1050   n2 <- Deliver(from=n1 Request(n3->n2 #1001))
        n2 -> MeshSend(to=n1 Response(n2->n3 req=4748d80e))
        n2 -> MeshSend(to=n3 Response(n2->n3 req=4748d80e))
@1050   n1 <- Deliver(from=n2 Response(n2->n3 req=4748d80e))
        n1 -> MeshSend(to=n3 Response(n2->n3 req=4748d80e))
@1050   n3 <- Deliver(from=n2 Response(n2->n3 req=4748d80e))
        n3 -> MeshSend(to=n1 Ack(req=4748d80e resp=1ef68389))
        n3 -> MeshSend(to=n2 Ack(req=4748d80e resp=1ef68389))
@1050   n1 <- Deliver(from=n2 Response(n2->n1 req=1b076d26))
        n1 -> MeshSend(to=n2 Ack(req=1b076d26 resp=c35ead52))
        n1 -> MeshSend(to=n3 Ack(req=1b076d26 resp=c35ead52))
@1050   n3 <- Deliver(from=n2 Response(n2->n1 req=1b076d26))
        n3 -> MeshSend(to=n1 Response(n2->n1 req=1b076d26))
@1050   n2 <- Deliver(from=n3 Request(n1->n2 #1001))
        n2 -> MeshSend(to=n1 Response(n2->n1 req=1b076d26))
        n2 -> MeshSend(to=n3 Response(n2->n1 req=1b076d26))
@1050   n3 <- Deliver(from=n2 Request(n1->n3 #1002))
        n3 -> MeshSend(to=n1 Response(n3->n1 req=6e981566))
        n3 -> MeshSend(to=n2 Response(n3->n1 req=6e981566))
@1050   n1 <- Deliver(from=n3 Response(n3->n1 req=6e981566))
        n1 -> MeshSend(to=n2 Ack(req=6e981566 resp=dedb9eb8))
        n1 -> MeshSend(to=n3 Ack(req=6e981566 resp=dedb9eb8))
        n1 -> WgApply(req=3 up peers=[n3@8.8.8.30:51820 ka=25, n2@8.8.8.20:51820 ka=25])
@1050   n1 <- WgApplied(req=3 ok)
        n1 -> Observe(TunnelsApplied ep=1 peers=2)
@1050   n2 <- Deliver(from=n3 Response(n3->n1 req=6e981566))
        n2 -> MeshSend(to=n1 Response(n3->n1 req=6e981566))
@1060   n1 <- Deliver(from=n2 Response(n2->n3 req=4748d80e))
@1060   n3 <- Deliver(from=n2 Response(n2->n3 req=4748d80e))
        n3 -> MeshSend(to=n1 Ack(req=4748d80e resp=1ef68389))
        n3 -> MeshSend(to=n2 Ack(req=4748d80e resp=1ef68389))
@1060   n3 <- Deliver(from=n1 Response(n2->n3 req=4748d80e))
        n3 -> MeshSend(to=n1 Ack(req=4748d80e resp=1ef68389))
        n3 -> MeshSend(to=n2 Ack(req=4748d80e resp=1ef68389))
@1060   n1 <- Deliver(from=n3 Ack(req=4748d80e resp=1ef68389))
        n1 -> MeshSend(to=n2 Ack(req=4748d80e resp=1ef68389))
@1060   n2 <- Deliver(from=n3 Ack(req=4748d80e resp=1ef68389))
@1060   n2 <- Deliver(from=n1 Ack(req=1b076d26 resp=c35ead52))
        n2 -> WgApply(req=3 up peers=[n1@8.8.8.10:51820 ka=25, n3@8.8.8.30:51820 ka=25])
@1060   n2 <- WgApplied(req=3 ok)
        n2 -> Observe(TunnelsApplied ep=1 peers=2)
@1060   n3 <- Deliver(from=n1 Ack(req=1b076d26 resp=c35ead52))
        n3 -> MeshSend(to=n2 Ack(req=1b076d26 resp=c35ead52))
@1060   n1 <- Deliver(from=n3 Response(n2->n1 req=1b076d26))
        n1 -> MeshSend(to=n2 Ack(req=1b076d26 resp=c35ead52))
        n1 -> MeshSend(to=n3 Ack(req=1b076d26 resp=c35ead52))
@1060   n1 <- Deliver(from=n2 Response(n2->n1 req=1b076d26))
        n1 -> MeshSend(to=n2 Ack(req=1b076d26 resp=c35ead52))
        n1 -> MeshSend(to=n3 Ack(req=1b076d26 resp=c35ead52))
@1060   n3 <- Deliver(from=n2 Response(n2->n1 req=1b076d26))
@1060   n1 <- Deliver(from=n3 Response(n3->n1 req=6e981566))
        n1 -> MeshSend(to=n2 Ack(req=6e981566 resp=dedb9eb8))
        n1 -> MeshSend(to=n3 Ack(req=6e981566 resp=dedb9eb8))
@1060   n2 <- Deliver(from=n3 Response(n3->n1 req=6e981566))
@1060   n2 <- Deliver(from=n1 Ack(req=6e981566 resp=dedb9eb8))
        n2 -> MeshSend(to=n3 Ack(req=6e981566 resp=dedb9eb8))
@1060   n3 <- Deliver(from=n1 Ack(req=6e981566 resp=dedb9eb8))
        n3 -> WgApply(req=3 up peers=[n1@8.8.8.10:51820 ka=25, n2@8.8.8.20:51820 ka=25])
@1060   n3 <- WgApplied(req=3 ok)
        n3 -> Observe(TunnelsApplied ep=1 peers=2)
@1060   n1 <- Deliver(from=n2 Response(n3->n1 req=6e981566))
        n1 -> MeshSend(to=n2 Ack(req=6e981566 resp=dedb9eb8))
        n1 -> MeshSend(to=n3 Ack(req=6e981566 resp=dedb9eb8))
@1070   n1 <- Deliver(from=n3 Ack(req=4748d80e resp=1ef68389))
@1070   n2 <- Deliver(from=n3 Ack(req=4748d80e resp=1ef68389))
@1070   n1 <- Deliver(from=n3 Ack(req=4748d80e resp=1ef68389))
@1070   n2 <- Deliver(from=n3 Ack(req=4748d80e resp=1ef68389))
@1070   n2 <- Deliver(from=n1 Ack(req=4748d80e resp=1ef68389))
@1070   n2 <- Deliver(from=n3 Ack(req=1b076d26 resp=c35ead52))
@1070   n2 <- Deliver(from=n1 Ack(req=1b076d26 resp=c35ead52))
@1070   n3 <- Deliver(from=n1 Ack(req=1b076d26 resp=c35ead52))
@1070   n2 <- Deliver(from=n1 Ack(req=1b076d26 resp=c35ead52))
@1070   n3 <- Deliver(from=n1 Ack(req=1b076d26 resp=c35ead52))
@1070   n2 <- Deliver(from=n1 Ack(req=6e981566 resp=dedb9eb8))
@1070   n3 <- Deliver(from=n1 Ack(req=6e981566 resp=dedb9eb8))
@1070   n3 <- Deliver(from=n2 Ack(req=6e981566 resp=dedb9eb8))
@1070   n2 <- Deliver(from=n1 Ack(req=6e981566 resp=dedb9eb8))
@1070   n3 <- Deliver(from=n1 Ack(req=6e981566 resp=dedb9eb8))
@1080   n3 <- Resolved(req=1 advertised)
@1080   n1 <- Resolved(req=1 advertised)
@1080   n1 <- Resolved(req=2 advertised)
@1090   n2 <- Resolved(req=1 advertised)
@1090   n2 <- Resolved(req=2 advertised)
@1090   n3 <- Resolved(req=2 advertised)
@1090   n2 ** stop
@1090   n2 ** start
@1090   n2 <- Retarget(ep=1 members=[n1,n2,n3] standbys=[] view=40 persisted=no)
        n2 -> MeshSend(to=n1 Record(n2#1090 ep=1))
        n2 -> MeshSend(to=n3 Record(n2#1090 ep=1))
@1100   n1 <- Deliver(from=n2 Record(n2#1090 ep=1))
        n1 -> ResolveStart(req=4 peer=n2 advertised=8.8.8.21:51820)
@1100   n3 <- Deliver(from=n2 Record(n2#1090 ep=1))
        n3 -> ResolveStart(req=4 peer=n2 advertised=8.8.8.21:51820)
@1150   n1 <- Resolved(req=4 advertised)
        n1 -> WgApply(req=5 update peers=[n3@8.8.8.30:51820 ka=25, n2@8.8.8.21:51820 ka=25])
@1150   n1 <- WgApplied(req=5 ok)
        n1 -> Observe(PeerReadvertised n2)
        n1 -> MeshSend(to=n3 Record(n2#1090 ep=1))
@1150   n3 <- Resolved(req=4 advertised)
        n3 -> WgApply(req=5 update peers=[n1@8.8.8.10:51820 ka=25, n2@8.8.8.21:51820 ka=25])
@1150   n3 <- WgApplied(req=5 ok)
        n3 -> Observe(PeerReadvertised n2)
        n3 -> MeshSend(to=n1 Record(n2#1090 ep=1))
@1160   n3 <- Deliver(from=n1 Record(n2#1090 ep=1))
@1160   n1 <- Deliver(from=n3 Record(n2#1090 ep=1))
@3160   n1 <- Nudge
        n1 -> MeshSend(to=n2 Ack(req=4748d80e resp=1ef68389))
        n1 -> MeshSend(to=n3 Record(n1#1000 ep=1))
        n1 -> MeshSend(to=n3 Advert(n1#1000 v=f3e2bf71))
        n1 -> MeshSend(to=n2 Record(n1#1000 ep=1))
        n1 -> MeshSend(to=n2 Advert(n1#1000 v=f3e2bf71))
@3160   n2 <- Nudge
        n2 -> MeshSend(to=n1 Record(n2#1090 ep=1))
        n2 -> MeshSend(to=n3 Record(n2#1090 ep=1))
@3160   n3 <- Nudge
        n3 -> MeshSend(to=n2 Ack(req=1b076d26 resp=c35ead52))
        n3 -> MeshSend(to=n1 Record(n3#1000 ep=1))
        n3 -> MeshSend(to=n1 Advert(n3#1000 v=f3e2bf71))
        n3 -> MeshSend(to=n2 Record(n3#1000 ep=1))
        n3 -> MeshSend(to=n2 Advert(n3#1000 v=f3e2bf71))
@3170   n2 <- Deliver(from=n1 Ack(req=4748d80e resp=1ef68389))
@3170   n3 <- Deliver(from=n1 Record(n1#1000 ep=1))
@3170   n3 <- Deliver(from=n1 Advert(n1#1000 v=f3e2bf71))
@3170   n2 <- Deliver(from=n1 Record(n1#1000 ep=1))
        n2 -> MeshSend(to=n1 Record(n2#1090 ep=1))
        n2 -> Observe(ControlEndpointObserved n1 8.8.8.10:443)
        n2 -> MeshSend(to=n3 Record(n1#1000 ep=1))
@3170   n2 <- Deliver(from=n1 Advert(n1#1000 v=f3e2bf71))
        n2 -> MeshSend(to=n3 Advert(n1#1000 v=f3e2bf71))
@3170   n1 <- Deliver(from=n2 Record(n2#1090 ep=1))
@3170   n3 <- Deliver(from=n2 Record(n2#1090 ep=1))
@3170   n2 <- Deliver(from=n3 Ack(req=1b076d26 resp=c35ead52))
@3170   n1 <- Deliver(from=n3 Record(n3#1000 ep=1))
@3170   n1 <- Deliver(from=n3 Advert(n3#1000 v=f3e2bf71))
@3170   n2 <- Deliver(from=n3 Record(n3#1000 ep=1))
        n2 -> MeshSend(to=n3 Record(n2#1090 ep=1))
        n2 -> Observe(ControlEndpointObserved n3 8.8.8.30:443)
        n2 -> MeshSend(to=n1 Record(n3#1000 ep=1))
        n2 -> MeshSend(to=n1 Advert(n2#1090 v=d964f37a))
        n2 -> MeshSend(to=n3 Advert(n2#1090 v=d964f37a))
@3170   n2 <- Deliver(from=n3 Advert(n3#1000 v=f3e2bf71))
        n2 -> MeshSend(to=n3 Advert(n2#1090 v=d964f37a))
        n2 -> MeshSend(to=n1 Advert(n3#1000 v=f3e2bf71))
        n2 -> ResolveStart(req=1 peer=n1 advertised=8.8.8.10:51820)
        n2 -> ResolveStart(req=2 peer=n3 advertised=8.8.8.30:51820)
@3180   n1 <- Deliver(from=n2 Record(n2#1090 ep=1))
@3180   n3 <- Deliver(from=n2 Record(n1#1000 ep=1))
@3180   n3 <- Deliver(from=n2 Advert(n1#1000 v=f3e2bf71))
@3180   n3 <- Deliver(from=n2 Record(n2#1090 ep=1))
@3180   n1 <- Deliver(from=n2 Record(n3#1000 ep=1))
@3180   n1 <- Deliver(from=n2 Advert(n2#1090 v=d964f37a))
@3180   n3 <- Deliver(from=n2 Advert(n2#1090 v=d964f37a))
@3180   n3 <- Deliver(from=n2 Advert(n2#1090 v=d964f37a))
@3180   n1 <- Deliver(from=n2 Advert(n3#1000 v=f3e2bf71))
@3220   n2 <- Resolved(req=1 advertised)
@3220   n2 <- Resolved(req=2 advertised)
        n2 -> WgApply(req=3 up peers=[n1@8.8.8.10:51820 ka=25, n3@8.8.8.30:51820 ka=25])
@3220   n2 <- WgApplied(req=3 ok)
        n2 -> Observe(MeshAdopted ep=1 v=f3e2bf71 peers=2)
        n2 -> Observe(TunnelsApplied ep=1 peers=2)
@5160   n1 <- Nudge
        n1 -> MeshSend(to=n2 Ack(req=4748d80e resp=1ef68389))
@5160   n2 <- Nudge
        n2 -> MeshSend(to=n1 Record(n2#1090 ep=1))
        n2 -> MeshSend(to=n3 Record(n2#1090 ep=1))
@5160   n3 <- Nudge
        n3 -> MeshSend(to=n2 Ack(req=1b076d26 resp=c35ead52))
@5170   n2 <- Deliver(from=n1 Ack(req=4748d80e resp=1ef68389))
@5170   n1 <- Deliver(from=n2 Record(n2#1090 ep=1))
@5170   n3 <- Deliver(from=n2 Record(n2#1090 ep=1))
@5170   n2 <- Deliver(from=n3 Ack(req=1b076d26 resp=c35ead52))
