chain net#stall
n1 = seed 10 id 0632c75d wg 8.8.8.10:51820
n2 = seed 20 id 6f94ba26 wg 8.8.8.20:51820
n3 = seed 30 id 15f56b3f wg 8.8.8.30:51820
n4 = seed 40 id acc66a9c wg 8.8.8.40:51820
@1000   n1 ** start
@1000   n1 <- Retarget(ep=1 members=[n1,n2,n3] standbys=[] view=1 persisted=no)
        n1 -> MeshSend(to=n2 Record(n1#1000 ep=1))
           -- dropped: n2 is down
        n1 -> MeshSend(to=n3 Record(n1#1000 ep=1))
           -- dropped: n3 is down
@1000   n2 ** start
@1000   n2 <- Retarget(ep=1 members=[n1,n2,n3] standbys=[] view=1 persisted=no)
        n2 -> MeshSend(to=n1 Record(n2#1000 ep=1))
        n2 -> MeshSend(to=n3 Record(n2#1000 ep=1))
           -- dropped: n3 is down
@1000   n3 ** start
@1000   n3 <- Retarget(ep=1 members=[n1,n2,n3] standbys=[] view=1 persisted=no)
        n3 -> MeshSend(to=n1 Record(n3#1000 ep=1))
        n3 -> MeshSend(to=n2 Record(n3#1000 ep=1))
@1010   n1 <- Deliver(from=n2 Record(n2#1000 ep=1))
        n1 -> MeshSend(to=n2 Record(n1#1000 ep=1))
        n1 -> Observe(ControlEndpointObserved n2 8.8.8.20:443)
        n1 -> MeshSend(to=n3 Record(n2#1000 ep=1))
@1010   n1 <- Deliver(from=n3 Record(n3#1000 ep=1))
        n1 -> MeshSend(to=n3 Record(n1#1000 ep=1))
        n1 -> Observe(ControlEndpointObserved n3 8.8.8.30:443)
        n1 -> MeshSend(to=n2 Record(n3#1000 ep=1))
        n1 -> MeshSend(to=n2 Advert(n1#1000 v=a6aeee21))
        n1 -> MeshSend(to=n3 Advert(n1#1000 v=a6aeee21))
@1010   n2 <- Deliver(from=n3 Record(n3#1000 ep=1))
        n2 -> MeshSend(to=n3 Record(n2#1000 ep=1))
        n2 -> Observe(ControlEndpointObserved n3 8.8.8.30:443)
        n2 -> MeshSend(to=n1 Record(n3#1000 ep=1))
@1020   n2 <- Deliver(from=n1 Record(n1#1000 ep=1))
        n2 -> MeshSend(to=n1 Record(n2#1000 ep=1))
        n2 -> Observe(ControlEndpointObserved n1 8.8.8.10:443)
        n2 -> MeshSend(to=n3 Record(n1#1000 ep=1))
        n2 -> MeshSend(to=n1 Advert(n2#1000 v=a6aeee21))
        n2 -> MeshSend(to=n3 Advert(n2#1000 v=a6aeee21))
@1020   n3 <- Deliver(from=n1 Record(n2#1000 ep=1))
        n3 -> MeshSend(to=n2 Record(n3#1000 ep=1))
        n3 -> Observe(ControlEndpointObserved n2 8.8.8.20:443)
@1020   n3 <- Deliver(from=n1 Record(n1#1000 ep=1))
        n3 -> MeshSend(to=n1 Record(n3#1000 ep=1))
        n3 -> Observe(ControlEndpointObserved n1 8.8.8.10:443)
        n3 -> MeshSend(to=n2 Record(n1#1000 ep=1))
        n3 -> MeshSend(to=n1 Advert(n3#1000 v=a6aeee21))
        n3 -> MeshSend(to=n2 Advert(n3#1000 v=a6aeee21))
@1020   n2 <- Deliver(from=n1 Record(n3#1000 ep=1))
@1020   n2 <- Deliver(from=n1 Advert(n1#1000 v=a6aeee21))
        n2 -> MeshSend(to=n1 Advert(n2#1000 v=a6aeee21))
        n2 -> MeshSend(to=n3 Advert(n1#1000 v=a6aeee21))
@1020   n3 <- Deliver(from=n1 Advert(n1#1000 v=a6aeee21))
        n3 -> MeshSend(to=n1 Advert(n3#1000 v=a6aeee21))
        n3 -> MeshSend(to=n2 Advert(n1#1000 v=a6aeee21))
@1020   n3 <- Deliver(from=n2 Record(n2#1000 ep=1))
@1020   n1 <- Deliver(from=n2 Record(n3#1000 ep=1))
@1030   n1 <- Deliver(from=n2 Record(n2#1000 ep=1))
@1030   n3 <- Deliver(from=n2 Record(n1#1000 ep=1))
@1030   n1 <- Deliver(from=n2 Advert(n2#1000 v=a6aeee21))
        n1 -> MeshSend(to=n2 Advert(n1#1000 v=a6aeee21))
        n1 -> MeshSend(to=n3 Advert(n2#1000 v=a6aeee21))
@1030   n3 <- Deliver(from=n2 Advert(n2#1000 v=a6aeee21))
        n3 -> MeshSend(to=n2 Advert(n3#1000 v=a6aeee21))
        n3 -> MeshSend(to=n1 Advert(n2#1000 v=a6aeee21))
        n3 -> Observe(MeshReady ep=1 v=a6aeee21)
        n3 -> ResolveStart(req=1 peer=n2 advertised=8.8.8.20:51820)
        n3 -> MeshSend(to=n1 Request(n3->n2 #1001))
        n3 -> MeshSend(to=n2 Request(n3->n2 #1001))
@1030   n2 <- Deliver(from=n3 Record(n3#1000 ep=1))
@1030   n1 <- Deliver(from=n3 Record(n3#1000 ep=1))
@1030   n2 <- Deliver(from=n3 Record(n1#1000 ep=1))
@1030   n1 <- Deliver(from=n3 Advert(n3#1000 v=a6aeee21))
        n1 -> MeshSend(to=n3 Advert(n1#1000 v=a6aeee21))
        n1 -> MeshSend(to=n2 Advert(n3#1000 v=a6aeee21))
        n1 -> Observe(MeshReady ep=1 v=a6aeee21)
        n1 -> ResolveStart(req=1 peer=n2 advertised=8.8.8.20:51820)
        n1 -> MeshSend(to=n2 Request(n1->n2 #1001))
        n1 -> MeshSend(to=n3 Request(n1->n2 #1001))
        n1 -> ResolveStart(req=2 peer=n3 advertised=8.8.8.30:51820)
        n1 -> MeshSend(to=n2 Request(n1->n3 #1002))
        n1 -> MeshSend(to=n3 Request(n1->n3 #1002))
@1030   n2 <- Deliver(from=n3 Advert(n3#1000 v=a6aeee21))
        n2 -> MeshSend(to=n3 Advert(n2#1000 v=a6aeee21))
        n2 -> MeshSend(to=n1 Advert(n3#1000 v=a6aeee21))
        n2 -> Observe(MeshReady ep=1 v=a6aeee21)
@1030   n1 <- Deliver(from=n2 Advert(n2#1000 v=a6aeee21))
@1030   n3 <- Deliver(from=n2 Advert(n1#1000 v=a6aeee21))
@1030   n1 <- Deliver(from=n3 Advert(n3#1000 v=a6aeee21))
@1030   n2 <- Deliver(from=n3 Advert(n1#1000 v=a6aeee21))
@1040   n2 <- Deliver(from=n1 Advert(n1#1000 v=a6aeee21))
@1040   n3 <- Deliver(from=n1 Advert(n2#1000 v=a6aeee21))
@1040   n2 <- Deliver(from=n3 Advert(n3#1000 v=a6aeee21))
@1040   n1 <- Deliver(from=n3 Advert(n2#1000 v=a6aeee21))
@1040   n1 <- Deliver(from=n3 Request(n3->n2 #1001))
        n1 -> MeshSend(to=n2 Request(n3->n2 #1001))
@1040   n2 <- Deliver(from=n3 Request(n3->n2 #1001))
        n2 -> ResolveStart(req=1 peer=n3 advertised=8.8.8.30:51820)
        n2 -> MeshSend(to=n1 Response(n2->n3 req=a7dd6e3d))
        n2 -> MeshSend(to=n3 Response(n2->n3 req=a7dd6e3d))
@1040   n3 <- Deliver(from=n1 Advert(n1#1000 v=a6aeee21))
@1040   n2 <- Deliver(from=n1 Advert(n3#1000 v=a6aeee21))
@1040   n2 <- Deliver(from=n1 Request(n1->n2 #1001))
        n2 -> ResolveStart(req=2 peer=n1 advertised=8.8.8.10:51820)
        n2 -> MeshSend(to=n1 Response(n2->n1 req=7b9d9f4d))
        n2 -> MeshSend(to=n3 Response(n2->n1 req=7b9d9f4d))
@1040   n3 <- Deliver(from=n1 Request(n1->n2 #1001))
        n3 -> MeshSend(to=n2 Request(n1->n2 #1001))
@1040   n2 <- Deliver(from=n1 Request(n1->n3 #1002))
        n2 -> MeshSend(to=n3 Request(n1->n3 #1002))
@1040   n3 <- Deliver(from=n1 Request(n1->n3 #1002))
        n3 -> ResolveStart(req=2 peer=n1 advertised=8.8.8.10:51820)
        n3 -> MeshSend(to=n1 Response(n3->n1 req=278917fe))
        n3 -> MeshSend(to=n2 Response(n3->n1 req=278917fe))
@1040   n3 <- Deliver(from=n2 Advert(n2#1000 v=a6aeee21))
@1040   n1 <- Deliver(from=n2 Advert(n3#1000 v=a6aeee21))
@1050   n2 <- Deliver(from=n1 Request(n3->n2 #1001))
        n2 -> MeshSend(to=n1 Response(n2->n3 req=a7dd6e3d))
        n2 -> MeshSend(to=n3 Response(n2->n3 req=a7dd6e3d))
@1050   n1 <- Deliver(from=n2 Response(n2->n3 req=a7dd6e3d))
        n1 -> MeshSend(to=n3 Response(n2->n3 req=a7dd6e3d))
@1050   n3 <- Deliver(from=n2 Response(n2->n3 req=a7dd6e3d))
        n3 -> MeshSend(to=n1 Ack(req=a7dd6e3d resp=51ea0788))
        n3 -> MeshSend(to=n2 Ack(req=a7dd6e3d resp=51ea0788))
@1050   n1 <- Deliver(from=n2 Response(n2->n1 req=7b9d9f4d))
        n1 -> MeshSend(to=n2 Ack(req=7b9d9f4d resp=300af9a0))
        n1 -> MeshSend(to=n3 Ack(req=7b9d9f4d resp=300af9a0))
@1050   n3 <- Deliver(from=n2 Response(n2->n1 req=7b9d9f4d))
        n3 -> MeshSend(to=n1 Response(n2->n1 req=7b9d9f4d))
@1050   n2 <- Deliver(from=n3 Request(n1->n2 #1001))
        n2 -> MeshSend(to=n1 Response(n2->n1 req=7b9d9f4d))
        n2 -> MeshSend(to=n3 Response(n2->n1 req=7b9d9f4d))
@1050   n3 <- Deliver(from=n2 Request(n1->n3 #1002))
        n3 -> MeshSend(to=n1 Response(n3->n1 req=278917fe))
        n3 -> MeshSend(to=n2 Response(n3->n1 req=278917fe))
@1050   n1 <- Deliver(from=n3 Response(n3->n1 req=278917fe))
        n1 -> MeshSend(to=n2 Ack(req=278917fe resp=c487b97c))
        n1 -> MeshSend(to=n3 Ack(req=278917fe resp=c487b97c))
        n1 -> WgApply(req=3 up peers=[n3@8.8.8.30:51820 ka=25, n2@8.8.8.20:51820 ka=25])
@1050   n1 <- WgApplied(req=3 ok)
        n1 -> Observe(TunnelsApplied ep=1 peers=2)
@1050   n2 <- Deliver(from=n3 Response(n3->n1 req=278917fe))
        n2 -> MeshSend(to=n1 Response(n3->n1 req=278917fe))
@1060   n1 <- Deliver(from=n2 Response(n2->n3 req=a7dd6e3d))
@1060   n3 <- Deliver(from=n2 Response(n2->n3 req=a7dd6e3d))
        n3 -> MeshSend(to=n1 Ack(req=a7dd6e3d resp=51ea0788))
        n3 -> MeshSend(to=n2 Ack(req=a7dd6e3d resp=51ea0788))
@1060   n3 <- Deliver(from=n1 Response(n2->n3 req=a7dd6e3d))
        n3 -> MeshSend(to=n1 Ack(req=a7dd6e3d resp=51ea0788))
        n3 -> MeshSend(to=n2 Ack(req=a7dd6e3d resp=51ea0788))
@1060   n1 <- Deliver(from=n3 Ack(req=a7dd6e3d resp=51ea0788))
        n1 -> MeshSend(to=n2 Ack(req=a7dd6e3d resp=51ea0788))
@1060   n2 <- Deliver(from=n3 Ack(req=a7dd6e3d resp=51ea0788))
@1060   n2 <- Deliver(from=n1 Ack(req=7b9d9f4d resp=300af9a0))
        n2 -> WgApply(req=3 up peers=[n1@8.8.8.10:51820 ka=25, n3@8.8.8.30:51820 ka=25])
@1060   n2 <- WgApplied(req=3 ok)
        n2 -> Observe(TunnelsApplied ep=1 peers=2)
@1060   n3 <- Deliver(from=n1 Ack(req=7b9d9f4d resp=300af9a0))
        n3 -> MeshSend(to=n2 Ack(req=7b9d9f4d resp=300af9a0))
@1060   n1 <- Deliver(from=n3 Response(n2->n1 req=7b9d9f4d))
        n1 -> MeshSend(to=n2 Ack(req=7b9d9f4d resp=300af9a0))
        n1 -> MeshSend(to=n3 Ack(req=7b9d9f4d resp=300af9a0))
@1060   n1 <- Deliver(from=n2 Response(n2->n1 req=7b9d9f4d))
        n1 -> MeshSend(to=n2 Ack(req=7b9d9f4d resp=300af9a0))
        n1 -> MeshSend(to=n3 Ack(req=7b9d9f4d resp=300af9a0))
@1060   n3 <- Deliver(from=n2 Response(n2->n1 req=7b9d9f4d))
@1060   n1 <- Deliver(from=n3 Response(n3->n1 req=278917fe))
        n1 -> MeshSend(to=n2 Ack(req=278917fe resp=c487b97c))
        n1 -> MeshSend(to=n3 Ack(req=278917fe resp=c487b97c))
@1060   n2 <- Deliver(from=n3 Response(n3->n1 req=278917fe))
@1060   n2 <- Deliver(from=n1 Ack(req=278917fe resp=c487b97c))
        n2 -> MeshSend(to=n3 Ack(req=278917fe resp=c487b97c))
@1060   n3 <- Deliver(from=n1 Ack(req=278917fe resp=c487b97c))
        n3 -> WgApply(req=3 up peers=[n1@8.8.8.10:51820 ka=25, n2@8.8.8.20:51820 ka=25])
@1060   n3 <- WgApplied(req=3 ok)
        n3 -> Observe(TunnelsApplied ep=1 peers=2)
@1060   n1 <- Deliver(from=n2 Response(n3->n1 req=278917fe))
        n1 -> MeshSend(to=n2 Ack(req=278917fe resp=c487b97c))
        n1 -> MeshSend(to=n3 Ack(req=278917fe resp=c487b97c))
@1070   n1 <- Deliver(from=n3 Ack(req=a7dd6e3d resp=51ea0788))
@1070   n2 <- Deliver(from=n3 Ack(req=a7dd6e3d resp=51ea0788))
@1070   n1 <- Deliver(from=n3 Ack(req=a7dd6e3d resp=51ea0788))
@1070   n2 <- Deliver(from=n3 Ack(req=a7dd6e3d resp=51ea0788))
@1070   n2 <- Deliver(from=n1 Ack(req=a7dd6e3d resp=51ea0788))
@1070   n2 <- Deliver(from=n3 Ack(req=7b9d9f4d resp=300af9a0))
@1070   n2 <- Deliver(from=n1 Ack(req=7b9d9f4d resp=300af9a0))
@1070   n3 <- Deliver(from=n1 Ack(req=7b9d9f4d resp=300af9a0))
@1070   n2 <- Deliver(from=n1 Ack(req=7b9d9f4d resp=300af9a0))
@1070   n3 <- Deliver(from=n1 Ack(req=7b9d9f4d resp=300af9a0))
@1070   n2 <- Deliver(from=n1 Ack(req=278917fe resp=c487b97c))
@1070   n3 <- Deliver(from=n1 Ack(req=278917fe resp=c487b97c))
@1070   n3 <- Deliver(from=n2 Ack(req=278917fe resp=c487b97c))
@1070   n2 <- Deliver(from=n1 Ack(req=278917fe resp=c487b97c))
@1070   n3 <- Deliver(from=n1 Ack(req=278917fe resp=c487b97c))
@1080   n3 <- Resolved(req=1 advertised)
@1080   n1 <- Resolved(req=2 advertised)
@1090   n2 <- Resolved(req=1 advertised)
@1090   n2 <- Resolved(req=2 advertised)
@1090   n3 <- Resolved(req=2 advertised)
@1090   n1 <- InstallInvitePeer(token=1 peer=n4 endpoint=8.8.9.40:51820)
        n1 -> WgApply(req=4 update peers=[n3@8.8.8.30:51820 ka=25, n2@8.8.8.20:51820 ka=25, n4@8.8.9.40:51820 ka=25])
@1090   n1 <- WgApplied(req=4 ok)
        n1 -> ReplyInstall(token=1 ok)
        n1 -> Observe(InvitePeerInstalled n4)
