chain net#standby
n1 = seed 10 id 0632c75d wg 8.8.8.10:51820
n2 = seed 20 id 6f94ba26 wg 8.8.8.20:51820
n3 = seed 30 id 15f56b3f wg 8.8.8.30:51820
@1000   n1 ** start
@1000   n1 <- Retarget(ep=1 members=[n1,n2] standbys=[n3] view=1 persisted=no)
        n1 -> MeshSend(to=n2 Record(n1#1000 ep=1))
           -- dropped: n2 is down
        n1 -> MeshSend(to=n3 Record(n1#1000 ep=1))
           -- dropped: n3 is down
@1000   n2 ** start
@1000   n2 <- Retarget(ep=1 members=[n1,n2] standbys=[n3] view=1 persisted=no)
        n2 -> MeshSend(to=n1 Record(n2#1000 ep=1))
        n2 -> MeshSend(to=n3 Record(n2#1000 ep=1))
           -- dropped: n3 is down
@1000   n3 ** start
@1000   n3 <- Retarget(ep=1 members=[n1,n2] standbys=[n3] view=1 persisted=no)
        n3 -> MeshSend(to=n1 Record(n3#1000 ep=1))
        n3 -> MeshSend(to=n2 Record(n3#1000 ep=1))
@1010   n1 <- Deliver(from=n2 Record(n2#1000 ep=1))
        n1 -> MeshSend(to=n2 Record(n1#1000 ep=1))
        n1 -> Observe(ControlEndpointObserved n2 8.8.8.20:443)
        n1 -> MeshSend(to=n3 Record(n2#1000 ep=1))
        n1 -> MeshSend(to=n2 Advert(n1#1000 v=ad2ae556))
@1010   n1 <- Deliver(from=n3 Record(n3#1000 ep=1))
        n1 -> Observe(ControlEndpointObserved n3 8.8.8.30:443)
        n1 -> ResolveStart(req=1 peer=n3 advertised=8.8.8.30:51820)
@1010   n2 <- Deliver(from=n3 Record(n3#1000 ep=1))
        n2 -> Observe(ControlEndpointObserved n3 8.8.8.30:443)
        n2 -> ResolveStart(req=1 peer=n3 advertised=8.8.8.30:51820)
@1020   n2 <- Deliver(from=n1 Record(n1#1000 ep=1))
        n2 -> MeshSend(to=n1 Record(n2#1000 ep=1))
        n2 -> Observe(ControlEndpointObserved n1 8.8.8.10:443)
        n2 -> MeshSend(to=n3 Record(n1#1000 ep=1))
        n2 -> MeshSend(to=n1 Advert(n2#1000 v=ad2ae556))
@1020   n3 <- Deliver(from=n1 Record(n2#1000 ep=1))
        n3 -> Observe(ControlEndpointObserved n2 8.8.8.20:443)
        n3 -> ResolveStart(req=1 peer=n2 advertised=8.8.8.20:51820)
@1020   n2 <- Deliver(from=n1 Advert(n1#1000 v=ad2ae556))
        n2 -> MeshSend(to=n1 Advert(n2#1000 v=ad2ae556))
        n2 -> MeshSend(to=n3 Advert(n1#1000 v=ad2ae556))
        n2 -> Observe(MeshReady ep=1 v=ad2ae556)
@1030   n1 <- Deliver(from=n2 Record(n2#1000 ep=1))
@1030   n3 <- Deliver(from=n2 Record(n1#1000 ep=1))
        n3 -> Observe(ControlEndpointObserved n1 8.8.8.10:443)
        n3 -> ResolveStart(req=2 peer=n1 advertised=8.8.8.10:51820)
@1030   n1 <- Deliver(from=n2 Advert(n2#1000 v=ad2ae556))
        n1 -> MeshSend(to=n2 Advert(n1#1000 v=ad2ae556))
        n1 -> MeshSend(to=n3 Advert(n2#1000 v=ad2ae556))
        n1 -> Observe(MeshReady ep=1 v=ad2ae556)
        n1 -> ResolveStart(req=2 peer=n2 advertised=8.8.8.20:51820)
        n1 -> MeshSend(to=n2 Request(n1->n2 #1001))
@1030   n1 <- Deliver(from=n2 Advert(n2#1000 v=ad2ae556))
@1030   n3 <- Deliver(from=n2 Advert(n1#1000 v=ad2ae556))
@1040   n2 <- Deliver(from=n1 Advert(n1#1000 v=ad2ae556))
@1040   n3 <- Deliver(from=n1 Advert(n2#1000 v=ad2ae556))
@1040   n2 <- Deliver(from=n1 Request(n1->n2 #1001))
        n2 -> ResolveStart(req=2 peer=n1 advertised=8.8.8.10:51820)
        n2 -> MeshSend(to=n1 Response(n2->n1 req=1c2c2348))
@1050   n1 <- Deliver(from=n2 Response(n2->n1 req=1c2c2348))
        n1 -> MeshSend(to=n2 Ack(req=1c2c2348 resp=c53d924c))
        n1 -> WgApply(req=3 up peers=[n2@8.8.8.20:51820 ka=25])
@1050   n1 <- WgApplied(req=3 ok)
        n1 -> Observe(TunnelsApplied ep=1 peers=1)
@1060   n1 <- Resolved(req=1 advertised)
        n1 -> WgApply(req=4 update peers=[n3@8.8.8.30:51820 ka=25, n2@8.8.8.20:51820 ka=25])
@1060   n1 <- WgApplied(req=4 ok)
        n1 -> Observe(StandbyTunnelsApplied ep=1 peers=1)
        n1 -> MeshSend(to=n3 Record(n1#1000 ep=1))
        n1 -> MeshSend(to=n3 Advert(n1#1000 v=ad2ae556))
        n1 -> MeshSend(to=n2 Record(n3#1000 ep=1))
@1060   n2 <- Resolved(req=1 advertised)
        n2 -> MeshSend(to=n3 Record(n2#1000 ep=1))
        n2 -> MeshSend(to=n3 Advert(n2#1000 v=ad2ae556))
        n2 -> MeshSend(to=n1 Record(n3#1000 ep=1))
@1060   n2 <- Deliver(from=n1 Ack(req=1c2c2348 resp=c53d924c))
        n2 -> WgApply(req=3 up peers=[n1@8.8.8.10:51820 ka=25, n3@8.8.8.30:51820 ka=25])
@1060   n2 <- WgApplied(req=3 ok)
        n2 -> Observe(TunnelsApplied ep=1 peers=1)
        n2 -> Observe(StandbyTunnelsApplied ep=1 peers=1)
@1070   n3 <- Resolved(req=1 advertised)
        n3 -> WgApply(req=3 up peers=[n2@8.8.8.20:51820 ka=25])
@1070   n3 <- WgApplied(req=3 ok)
        n3 -> Observe(StandbyTunnelsApplied ep=1 peers=1)
@1070   n3 <- Deliver(from=n1 Record(n1#1000 ep=1))
@1070   n3 <- Deliver(from=n1 Advert(n1#1000 v=ad2ae556))
@1070   n2 <- Deliver(from=n1 Record(n3#1000 ep=1))
@1070   n3 <- Deliver(from=n2 Record(n2#1000 ep=1))
@1070   n3 <- Deliver(from=n2 Advert(n2#1000 v=ad2ae556))
@1070   n1 <- Deliver(from=n2 Record(n3#1000 ep=1))
@1080   n3 <- Resolved(req=2 advertised)
        n3 -> WgApply(req=4 update peers=[n1@8.8.8.10:51820 ka=25, n2@8.8.8.20:51820 ka=25])
@1080   n3 <- WgApplied(req=4 ok)
        n3 -> Observe(StandbyTunnelsApplied ep=1 peers=2)
@1080   n1 <- Resolved(req=2 advertised)
@1090   n2 <- Resolved(req=2 advertised)
@3090   n1 <- Nudge
        n1 -> MeshSend(to=n3 Record(n1#1000 ep=1))
        n1 -> MeshSend(to=n3 Record(n2#1000 ep=1))
        n1 -> MeshSend(to=n3 Advert(n1#1000 v=ad2ae556))
        n1 -> MeshSend(to=n3 Advert(n2#1000 v=ad2ae556))
        n1 -> MeshSend(to=n2 Record(n3#1000 ep=1))
        n1 -> MeshSend(to=n2 Record(n1#1000 ep=1))
        n1 -> MeshSend(to=n2 Advert(n1#1000 v=ad2ae556))
@3090   n2 <- Nudge
        n2 -> MeshSend(to=n3 Record(n1#1000 ep=1))
        n2 -> MeshSend(to=n3 Record(n2#1000 ep=1))
        n2 -> MeshSend(to=n3 Advert(n1#1000 v=ad2ae556))
        n2 -> MeshSend(to=n3 Advert(n2#1000 v=ad2ae556))
        n2 -> MeshSend(to=n1 Record(n3#1000 ep=1))
        n2 -> MeshSend(to=n1 Record(n2#1000 ep=1))
        n2 -> MeshSend(to=n1 Advert(n2#1000 v=ad2ae556))
@3090   n3 <- Nudge
        n3 -> MeshSend(to=n1 Record(n3#1000 ep=1))
        n3 -> MeshSend(to=n2 Record(n3#1000 ep=1))
@3100   n3 <- Deliver(from=n1 Record(n1#1000 ep=1))
@3100   n3 <- Deliver(from=n1 Record(n2#1000 ep=1))
@3100   n3 <- Deliver(from=n1 Advert(n1#1000 v=ad2ae556))
@3100   n3 <- Deliver(from=n1 Advert(n2#1000 v=ad2ae556))
@3100   n2 <- Deliver(from=n1 Record(n3#1000 ep=1))
@3100   n2 <- Deliver(from=n1 Record(n1#1000 ep=1))
@3100   n2 <- Deliver(from=n1 Advert(n1#1000 v=ad2ae556))
@3100   n3 <- Deliver(from=n2 Record(n1#1000 ep=1))
@3100   n3 <- Deliver(from=n2 Record(n2#1000 ep=1))
@3100   n3 <- Deliver(from=n2 Advert(n1#1000 v=ad2ae556))
@3100   n3 <- Deliver(from=n2 Advert(n2#1000 v=ad2ae556))
@3100   n1 <- Deliver(from=n2 Record(n3#1000 ep=1))
@3100   n1 <- Deliver(from=n2 Record(n2#1000 ep=1))
@3100   n1 <- Deliver(from=n2 Advert(n2#1000 v=ad2ae556))
@3100   n1 <- Deliver(from=n3 Record(n3#1000 ep=1))
@3100   n2 <- Deliver(from=n3 Record(n3#1000 ep=1))
@5090   n1 <- Nudge
        n1 -> MeshSend(to=n3 Record(n1#1000 ep=1))
        n1 -> MeshSend(to=n3 Record(n2#1000 ep=1))
        n1 -> MeshSend(to=n3 Advert(n1#1000 v=ad2ae556))
        n1 -> MeshSend(to=n3 Advert(n2#1000 v=ad2ae556))
        n1 -> MeshSend(to=n2 Record(n3#1000 ep=1))
@5090   n2 <- Nudge
        n2 -> MeshSend(to=n3 Record(n1#1000 ep=1))
        n2 -> MeshSend(to=n3 Record(n2#1000 ep=1))
        n2 -> MeshSend(to=n3 Advert(n1#1000 v=ad2ae556))
        n2 -> MeshSend(to=n3 Advert(n2#1000 v=ad2ae556))
        n2 -> MeshSend(to=n1 Record(n3#1000 ep=1))
@5090   n3 <- Nudge
        n3 -> MeshSend(to=n1 Record(n3#1000 ep=1))
        n3 -> MeshSend(to=n2 Record(n3#1000 ep=1))
@5100   n3 <- Deliver(from=n1 Record(n1#1000 ep=1))
@5100   n3 <- Deliver(from=n1 Record(n2#1000 ep=1))
@5100   n3 <- Deliver(from=n1 Advert(n1#1000 v=ad2ae556))
@5100   n3 <- Deliver(from=n1 Advert(n2#1000 v=ad2ae556))
@5100   n2 <- Deliver(from=n1 Record(n3#1000 ep=1))
@5100   n3 <- Deliver(from=n2 Record(n1#1000 ep=1))
@5100   n3 <- Deliver(from=n2 Record(n2#1000 ep=1))
@5100   n3 <- Deliver(from=n2 Advert(n1#1000 v=ad2ae556))
@5100   n3 <- Deliver(from=n2 Advert(n2#1000 v=ad2ae556))
@5100   n1 <- Deliver(from=n2 Record(n3#1000 ep=1))
@5100   n1 <- Deliver(from=n3 Record(n3#1000 ep=1))
@5100   n2 <- Deliver(from=n3 Record(n3#1000 ep=1))
@5100   n1 <- Retarget(ep=2 members=[n1,n2,n3] standbys=[] view=100 persisted=no)
        n1 -> MeshSend(to=n2 Record(n1#5100 ep=2))
        n1 -> MeshSend(to=n3 Record(n1#5100 ep=2))
@5100   n2 <- Retarget(ep=2 members=[n1,n2,n3] standbys=[] view=100 persisted=no)
        n2 -> MeshSend(to=n1 Record(n2#5100 ep=2))
        n2 -> MeshSend(to=n3 Record(n2#5100 ep=2))
@5100   n3 <- Retarget(ep=2 members=[n1,n2,n3] standbys=[] view=100 persisted=no)
        n3 -> MeshSend(to=n1 Record(n3#5100 ep=2))
        n3 -> MeshSend(to=n2 Record(n3#5100 ep=2))
@5110   n2 <- Deliver(from=n1 Record(n1#5100 ep=2))
        n2 -> MeshSend(to=n1 Record(n2#5100 ep=2))
        n2 -> MeshSend(to=n3 Record(n1#5100 ep=2))
@5110   n3 <- Deliver(from=n1 Record(n1#5100 ep=2))
        n3 -> MeshSend(to=n1 Record(n3#5100 ep=2))
        n3 -> MeshSend(to=n2 Record(n1#5100 ep=2))
@5110   n1 <- Deliver(from=n2 Record(n2#5100 ep=2))
        n1 -> MeshSend(to=n2 Record(n1#5100 ep=2))
        n1 -> MeshSend(to=n3 Record(n2#5100 ep=2))
@5110   n3 <- Deliver(from=n2 Record(n2#5100 ep=2))
        n3 -> MeshSend(to=n2 Record(n3#5100 ep=2))
        n3 -> MeshSend(to=n1 Record(n2#5100 ep=2))
        n3 -> MeshSend(to=n1 Advert(n3#5100 v=a67281b9))
        n3 -> MeshSend(to=n2 Advert(n3#5100 v=a67281b9))
@5110   n1 <- Deliver(from=n3 Record(n3#5100 ep=2))
        n1 -> MeshSend(to=n3 Record(n1#5100 ep=2))
        n1 -> MeshSend(to=n2 Record(n3#5100 ep=2))
        n1 -> MeshSend(to=n2 Advert(n1#5100 v=a67281b9))
        n1 -> MeshSend(to=n3 Advert(n1#5100 v=a67281b9))
@5110   n2 <- Deliver(from=n3 Record(n3#5100 ep=2))
        n2 -> MeshSend(to=n3 Record(n2#5100 ep=2))
        n2 -> MeshSend(to=n1 Record(n3#5100 ep=2))
        n2 -> MeshSend(to=n1 Advert(n2#5100 v=a67281b9))
        n2 -> MeshSend(to=n3 Advert(n2#5100 v=a67281b9))
@5120   n1 <- Deliver(from=n2 Record(n2#5100 ep=2))
@5120   n3 <- Deliver(from=n2 Record(n1#5100 ep=2))
@5120   n1 <- Deliver(from=n3 Record(n3#5100 ep=2))
@5120   n2 <- Deliver(from=n3 Record(n1#5100 ep=2))
@5120   n2 <- Deliver(from=n1 Record(n1#5100 ep=2))
@5120   n3 <- Deliver(from=n1 Record(n2#5100 ep=2))
@5120   n2 <- Deliver(from=n3 Record(n3#5100 ep=2))
@5120   n1 <- Deliver(from=n3 Record(n2#5100 ep=2))
@5120   n1 <- Deliver(from=n3 Advert(n3#5100 v=a67281b9))
        n1 -> MeshSend(to=n3 Advert(n1#5100 v=a67281b9))
        n1 -> MeshSend(to=n2 Advert(n3#5100 v=a67281b9))
@5120   n2 <- Deliver(from=n3 Advert(n3#5100 v=a67281b9))
        n2 -> MeshSend(to=n3 Advert(n2#5100 v=a67281b9))
        n2 -> MeshSend(to=n1 Advert(n3#5100 v=a67281b9))
@5120   n3 <- Deliver(from=n1 Record(n1#5100 ep=2))
@5120   n2 <- Deliver(from=n1 Record(n3#5100 ep=2))
@5120   n2 <- Deliver(from=n1 Advert(n1#5100 v=a67281b9))
        n2 -> MeshSend(to=n1 Advert(n2#5100 v=a67281b9))
        n2 -> MeshSend(to=n3 Advert(n1#5100 v=a67281b9))
        n2 -> Observe(MeshReady ep=2 v=a67281b9)
@5120   n3 <- Deliver(from=n1 Advert(n1#5100 v=a67281b9))
        n3 -> MeshSend(to=n1 Advert(n3#5100 v=a67281b9))
        n3 -> MeshSend(to=n2 Advert(n1#5100 v=a67281b9))
@5120   n3 <- Deliver(from=n2 Record(n2#5100 ep=2))
@5120   n1 <- Deliver(from=n2 Record(n3#5100 ep=2))
@5120   n1 <- Deliver(from=n2 Advert(n2#5100 v=a67281b9))
        n1 -> MeshSend(to=n2 Advert(n1#5100 v=a67281b9))
        n1 -> MeshSend(to=n3 Advert(n2#5100 v=a67281b9))
        n1 -> Observe(MeshReady ep=2 v=a67281b9)
        n1 -> ResolveStart(req=5 peer=n2 advertised=8.8.8.20:51820)
        n1 -> MeshSend(to=n2 Request(n1->n2 #5101))
        n1 -> MeshSend(to=n3 Request(n1->n2 #5101))
        n1 -> ResolveStart(req=6 peer=n3 advertised=8.8.8.30:51820)
        n1 -> MeshSend(to=n2 Request(n1->n3 #5102))
        n1 -> MeshSend(to=n3 Request(n1->n3 #5102))
@5120   n3 <- Deliver(from=n2 Advert(n2#5100 v=a67281b9))
        n3 -> MeshSend(to=n2 Advert(n3#5100 v=a67281b9))
        n3 -> MeshSend(to=n1 Advert(n2#5100 v=a67281b9))
        n3 -> Observe(MeshReady ep=2 v=a67281b9)
        n3 -> ResolveStart(req=5 peer=n2 advertised=8.8.8.20:51820)
        n3 -> MeshSend(to=n1 Request(n3->n2 #5101))
        n3 -> MeshSend(to=n2 Request(n3->n2 #5101))
@5130   n3 <- Deliver(from=n1 Advert(n1#5100 v=a67281b9))
@5130   n2 <- Deliver(from=n1 Advert(n3#5100 v=a67281b9))
@5130   n3 <- Deliver(from=n2 Advert(n2#5100 v=a67281b9))
@5130   n1 <- Deliver(from=n2 Advert(n3#5100 v=a67281b9))
@5130   n1 <- Deliver(from=n2 Advert(n2#5100 v=a67281b9))
@5130   n3 <- Deliver(from=n2 Advert(n1#5100 v=a67281b9))
@5130   n1 <- Deliver(from=n3 Advert(n3#5100 v=a67281b9))
@5130   n2 <- Deliver(from=n3 Advert(n1#5100 v=a67281b9))
@5130   n2 <- Deliver(from=n1 Advert(n1#5100 v=a67281b9))
@5130   n3 <- Deliver(from=n1 Advert(n2#5100 v=a67281b9))
@5130   n2 <- Deliver(from=n1 Request(n1->n2 #5101))
        n2 -> ResolveStart(req=4 peer=n1 advertised=8.8.8.10:51820)
        n2 -> MeshSend(to=n1 Response(n2->n1 req=657c608b))
        n2 -> MeshSend(to=n3 Response(n2->n1 req=657c608b))
@5130   n3 <- Deliver(from=n1 Request(n1->n2 #5101))
        n3 -> MeshSend(to=n2 Request(n1->n2 #5101))
@5130   n2 <- Deliver(from=n1 Request(n1->n3 #5102))
        n2 -> MeshSend(to=n3 Request(n1->n3 #5102))
@5130   n3 <- Deliver(from=n1 Request(n1->n3 #5102))
        n3 -> ResolveStart(req=6 peer=n1 advertised=8.8.8.10:51820)
        n3 -> MeshSend(to=n1 Response(n3->n1 req=76aec8e6))
        n3 -> MeshSend(to=n2 Response(n3->n1 req=76aec8e6))
@5130   n2 <- Deliver(from=n3 Advert(n3#5100 v=a67281b9))
@5130   n1 <- Deliver(from=n3 Advert(n2#5100 v=a67281b9))
@5130   n1 <- Deliver(from=n3 Request(n3->n2 #5101))
        n1 -> MeshSend(to=n2 Request(n3->n2 #5101))
@5130   n2 <- Deliver(from=n3 Request(n3->n2 #5101))
        n2 -> ResolveStart(req=5 peer=n3 advertised=8.8.8.30:51820)
        n2 -> MeshSend(to=n1 Response(n2->n3 req=99ca354c))
        n2 -> MeshSend(to=n3 Response(n2->n3 req=99ca354c))
@5140   n1 <- Deliver(from=n2 Response(n2->n1 req=657c608b))
        n1 -> MeshSend(to=n2 Ack(req=657c608b resp=cfd927dd))
        n1 -> MeshSend(to=n3 Ack(req=657c608b resp=cfd927dd))
@5140   n3 <- Deliver(from=n2 Response(n2->n1 req=657c608b))
        n3 -> MeshSend(to=n1 Response(n2->n1 req=657c608b))
@5140   n2 <- Deliver(from=n3 Request(n1->n2 #5101))
        n2 -> MeshSend(to=n1 Response(n2->n1 req=657c608b))
        n2 -> MeshSend(to=n3 Response(n2->n1 req=657c608b))
@5140   n3 <- Deliver(from=n2 Request(n1->n3 #5102))
        n3 -> MeshSend(to=n1 Response(n3->n1 req=76aec8e6))
        n3 -> MeshSend(to=n2 Response(n3->n1 req=76aec8e6))
@5140   n1 <- Deliver(from=n3 Response(n3->n1 req=76aec8e6))
        n1 -> MeshSend(to=n2 Ack(req=76aec8e6 resp=d3252c7c))
        n1 -> MeshSend(to=n3 Ack(req=76aec8e6 resp=d3252c7c))
        n1 -> WgApply(req=7 update peers=[n3@8.8.8.30:51820 ka=25, n2@8.8.8.20:51820 ka=25])
@5140   n1 <- WgApplied(req=7 ok)
        n1 -> Observe(TunnelsApplied ep=2 peers=2)
@5140   n2 <- Deliver(from=n3 Response(n3->n1 req=76aec8e6))
        n2 -> MeshSend(to=n1 Response(n3->n1 req=76aec8e6))
@5140   n2 <- Deliver(from=n1 Request(n3->n2 #5101))
        n2 -> MeshSend(to=n1 Response(n2->n3 req=99ca354c))
        n2 -> MeshSend(to=n3 Response(n2->n3 req=99ca354c))
@5140   n1 <- Deliver(from=n2 Response(n2->n3 req=99ca354c))
        n1 -> MeshSend(to=n3 Response(n2->n3 req=99ca354c))
@5140   n3 <- Deliver(from=n2 Response(n2->n3 req=99ca354c))
        n3 -> MeshSend(to=n1 Ack(req=99ca354c resp=22d88b1e))
        n3 -> MeshSend(to=n2 Ack(req=99ca354c resp=22d88b1e))
@5150   n2 <- Deliver(from=n1 Ack(req=657c608b resp=cfd927dd))
@5150   n3 <- Deliver(from=n1 Ack(req=657c608b resp=cfd927dd))
        n3 -> MeshSend(to=n2 Ack(req=657c608b resp=cfd927dd))
@5150   n1 <- Deliver(from=n3 Response(n2->n1 req=657c608b))
        n1 -> MeshSend(to=n2 Ack(req=657c608b resp=cfd927dd))
        n1 -> MeshSend(to=n3 Ack(req=657c608b resp=cfd927dd))
@5150   n1 <- Deliver(from=n2 Response(n2->n1 req=657c608b))
        n1 -> MeshSend(to=n2 Ack(req=657c608b resp=cfd927dd))
        n1 -> MeshSend(to=n3 Ack(req=657c608b resp=cfd927dd))
@5150   n3 <- Deliver(from=n2 Response(n2->n1 req=657c608b))
@5150   n1 <- Deliver(from=n3 Response(n3->n1 req=76aec8e6))
        n1 -> MeshSend(to=n2 Ack(req=76aec8e6 resp=d3252c7c))
        n1 -> MeshSend(to=n3 Ack(req=76aec8e6 resp=d3252c7c))
@5150   n2 <- Deliver(from=n3 Response(n3->n1 req=76aec8e6))
@5150   n2 <- Deliver(from=n1 Ack(req=76aec8e6 resp=d3252c7c))
        n2 -> MeshSend(to=n3 Ack(req=76aec8e6 resp=d3252c7c))
@5150   n3 <- Deliver(from=n1 Ack(req=76aec8e6 resp=d3252c7c))
        n3 -> WgApply(req=7 update peers=[n1@8.8.8.10:51820 ka=25, n2@8.8.8.20:51820 ka=25])
@5150   n3 <- WgApplied(req=7 ok)
        n3 -> Observe(TunnelsApplied ep=2 peers=2)
@5150   n1 <- Deliver(from=n2 Response(n3->n1 req=76aec8e6))
        n1 -> MeshSend(to=n2 Ack(req=76aec8e6 resp=d3252c7c))
        n1 -> MeshSend(to=n3 Ack(req=76aec8e6 resp=d3252c7c))
@5150   n1 <- Deliver(from=n2 Response(n2->n3 req=99ca354c))
@5150   n3 <- Deliver(from=n2 Response(n2->n3 req=99ca354c))
        n3 -> MeshSend(to=n1 Ack(req=99ca354c resp=22d88b1e))
        n3 -> MeshSend(to=n2 Ack(req=99ca354c resp=22d88b1e))
@5150   n3 <- Deliver(from=n1 Response(n2->n3 req=99ca354c))
        n3 -> MeshSend(to=n1 Ack(req=99ca354c resp=22d88b1e))
        n3 -> MeshSend(to=n2 Ack(req=99ca354c resp=22d88b1e))
@5150   n1 <- Deliver(from=n3 Ack(req=99ca354c resp=22d88b1e))
        n1 -> MeshSend(to=n2 Ack(req=99ca354c resp=22d88b1e))
@5150   n2 <- Deliver(from=n3 Ack(req=99ca354c resp=22d88b1e))
        n2 -> WgApply(req=6 update peers=[n1@8.8.8.10:51820 ka=25, n3@8.8.8.30:51820 ka=25])
@5150   n2 <- WgApplied(req=6 ok)
        n2 -> Observe(TunnelsApplied ep=2 peers=2)
@5160   n2 <- Deliver(from=n3 Ack(req=657c608b resp=cfd927dd))
@5160   n2 <- Deliver(from=n1 Ack(req=657c608b resp=cfd927dd))
@5160   n3 <- Deliver(from=n1 Ack(req=657c608b resp=cfd927dd))
@5160   n2 <- Deliver(from=n1 Ack(req=657c608b resp=cfd927dd))
@5160   n3 <- Deliver(from=n1 Ack(req=657c608b resp=cfd927dd))
@5160   n2 <- Deliver(from=n1 Ack(req=76aec8e6 resp=d3252c7c))
@5160   n3 <- Deliver(from=n1 Ack(req=76aec8e6 resp=d3252c7c))
@5160   n3 <- Deliver(from=n2 Ack(req=76aec8e6 resp=d3252c7c))
@5160   n2 <- Deliver(from=n1 Ack(req=76aec8e6 resp=d3252c7c))
@5160   n3 <- Deliver(from=n1 Ack(req=76aec8e6 resp=d3252c7c))
@5160   n1 <- Deliver(from=n3 Ack(req=99ca354c resp=22d88b1e))
@5160   n2 <- Deliver(from=n3 Ack(req=99ca354c resp=22d88b1e))
@5160   n1 <- Deliver(from=n3 Ack(req=99ca354c resp=22d88b1e))
@5160   n2 <- Deliver(from=n3 Ack(req=99ca354c resp=22d88b1e))
@5160   n2 <- Deliver(from=n1 Ack(req=99ca354c resp=22d88b1e))
@5170   n1 <- Resolved(req=5 advertised)
@5170   n1 <- Resolved(req=6 advertised)
@5170   n3 <- Resolved(req=5 advertised)
@5180   n2 <- Resolved(req=4 advertised)
@5180   n3 <- Resolved(req=6 advertised)
@5180   n2 <- Resolved(req=5 advertised)
@7180   n1 <- Nudge
        n1 -> MeshSend(to=n2 Ack(req=99ca354c resp=22d88b1e))
        n1 -> MeshSend(to=n3 Record(n1#5100 ep=2))
        n1 -> MeshSend(to=n3 Advert(n1#5100 v=a67281b9))
        n1 -> MeshSend(to=n2 Record(n1#5100 ep=2))
        n1 -> MeshSend(to=n2 Advert(n1#5100 v=a67281b9))
@7180   n2 <- Nudge
        n2 -> MeshSend(to=n3 Ack(req=76aec8e6 resp=d3252c7c))
        n2 -> MeshSend(to=n1 Record(n2#5100 ep=2))
        n2 -> MeshSend(to=n1 Advert(n2#5100 v=a67281b9))
        n2 -> MeshSend(to=n3 Record(n2#5100 ep=2))
        n2 -> MeshSend(to=n3 Advert(n2#5100 v=a67281b9))
@7180   n3 <- Nudge
        n3 -> MeshSend(to=n2 Ack(req=657c608b resp=cfd927dd))
        n3 -> MeshSend(to=n1 Record(n3#5100 ep=2))
        n3 -> MeshSend(to=n1 Advert(n3#5100 v=a67281b9))
        n3 -> MeshSend(to=n2 Record(n3#5100 ep=2))
        n3 -> MeshSend(to=n2 Advert(n3#5100 v=a67281b9))
@7190   n2 <- Deliver(from=n1 Ack(req=99ca354c resp=22d88b1e))
@7190   n3 <- Deliver(from=n1 Record(n1#5100 ep=2))
@7190   n3 <- Deliver(from=n1 Advert(n1#5100 v=a67281b9))
@7190   n2 <- Deliver(from=n1 Record(n1#5100 ep=2))
@7190   n2 <- Deliver(from=n1 Advert(n1#5100 v=a67281b9))
@7190   n3 <- Deliver(from=n2 Ack(req=76aec8e6 resp=d3252c7c))
@7190   n1 <- Deliver(from=n2 Record(n2#5100 ep=2))
@7190   n1 <- Deliver(from=n2 Advert(n2#5100 v=a67281b9))
@7190   n3 <- Deliver(from=n2 Record(n2#5100 ep=2))
@7190   n3 <- Deliver(from=n2 Advert(n2#5100 v=a67281b9))
@7190   n2 <- Deliver(from=n3 Ack(req=657c608b resp=cfd927dd))
@7190   n1 <- Deliver(from=n3 Record(n3#5100 ep=2))
@7190   n1 <- Deliver(from=n3 Advert(n3#5100 v=a67281b9))
@7190   n2 <- Deliver(from=n3 Record(n3#5100 ep=2))
@7190   n2 <- Deliver(from=n3 Advert(n3#5100 v=a67281b9))
@9180   n1 <- Nudge
        n1 -> MeshSend(to=n2 Ack(req=99ca354c resp=22d88b1e))
@9180   n2 <- Nudge
        n2 -> MeshSend(to=n3 Ack(req=76aec8e6 resp=d3252c7c))
@9180   n3 <- Nudge
        n3 -> MeshSend(to=n2 Ack(req=657c608b resp=cfd927dd))
@9190   n2 <- Deliver(from=n1 Ack(req=99ca354c resp=22d88b1e))
@9190   n3 <- Deliver(from=n2 Ack(req=76aec8e6 resp=d3252c7c))
@9190   n2 <- Deliver(from=n3 Ack(req=657c608b resp=cfd927dd))
